../Modules/Probe/voltage_current_probe.c:119:6:Probe_Init	8	static
../Modules/Probe/voltage_current_probe.c:126:6:Probe_Handle	4	static
../Modules/Probe/voltage_current_probe.c:134:6:Probe_InitHAL	8	static
../Modules/Probe/voltage_current_probe.c:143:20:Filter_Reset	16	static
../Modules/Probe/voltage_current_probe.c:152:24:Filter_Step	32	static
../Modules/Probe/voltage_current_probe.c:192:6:StartAdcMeasurement	8	static
../Modules/Probe/voltage_current_probe.c:209:20:Capture_HandleSample	32	static
../Modules/Probe/voltage_current_probe.c:275:6:ProcessMotorSteps	16	static
../Modules/Probe/voltage_current_probe.c:282:6:HAL_ADC_ConvCpltCallback	16	static
