../Modules/Probe/voltage_current_probe.c:156:6:Probe_Init	8	static
../Modules/Probe/voltage_current_probe.c:163:6:Probe_Handle	4	static
../Modules/Probe/voltage_current_probe.c:171:6:Probe_InitHAL	8	static
../Modules/Probe/voltage_current_probe.c:179:20:AngleBufferFIFO_Reset	16	static
../Modules/Probe/voltage_current_probe.c:185:20:AngleBufferFIFO_Add	24	static
../Modules/Probe/voltage_current_probe.c:210:23:Detect_RotationDirection	24	static
../Modules/Probe/voltage_current_probe.c:228:20:Filter_Reset	16	static
../Modules/Probe/voltage_current_probe.c:237:24:Filter_Step	32	static
../Modules/Probe/voltage_current_probe.c:278:6:StartAdcMeasurement	8	static
../Modules/Probe/voltage_current_probe.c:294:23:Detect_Step	24	static
../Modules/Probe/voltage_current_probe.c:317:13:StepCounter_Update	24	static
../Modules/Probe/voltage_current_probe.c:341:20:Capture_HandleSample	32	static
../Modules/Probe/voltage_current_probe.c:414:6:ProcessMotorSteps	16	static
../Modules/Probe/voltage_current_probe.c:419:6:HAL_ADC_ConvCpltCallback	16	static
../Modules/Probe/voltage_current_probe.c:428:6:HAL_GPIO_EXTI_Callback	16	static
