../Modules/Probe/voltage_current_probe.c:144:6:Probe_Init	8	static
../Modules/Probe/voltage_current_probe.c:168:6:Probe_InitHAL	8	static
../Modules/Probe/voltage_current_probe.c:176:20:AngleBufferFIFO_Reset	16	static
../Modules/Probe/voltage_current_probe.c:181:20:AngleBufferFIFO_Add	24	static
../Modules/Probe/voltage_current_probe.c:204:23:Detect_RotationDirection	24	static
../Modules/Probe/voltage_current_probe.c:220:20:Filter_Reset	16	static
../Modules/Probe/voltage_current_probe.c:229:24:Filter_Step	32	static
../Modules/Probe/voltage_current_probe.c:270:20:Motor_HandleSample	32	static
../Modules/Probe/voltage_current_probe.c:285:13:StepCounter_Update	24	static
../Modules/Probe/voltage_current_probe.c:304:23:Check_CurrentZero	24	static
../Modules/Probe/voltage_current_probe.c:316:13:VoltageBuffer_Start	4	static
../Modules/Probe/voltage_current_probe.c:322:13:VoltageBuffer_AddU1	16	static
../Modules/Probe/voltage_current_probe.c:334:13:VoltageBuffer_AddU2	16	static
../Modules/Probe/voltage_current_probe.c:347:13:Motor_StepDetectionAndUpdate	24	static
../Modules/Probe/voltage_current_probe.c:390:6:StartAdcMeasurement	8	static
../Modules/Probe/voltage_current_probe.c:405:6:DirCurrentDetection	4	static
../Modules/Probe/voltage_current_probe.c:442:20:Capture_HandleSample	24	static
../Modules/Probe/voltage_current_probe.c:531:6:HAL_ADC_ConvCpltCallback	16	static
../Modules/Probe/voltage_current_probe.c:540:6:HAL_GPIO_EXTI_Callback	16	static
