../Modules/Probe/voltage_current_probe.c:142:6:Probe_Init	8	static
../Modules/Probe/voltage_current_probe.c:166:6:Probe_InitHAL	8	static
../Modules/Probe/voltage_current_probe.c:174:20:AngleBufferFIFO_Reset	16	static
../Modules/Probe/voltage_current_probe.c:179:20:AngleBufferFIFO_Add	24	static
../Modules/Probe/voltage_current_probe.c:202:23:Detect_RotationDirection	24	static
../Modules/Probe/voltage_current_probe.c:218:20:Filter_Reset	16	static
../Modules/Probe/voltage_current_probe.c:227:24:Filter_Step	32	static
../Modules/Probe/voltage_current_probe.c:268:20:Motor_HandleSample	32	static
../Modules/Probe/voltage_current_probe.c:283:13:StepCounter_Update	24	static
../Modules/Probe/voltage_current_probe.c:302:23:Check_CurrentZero	24	static
../Modules/Probe/voltage_current_probe.c:312:20:VoltageBuffer_Reset	16	static
../Modules/Probe/voltage_current_probe.c:318:20:VoltageBuffer_Add	16	static
../Modules/Probe/voltage_current_probe.c:328:13:VoltageBuffer_Average	40	static
../Modules/Probe/voltage_current_probe.c:351:13:Motor_StepDetectionAndUpdate	32	static
../Modules/Probe/voltage_current_probe.c:401:6:StartAdcMeasurement	8	static
../Modules/Probe/voltage_current_probe.c:418:20:Capture_HandleSample	24	static
../Modules/Probe/voltage_current_probe.c:506:6:HAL_ADC_ConvCpltCallback	16	static
../Modules/Probe/voltage_current_probe.c:515:6:HAL_GPIO_EXTI_Callback	16	static
