../Modules/Probe/voltage_current_probe.c:176:6:Probe_Init	8	static
../Modules/Probe/voltage_current_probe.c:200:6:Probe_InitHAL	8	static
../Modules/Probe/voltage_current_probe.c:208:20:AngleBufferFIFO_Reset	16	static
../Modules/Probe/voltage_current_probe.c:213:20:AngleBufferFIFO_Add	24	static
../Modules/Probe/voltage_current_probe.c:236:23:Detect_RotationDirection	24	static
../Modules/Probe/voltage_current_probe.c:252:20:Filter_Reset	16	static
../Modules/Probe/voltage_current_probe.c:261:24:Filter_Step	32	static
../Modules/Probe/voltage_current_probe.c:302:20:Motor_HandleSample	32	static
../Modules/Probe/voltage_current_probe.c:317:13:StepCounter_Update	24	static
../Modules/Probe/voltage_current_probe.c:359:13:VoltageBuffer_Reset	16	static
../Modules/Probe/voltage_current_probe.c:374:13:OnCurrentZeroCrossing	24	static
../Modules/Probe/voltage_current_probe.c:476:6:ProcessVoltageBufferU1	24	static
../Modules/Probe/voltage_current_probe.c:494:6:ProcessVoltageBufferU2	24	static
../Modules/Probe/voltage_current_probe.c:519:6:VoltageBuffer_Task	8	static
../Modules/Probe/voltage_current_probe.c:533:16:AvgFifo_Add	56	static
../Modules/Probe/voltage_current_probe.c:564:13:Voltage_avg_process	32	static
../Modules/Probe/voltage_current_probe.c:607:13:Motor_StallVoltageCheck	128	static
../Modules/Probe/voltage_current_probe.c:681:13:Motor_StepDetectionAndUpdate	24	static
../Modules/Probe/voltage_current_probe.c:725:6:Probe_WriteToSharedMemory	4	static
../Modules/Probe/voltage_current_probe.c:732:6:StartAdcMeasurement	8	static
../Modules/Probe/voltage_current_probe.c:748:6:DirCurrentDetection	16	static
../Modules/Probe/voltage_current_probe.c:776:20:Capture_HandleSample	24	static
../Modules/Probe/voltage_current_probe.c:883:6:HAL_ADC_ConvCpltCallback	16	static
../Modules/Probe/voltage_current_probe.c:892:6:HAL_GPIO_EXTI_Callback	16	static
