../Modules/Probe/voltage_current_probe.c:182:6:Probe_Init	8	static
../Modules/Probe/voltage_current_probe.c:206:6:Probe_InitHAL	8	static
../Modules/Probe/voltage_current_probe.c:214:20:AngleBufferFIFO_Reset	16	static
../Modules/Probe/voltage_current_probe.c:219:20:AngleBufferFIFO_Add	24	static
../Modules/Probe/voltage_current_probe.c:242:23:Detect_RotationDirection	24	static
../Modules/Probe/voltage_current_probe.c:258:20:Filter_Reset	16	static
../Modules/Probe/voltage_current_probe.c:267:24:Filter_Step	32	static
../Modules/Probe/voltage_current_probe.c:308:20:Motor_HandleSample	32	static
../Modules/Probe/voltage_current_probe.c:323:13:StepCounter_Update	24	static
../Modules/Probe/voltage_current_probe.c:365:13:VoltageBuffer_Reset	16	static
../Modules/Probe/voltage_current_probe.c:380:13:OnCurrentZeroCrossing	24	static
../Modules/Probe/voltage_current_probe.c:482:6:ProcessVoltageBufferU1	24	static
../Modules/Probe/voltage_current_probe.c:500:6:ProcessVoltageBufferU2	24	static
../Modules/Probe/voltage_current_probe.c:525:6:VoltageBuffer_Task	8	static
../Modules/Probe/voltage_current_probe.c:539:16:AvgFifo_Add	56	static
../Modules/Probe/voltage_current_probe.c:570:13:Voltage_avg_process	32	static
../Modules/Probe/voltage_current_probe.c:613:13:Motor_StallVoltageCheck	128	static
../Modules/Probe/voltage_current_probe.c:687:13:Motor_StepDetectionAndUpdate	24	static
../Modules/Probe/voltage_current_probe.c:731:6:Probe_WriteToSharedMemory	4	static
../Modules/Probe/voltage_current_probe.c:739:6:StartAdcMeasurement	8	static
../Modules/Probe/voltage_current_probe.c:755:6:DirCurrentDetection	16	static
../Modules/Probe/voltage_current_probe.c:783:20:Capture_HandleSample	24	static
../Modules/Probe/voltage_current_probe.c:890:6:HAL_ADC_ConvCpltCallback	16	static
../Modules/Probe/voltage_current_probe.c:899:6:HAL_GPIO_EXTI_Callback	16	static
