../Modules/Probe/voltage_current_probe.c:146:6:Probe_Init	8	static
../Modules/Probe/voltage_current_probe.c:170:6:Probe_InitHAL	8	static
../Modules/Probe/voltage_current_probe.c:178:20:AngleBufferFIFO_Reset	16	static
../Modules/Probe/voltage_current_probe.c:183:20:AngleBufferFIFO_Add	24	static
../Modules/Probe/voltage_current_probe.c:206:23:Detect_RotationDirection	24	static
../Modules/Probe/voltage_current_probe.c:222:20:Filter_Reset	16	static
../Modules/Probe/voltage_current_probe.c:231:24:Filter_Step	32	static
../Modules/Probe/voltage_current_probe.c:272:20:Motor_HandleSample	32	static
../Modules/Probe/voltage_current_probe.c:287:13:StepCounter_Update	24	static
../Modules/Probe/voltage_current_probe.c:306:23:Check_CurrentZero	24	static
../Modules/Probe/voltage_current_probe.c:327:13:VoltageBuffer_StartU1	4	static
../Modules/Probe/voltage_current_probe.c:333:13:VoltageBuffer_StartU2	4	static
../Modules/Probe/voltage_current_probe.c:339:13:VoltageBuffer_AddU1	16	static
../Modules/Probe/voltage_current_probe.c:349:13:VoltageBuffer_AddU2	16	static
../Modules/Probe/voltage_current_probe.c:361:13:Motor_StepDetectionAndUpdate	24	static
../Modules/Probe/voltage_current_probe.c:405:6:StartAdcMeasurement	8	static
../Modules/Probe/voltage_current_probe.c:420:6:DirCurrentDetection	4	static
../Modules/Probe/voltage_current_probe.c:457:20:Capture_HandleSample	24	static
../Modules/Probe/voltage_current_probe.c:546:6:HAL_ADC_ConvCpltCallback	16	static
../Modules/Probe/voltage_current_probe.c:555:6:HAL_GPIO_EXTI_Callback	16	static
