../Modules/Probe/voltage_current_probe.c:174:6:Probe_Init	8	static
../Modules/Probe/voltage_current_probe.c:198:6:Probe_InitHAL	8	static
../Modules/Probe/voltage_current_probe.c:206:20:AngleBufferFIFO_Reset	16	static
../Modules/Probe/voltage_current_probe.c:211:20:AngleBufferFIFO_Add	24	static
../Modules/Probe/voltage_current_probe.c:234:23:Detect_RotationDirection	24	static
../Modules/Probe/voltage_current_probe.c:250:20:Filter_Reset	16	static
../Modules/Probe/voltage_current_probe.c:259:24:Filter_Step	32	static
../Modules/Probe/voltage_current_probe.c:300:20:Motor_HandleSample	32	static
../Modules/Probe/voltage_current_probe.c:315:13:StepCounter_Update	24	static
../Modules/Probe/voltage_current_probe.c:357:13:VoltageBuffer_Reset	16	static
../Modules/Probe/voltage_current_probe.c:372:13:OnCurrentZeroCrossing	24	static
../Modules/Probe/voltage_current_probe.c:474:6:ProcessVoltageBufferU1	24	static
../Modules/Probe/voltage_current_probe.c:492:6:ProcessVoltageBufferU2	24	static
../Modules/Probe/voltage_current_probe.c:517:6:VoltageBuffer_Task	8	static
../Modules/Probe/voltage_current_probe.c:531:16:AvgFifo_Add	56	static
../Modules/Probe/voltage_current_probe.c:562:13:Voltage_avg_process	32	static
../Modules/Probe/voltage_current_probe.c:605:13:Motor_StallVoltageCheck	128	static
../Modules/Probe/voltage_current_probe.c:679:13:Motor_StepDetectionAndUpdate	24	static
../Modules/Probe/voltage_current_probe.c:725:6:StartAdcMeasurement	8	static
../Modules/Probe/voltage_current_probe.c:741:6:DirCurrentDetection	16	static
../Modules/Probe/voltage_current_probe.c:769:20:Capture_HandleSample	24	static
../Modules/Probe/voltage_current_probe.c:875:6:HAL_ADC_ConvCpltCallback	16	static
../Modules/Probe/voltage_current_probe.c:884:6:HAL_GPIO_EXTI_Callback	16	static
