../Modules/Probe/voltage_current_probe.c:152:6:Probe_Init	8	static
../Modules/Probe/voltage_current_probe.c:176:6:Probe_InitHAL	8	static
../Modules/Probe/voltage_current_probe.c:184:20:AngleBufferFIFO_Reset	16	static
../Modules/Probe/voltage_current_probe.c:189:20:AngleBufferFIFO_Add	24	static
../Modules/Probe/voltage_current_probe.c:212:23:Detect_RotationDirection	24	static
../Modules/Probe/voltage_current_probe.c:228:20:Filter_Reset	16	static
../Modules/Probe/voltage_current_probe.c:237:24:Filter_Step	32	static
../Modules/Probe/voltage_current_probe.c:278:20:Motor_HandleSample	32	static
../Modules/Probe/voltage_current_probe.c:293:13:StepCounter_Update	24	static
../Modules/Probe/voltage_current_probe.c:313:23:Check_CurrentZero	24	static
../Modules/Probe/voltage_current_probe.c:334:13:VoltageBuffer_Reset	16	static
../Modules/Probe/voltage_current_probe.c:349:13:OnCurrentZeroCrossing	24	static
../Modules/Probe/voltage_current_probe.c:451:6:ProcessVoltageBufferU1	24	static
../Modules/Probe/voltage_current_probe.c:469:6:ProcessVoltageBufferU2	24	static
../Modules/Probe/voltage_current_probe.c:493:6:VoltageBuffer_Task	8	static
../Modules/Probe/voltage_current_probe.c:509:13:Motor_StepDetectionAndUpdate	24	static
../Modules/Probe/voltage_current_probe.c:545:6:StartAdcMeasurement	8	static
../Modules/Probe/voltage_current_probe.c:561:6:DirCurrentDetection	16	static
../Modules/Probe/voltage_current_probe.c:589:20:Capture_HandleSample	24	static
../Modules/Probe/voltage_current_probe.c:683:6:HAL_ADC_ConvCpltCallback	16	static
../Modules/Probe/voltage_current_probe.c:692:6:HAL_GPIO_EXTI_Callback	16	static
