../Modules/Probe/voltage_current_probe.c:172:6:Probe_Init	8	static
../Modules/Probe/voltage_current_probe.c:196:6:Probe_InitHAL	8	static
../Modules/Probe/voltage_current_probe.c:204:20:AngleBufferFIFO_Reset	16	static
../Modules/Probe/voltage_current_probe.c:209:20:AngleBufferFIFO_Add	24	static
../Modules/Probe/voltage_current_probe.c:232:23:Detect_RotationDirection	24	static
../Modules/Probe/voltage_current_probe.c:248:20:Filter_Reset	16	static
../Modules/Probe/voltage_current_probe.c:257:24:Filter_Step	32	static
../Modules/Probe/voltage_current_probe.c:298:20:Motor_HandleSample	32	static
../Modules/Probe/voltage_current_probe.c:313:13:StepCounter_Update	24	static
../Modules/Probe/voltage_current_probe.c:334:23:Check_CurrentZero	24	static
../Modules/Probe/voltage_current_probe.c:355:13:VoltageBuffer_Reset	16	static
../Modules/Probe/voltage_current_probe.c:370:13:OnCurrentZeroCrossing	24	static
../Modules/Probe/voltage_current_probe.c:472:6:ProcessVoltageBufferU1	24	static
../Modules/Probe/voltage_current_probe.c:490:6:ProcessVoltageBufferU2	24	static
../Modules/Probe/voltage_current_probe.c:515:6:VoltageBuffer_Task	8	static
../Modules/Probe/voltage_current_probe.c:529:16:AvgFifo_Add	56	static
../Modules/Probe/voltage_current_probe.c:560:13:Voltage_avg_process	32	static
../Modules/Probe/voltage_current_probe.c:602:13:Motor_StepDetectionAndUpdate	24	static
../Modules/Probe/voltage_current_probe.c:642:6:StartAdcMeasurement	8	static
../Modules/Probe/voltage_current_probe.c:658:6:DirCurrentDetection	16	static
../Modules/Probe/voltage_current_probe.c:686:20:Capture_HandleSample	24	static
../Modules/Probe/voltage_current_probe.c:784:6:HAL_ADC_ConvCpltCallback	16	static
../Modules/Probe/voltage_current_probe.c:793:6:HAL_GPIO_EXTI_Callback	16	static
