../Modules/Probe/voltage_current_probe.c:105:10:Probe_Init	16	static
../Modules/Probe/voltage_current_probe.c:112:10:Probe_Handle	4	static
../Modules/Probe/voltage_current_probe.c:119:6:HAL_TIM_PeriodElapsedCallback	16	static
../Modules/Probe/voltage_current_probe.c:125:17:Probe_InitHAL	8	static
../Modules/Probe/voltage_current_probe.c:152:6:StartAdcMeasurement	4	static
../Modules/Probe/voltage_current_probe.c:204:6:ProcessMotorSteps	32	static
../Modules/Probe/voltage_current_probe.c:216:6:ADC_Conversion	16	static
