../Modules/Probe/voltage_current_probe.c:177:6:Probe_Init	8	static
../Modules/Probe/voltage_current_probe.c:204:6:Probe_InitOffset	40	static
../Modules/Probe/voltage_current_probe.c:241:6:Probe_InitHAL	8	static
../Modules/Probe/voltage_current_probe.c:249:20:AngleBufferFIFO_Reset	16	static
../Modules/Probe/voltage_current_probe.c:254:20:AngleBufferFIFO_Add	24	static
../Modules/Probe/voltage_current_probe.c:277:23:Detect_RotationDirection	24	static
../Modules/Probe/voltage_current_probe.c:293:20:Filter_Reset	16	static
../Modules/Probe/voltage_current_probe.c:302:24:Filter_Step	32	static
../Modules/Probe/voltage_current_probe.c:343:20:Motor_HandleSample	32	static
../Modules/Probe/voltage_current_probe.c:358:13:StepCounter_Update	24	static
../Modules/Probe/voltage_current_probe.c:400:13:VoltageBuffer_Reset	16	static
../Modules/Probe/voltage_current_probe.c:415:13:OnCurrentZeroCrossing	24	static
../Modules/Probe/voltage_current_probe.c:517:6:ProcessVoltageBufferU1	24	static
../Modules/Probe/voltage_current_probe.c:535:6:ProcessVoltageBufferU2	24	static
../Modules/Probe/voltage_current_probe.c:560:6:VoltageBuffer_Task	8	static
../Modules/Probe/voltage_current_probe.c:575:16:AvgFifo_Add	56	static
../Modules/Probe/voltage_current_probe.c:606:13:Voltage_avg_process	32	static
../Modules/Probe/voltage_current_probe.c:647:13:Motor_StallVoltageCheck	128	static
../Modules/Probe/voltage_current_probe.c:716:13:Motor_StepDetectionAndUpdate	24	static
../Modules/Probe/voltage_current_probe.c:759:6:Probe_WriteToSharedMemory	4	static
../Modules/Probe/voltage_current_probe.c:766:6:StartAdcMeasurement	8	static
../Modules/Probe/voltage_current_probe.c:782:6:DirCurrentDetection	16	static
../Modules/Probe/voltage_current_probe.c:810:20:Capture_HandleSample	24	static
../Modules/Probe/voltage_current_probe.c:896:6:HAL_ADC_ConvCpltCallback	24	static
../Modules/Probe/voltage_current_probe.c:917:6:HAL_GPIO_EXTI_Callback	16	static
