../Modules/Probe/voltage_current_probe.c:149:6:Probe_Init	8	static
../Modules/Probe/voltage_current_probe.c:173:6:Probe_InitHAL	8	static
../Modules/Probe/voltage_current_probe.c:181:20:AngleBufferFIFO_Reset	16	static
../Modules/Probe/voltage_current_probe.c:186:20:AngleBufferFIFO_Add	24	static
../Modules/Probe/voltage_current_probe.c:209:23:Detect_RotationDirection	24	static
../Modules/Probe/voltage_current_probe.c:225:20:Filter_Reset	16	static
../Modules/Probe/voltage_current_probe.c:234:24:Filter_Step	32	static
../Modules/Probe/voltage_current_probe.c:275:20:Motor_HandleSample	32	static
../Modules/Probe/voltage_current_probe.c:290:13:StepCounter_Update	24	static
../Modules/Probe/voltage_current_probe.c:310:23:Check_CurrentZero	24	static
../Modules/Probe/voltage_current_probe.c:331:13:VoltageBuffer_Reset	16	static
../Modules/Probe/voltage_current_probe.c:346:13:OnCurrentZeroCrossing	16	static
../Modules/Probe/voltage_current_probe.c:414:6:ProcessVoltageBufferU1	24	static
../Modules/Probe/voltage_current_probe.c:429:6:ProcessVoltageBufferU2	24	static
../Modules/Probe/voltage_current_probe.c:444:6:VoltageBuffer_Task	8	static
../Modules/Probe/voltage_current_probe.c:460:13:Motor_StepDetectionAndUpdate	24	static
../Modules/Probe/voltage_current_probe.c:496:6:StartAdcMeasurement	8	static
../Modules/Probe/voltage_current_probe.c:512:6:DirCurrentDetection	16	static
../Modules/Probe/voltage_current_probe.c:540:20:Capture_HandleSample	24	static
../Modules/Probe/voltage_current_probe.c:634:6:HAL_ADC_ConvCpltCallback	16	static
../Modules/Probe/voltage_current_probe.c:643:6:HAL_GPIO_EXTI_Callback	16	static
