../Modules/Probe/voltage_current_probe.c:108:6:Probe_Init	8	static
../Modules/Probe/voltage_current_probe.c:113:6:Probe_Handle	4	static
../Modules/Probe/voltage_current_probe.c:121:6:Probe_InitHAL	8	static
../Modules/Probe/voltage_current_probe.c:129:20:custom_filter_reset	4	static
../Modules/Probe/voltage_current_probe.c:137:24:custom_filter_step	32	static
../Modules/Probe/voltage_current_probe.c:183:6:StartAdcMeasurement	8	static
../Modules/Probe/voltage_current_probe.c:199:20:Capture_HandleSample	24	static
../Modules/Probe/voltage_current_probe.c:237:6:ProcessMotorSteps	32	static
../Modules/Probe/voltage_current_probe.c:249:6:ADC_Conversion	16	static
../Modules/Probe/voltage_current_probe.c:261:6:HAL_ADC_ConvCpltCallback	16	static
