../Modules/Probe/voltage_current_probe.c:173:6:Probe_Init	8	static
../Modules/Probe/voltage_current_probe.c:197:6:Probe_InitHAL	8	static
../Modules/Probe/voltage_current_probe.c:205:20:AngleBufferFIFO_Reset	16	static
../Modules/Probe/voltage_current_probe.c:210:20:AngleBufferFIFO_Add	24	static
../Modules/Probe/voltage_current_probe.c:233:23:Detect_RotationDirection	24	static
../Modules/Probe/voltage_current_probe.c:249:20:Filter_Reset	16	static
../Modules/Probe/voltage_current_probe.c:258:24:Filter_Step	32	static
../Modules/Probe/voltage_current_probe.c:299:20:Motor_HandleSample	32	static
../Modules/Probe/voltage_current_probe.c:314:13:StepCounter_Update	24	static
../Modules/Probe/voltage_current_probe.c:356:13:VoltageBuffer_Reset	16	static
../Modules/Probe/voltage_current_probe.c:371:13:OnCurrentZeroCrossing	24	static
../Modules/Probe/voltage_current_probe.c:473:6:ProcessVoltageBufferU1	24	static
../Modules/Probe/voltage_current_probe.c:491:6:ProcessVoltageBufferU2	24	static
../Modules/Probe/voltage_current_probe.c:516:6:VoltageBuffer_Task	8	static
../Modules/Probe/voltage_current_probe.c:530:16:AvgFifo_Add	56	static
../Modules/Probe/voltage_current_probe.c:561:13:Voltage_avg_process	32	static
../Modules/Probe/voltage_current_probe.c:604:13:Motor_StallVoltageCheck	24	static
../Modules/Probe/voltage_current_probe.c:665:13:Motor_StepDetectionAndUpdate	24	static
../Modules/Probe/voltage_current_probe.c:711:6:StartAdcMeasurement	8	static
../Modules/Probe/voltage_current_probe.c:727:6:DirCurrentDetection	16	static
../Modules/Probe/voltage_current_probe.c:755:20:Capture_HandleSample	24	static
../Modules/Probe/voltage_current_probe.c:861:6:HAL_ADC_ConvCpltCallback	16	static
../Modules/Probe/voltage_current_probe.c:870:6:HAL_GPIO_EXTI_Callback	16	static
