../Modules/Probe/voltage_current_probe.c:148:6:Probe_Init	8	static
../Modules/Probe/voltage_current_probe.c:172:6:Probe_InitHAL	8	static
../Modules/Probe/voltage_current_probe.c:180:20:AngleBufferFIFO_Reset	16	static
../Modules/Probe/voltage_current_probe.c:185:20:AngleBufferFIFO_Add	24	static
../Modules/Probe/voltage_current_probe.c:208:23:Detect_RotationDirection	24	static
../Modules/Probe/voltage_current_probe.c:224:20:Filter_Reset	16	static
../Modules/Probe/voltage_current_probe.c:233:24:Filter_Step	32	static
../Modules/Probe/voltage_current_probe.c:274:20:Motor_HandleSample	32	static
../Modules/Probe/voltage_current_probe.c:289:13:StepCounter_Update	24	static
../Modules/Probe/voltage_current_probe.c:308:23:Check_CurrentZero	24	static
../Modules/Probe/voltage_current_probe.c:329:13:VoltageBuffer_StartU1	4	static
../Modules/Probe/voltage_current_probe.c:335:13:VoltageBuffer_StartU2	4	static
../Modules/Probe/voltage_current_probe.c:341:13:VoltageBuffer_AddU1	24	static
../Modules/Probe/voltage_current_probe.c:385:13:VoltageBuffer_AddU2	16	static
../Modules/Probe/voltage_current_probe.c:409:6:ProcessVoltageBufferU1	24	static
../Modules/Probe/voltage_current_probe.c:428:6:ProcessVoltageBufferU2	24	static
../Modules/Probe/voltage_current_probe.c:446:6:VoltageBuffer_Task	8	static
../Modules/Probe/voltage_current_probe.c:469:13:Motor_StepDetectionAndUpdate	24	static
../Modules/Probe/voltage_current_probe.c:514:6:StartAdcMeasurement	8	static
../Modules/Probe/voltage_current_probe.c:529:6:DirCurrentDetection	16	static
../Modules/Probe/voltage_current_probe.c:567:20:Capture_HandleSample	32	static
../Modules/Probe/voltage_current_probe.c:708:6:HAL_ADC_ConvCpltCallback	16	static
../Modules/Probe/voltage_current_probe.c:717:6:HAL_GPIO_EXTI_Callback	16	static
