../Modules/Probe/voltage_current_probe.c:151:6:Probe_Init	8	static
../Modules/Probe/voltage_current_probe.c:175:6:Probe_InitHAL	8	static
../Modules/Probe/voltage_current_probe.c:183:20:AngleBufferFIFO_Reset	16	static
../Modules/Probe/voltage_current_probe.c:188:20:AngleBufferFIFO_Add	24	static
../Modules/Probe/voltage_current_probe.c:211:23:Detect_RotationDirection	24	static
../Modules/Probe/voltage_current_probe.c:227:20:Filter_Reset	16	static
../Modules/Probe/voltage_current_probe.c:236:24:Filter_Step	32	static
../Modules/Probe/voltage_current_probe.c:277:20:Motor_HandleSample	32	static
../Modules/Probe/voltage_current_probe.c:292:13:StepCounter_Update	24	static
../Modules/Probe/voltage_current_probe.c:312:23:Check_CurrentZero	24	static
../Modules/Probe/voltage_current_probe.c:333:13:VoltageBuffer_Reset	16	static
../Modules/Probe/voltage_current_probe.c:348:13:OnCurrentZeroCrossing	24	static
../Modules/Probe/voltage_current_probe.c:450:6:ProcessVoltageBufferU1	24	static
../Modules/Probe/voltage_current_probe.c:468:6:ProcessVoltageBufferU2	24	static
../Modules/Probe/voltage_current_probe.c:486:6:VoltageBuffer_Task	8	static
../Modules/Probe/voltage_current_probe.c:502:13:Motor_StepDetectionAndUpdate	24	static
../Modules/Probe/voltage_current_probe.c:538:6:StartAdcMeasurement	8	static
../Modules/Probe/voltage_current_probe.c:554:6:DirCurrentDetection	16	static
../Modules/Probe/voltage_current_probe.c:582:20:Capture_HandleSample	24	static
../Modules/Probe/voltage_current_probe.c:675:6:HAL_ADC_ConvCpltCallback	16	static
../Modules/Probe/voltage_current_probe.c:684:6:HAL_GPIO_EXTI_Callback	16	static
