../Modules/Probe/voltage_current_probe.c:120:6:Probe_Init	8	static
../Modules/Probe/voltage_current_probe.c:125:6:Probe_Handle	4	static
../Modules/Probe/voltage_current_probe.c:133:6:Probe_InitHAL	8	static
../Modules/Probe/voltage_current_probe.c:141:20:custom_filter_reset	4	static
../Modules/Probe/voltage_current_probe.c:149:24:custom_filter_step	32	static
../Modules/Probe/voltage_current_probe.c:192:20:custom_filter_reset_ch2	4	static
../Modules/Probe/voltage_current_probe.c:200:24:custom_filter_step_ch2	32	static
../Modules/Probe/voltage_current_probe.c:243:6:StartAdcMeasurement	8	static
../Modules/Probe/voltage_current_probe.c:261:20:Capture_HandleSample	32	static
../Modules/Probe/voltage_current_probe.c:329:6:ProcessMotorSteps	32	static
../Modules/Probe/voltage_current_probe.c:341:6:ADC_Conversion	16	static
../Modules/Probe/voltage_current_probe.c:353:6:HAL_ADC_ConvCpltCallback	16	static
