../Core/Serial/mb_upgrade.c:46:10:MbUpgr_Init	0	static
../Core/Serial/mb_upgrade.c:115:10:MbUpgr_WriteRegisters	12	static
../Core/Serial/mb_upgrade.c:137:10:MbUpgr_ReadRegisters	8	static
../Core/Serial/mb_upgrade.c:152:10:MbUpgr_GetType	0	static
../Core/Serial/mb_upgrade.c:157:10:MbUpgr_GetMode	0	static
../Core/Serial/mb_upgrade.c:164:17:MbUpgr_HeaderClb	0	static
../Core/Serial/mb_upgrade.c:184:17:MbUpgr_WritePageClb	0	static
../Core/Serial/mb_upgrade.c:193:17:MbUpgr_WriteDoneClb	0	static
../Core/Serial/mb_upgrade.c:58:10:MbUpgr_Handle	8	static
