../Core/Serial/modbus_slave.c:625:17:MbSlave_CRC16	12	static
../Core/Serial/modbus_slave.c:383:10:MbSlave_UpdateSlaveAddress	0	static
../Core/Serial/modbus_slave.c:393:10:MbSlave_BusReset	16	static
../Core/Serial/modbus_slave.c:242:10:MbSlave_SettingsChanged	24	static
../Core/Serial/modbus_slave.c:204:10:MbSlave_Init	48	static
../Core/Serial/modbus_slave.c:312:10:MbSlave_Handle	32	static,ignoring_inline_asm
../Core/Serial/modbus_slave.c:365:6:MbSlave_RxCpltCallback	8	static
../Core/Serial/modbus_slave.c:371:6:MbSlave_TxCpltCallback	8	static
../Core/Serial/modbus_slave.c:377:6:MbSlave_ErrorCallback	8	static
../Core/Serial/modbus_slave.c:413:6:USART1_IRQHandler	8	static
../Core/Serial/modbus_slave.c:426:6:TIM3_IRQHandler	16	static
