../Core/Serial/modbus_slave.c:204:10:MbSlave_Init	40	static
../Core/Serial/modbus_slave.c:242:10:MbSlave_SettingsChanged	16	static
../Core/Serial/modbus_slave.c:312:10:MbSlave_Handle	16	static
../Core/Serial/modbus_slave.c:365:6:MbSlave_RxCpltCallback	16	static
../Core/Serial/modbus_slave.c:371:6:MbSlave_TxCpltCallback	16	static
../Core/Serial/modbus_slave.c:377:6:MbSlave_ErrorCallback	16	static
../Core/Serial/modbus_slave.c:383:10:MbSlave_UpdateSlaveAddress	16	static
../Core/Serial/modbus_slave.c:393:10:MbSlave_BusReset	16	static
../Core/Serial/modbus_slave.c:413:6:USART1_IRQHandler	8	static
../Core/Serial/modbus_slave.c:426:6:TIM3_IRQHandler	8	static
../Core/Serial/modbus_slave.c:444:17:MbSlave_CheckFrame	16	static
../Core/Serial/modbus_slave.c:495:17:MbSlave_ProcessFrame	40	static,ignoring_inline_asm
../Core/Serial/modbus_slave.c:625:17:MbSlave_CRC16	24	static
../Core/Serial/modbus_slave.c:648:13:MbSlave_Rs485DirTransmit	8	static
../Core/Serial/modbus_slave.c:652:13:MbSlave_Rs485DirReceive	8	static
