Archive member included to satisfy reference by file (symbol)

C:/ST/STM32CubeIDE_1.16.0/STM32CubeIDE/plugins/com.st.stm32cube.ide.mcu.externaltools.gnu-tools-for-stm32.12.3.rel1.win32_1.0.200.202406191623/tools/bin/../lib/gcc/arm-none-eabi/12.3.1/../../../../arm-none-eabi/lib/thumb/v7e-m+fp/hard\libc_nano.a(libc_a-exit.o)
                              C:/ST/STM32CubeIDE_1.16.0/STM32CubeIDE/plugins/com.st.stm32cube.ide.mcu.externaltools.gnu-tools-for-stm32.12.3.rel1.win32_1.0.200.202406191623/tools/bin/../lib/gcc/arm-none-eabi/12.3.1/../../../../arm-none-eabi/lib/thumb/v7e-m+fp/hard/crt0.o (exit)
C:/ST/STM32CubeIDE_1.16.0/STM32CubeIDE/plugins/com.st.stm32cube.ide.mcu.externaltools.gnu-tools-for-stm32.12.3.rel1.win32_1.0.200.202406191623/tools/bin/../lib/gcc/arm-none-eabi/12.3.1/../../../../arm-none-eabi/lib/thumb/v7e-m+fp/hard\libc_nano.a(libc_a-findfp.o)
                              C:/ST/STM32CubeIDE_1.16.0/STM32CubeIDE/plugins/com.st.stm32cube.ide.mcu.externaltools.gnu-tools-for-stm32.12.3.rel1.win32_1.0.200.202406191623/tools/bin/../lib/gcc/arm-none-eabi/12.3.1/../../../../arm-none-eabi/lib/thumb/v7e-m+fp/hard\libc_nano.a(libc_a-exit.o) (__stdio_exit_handler)
C:/ST/STM32CubeIDE_1.16.0/STM32CubeIDE/plugins/com.st.stm32cube.ide.mcu.externaltools.gnu-tools-for-stm32.12.3.rel1.win32_1.0.200.202406191623/tools/bin/../lib/gcc/arm-none-eabi/12.3.1/../../../../arm-none-eabi/lib/thumb/v7e-m+fp/hard\libc_nano.a(libc_a-fwalk.o)
                              C:/ST/STM32CubeIDE_1.16.0/STM32CubeIDE/plugins/com.st.stm32cube.ide.mcu.externaltools.gnu-tools-for-stm32.12.3.rel1.win32_1.0.200.202406191623/tools/bin/../lib/gcc/arm-none-eabi/12.3.1/../../../../arm-none-eabi/lib/thumb/v7e-m+fp/hard\libc_nano.a(libc_a-findfp.o) (_fwalk_sglue)
C:/ST/STM32CubeIDE_1.16.0/STM32CubeIDE/plugins/com.st.stm32cube.ide.mcu.externaltools.gnu-tools-for-stm32.12.3.rel1.win32_1.0.200.202406191623/tools/bin/../lib/gcc/arm-none-eabi/12.3.1/../../../../arm-none-eabi/lib/thumb/v7e-m+fp/hard\libc_nano.a(libc_a-stdio.o)
                              C:/ST/STM32CubeIDE_1.16.0/STM32CubeIDE/plugins/com.st.stm32cube.ide.mcu.externaltools.gnu-tools-for-stm32.12.3.rel1.win32_1.0.200.202406191623/tools/bin/../lib/gcc/arm-none-eabi/12.3.1/../../../../arm-none-eabi/lib/thumb/v7e-m+fp/hard\libc_nano.a(libc_a-findfp.o) (__sread)
C:/ST/STM32CubeIDE_1.16.0/STM32CubeIDE/plugins/com.st.stm32cube.ide.mcu.externaltools.gnu-tools-for-stm32.12.3.rel1.win32_1.0.200.202406191623/tools/bin/../lib/gcc/arm-none-eabi/12.3.1/../../../../arm-none-eabi/lib/thumb/v7e-m+fp/hard\libc_nano.a(libc_a-memset.o)
                              C:/ST/STM32CubeIDE_1.16.0/STM32CubeIDE/plugins/com.st.stm32cube.ide.mcu.externaltools.gnu-tools-for-stm32.12.3.rel1.win32_1.0.200.202406191623/tools/bin/../lib/gcc/arm-none-eabi/12.3.1/../../../../arm-none-eabi/lib/thumb/v7e-m+fp/hard/crt0.o (memset)
C:/ST/STM32CubeIDE_1.16.0/STM32CubeIDE/plugins/com.st.stm32cube.ide.mcu.externaltools.gnu-tools-for-stm32.12.3.rel1.win32_1.0.200.202406191623/tools/bin/../lib/gcc/arm-none-eabi/12.3.1/../../../../arm-none-eabi/lib/thumb/v7e-m+fp/hard\libc_nano.a(libc_a-closer.o)
                              C:/ST/STM32CubeIDE_1.16.0/STM32CubeIDE/plugins/com.st.stm32cube.ide.mcu.externaltools.gnu-tools-for-stm32.12.3.rel1.win32_1.0.200.202406191623/tools/bin/../lib/gcc/arm-none-eabi/12.3.1/../../../../arm-none-eabi/lib/thumb/v7e-m+fp/hard\libc_nano.a(libc_a-stdio.o) (_close_r)
C:/ST/STM32CubeIDE_1.16.0/STM32CubeIDE/plugins/com.st.stm32cube.ide.mcu.externaltools.gnu-tools-for-stm32.12.3.rel1.win32_1.0.200.202406191623/tools/bin/../lib/gcc/arm-none-eabi/12.3.1/../../../../arm-none-eabi/lib/thumb/v7e-m+fp/hard\libc_nano.a(libc_a-reent.o)
                              C:/ST/STM32CubeIDE_1.16.0/STM32CubeIDE/plugins/com.st.stm32cube.ide.mcu.externaltools.gnu-tools-for-stm32.12.3.rel1.win32_1.0.200.202406191623/tools/bin/../lib/gcc/arm-none-eabi/12.3.1/../../../../arm-none-eabi/lib/thumb/v7e-m+fp/hard\libc_nano.a(libc_a-closer.o) (errno)
C:/ST/STM32CubeIDE_1.16.0/STM32CubeIDE/plugins/com.st.stm32cube.ide.mcu.externaltools.gnu-tools-for-stm32.12.3.rel1.win32_1.0.200.202406191623/tools/bin/../lib/gcc/arm-none-eabi/12.3.1/../../../../arm-none-eabi/lib/thumb/v7e-m+fp/hard\libc_nano.a(libc_a-impure.o)
                              C:/ST/STM32CubeIDE_1.16.0/STM32CubeIDE/plugins/com.st.stm32cube.ide.mcu.externaltools.gnu-tools-for-stm32.12.3.rel1.win32_1.0.200.202406191623/tools/bin/../lib/gcc/arm-none-eabi/12.3.1/../../../../arm-none-eabi/lib/thumb/v7e-m+fp/hard\libc_nano.a(libc_a-reent.o) (_impure_ptr)
C:/ST/STM32CubeIDE_1.16.0/STM32CubeIDE/plugins/com.st.stm32cube.ide.mcu.externaltools.gnu-tools-for-stm32.12.3.rel1.win32_1.0.200.202406191623/tools/bin/../lib/gcc/arm-none-eabi/12.3.1/../../../../arm-none-eabi/lib/thumb/v7e-m+fp/hard\libc_nano.a(libc_a-lseekr.o)
[...]
Memory Configuration

Name             Origin             Length             Attributes
BOOTLOADER       0x08000000         0x00004000         xr
CALIBRATION      0x08004000         0x00004000         xr
CONFIGURATION    0x08008000         0x00004000         xr
APPLICATION      0x0800c000         0x00034000         xr
BUFFER_APP       0x08040000         0x00040000         xr
RAM              0x200000c0         0x0001ff40         xrw
*default*        0x00000000         0xffffffff

Linker script and memory map

LOAD C:/ST/STM32CubeIDE_1.16.0/STM32CubeIDE/plugins/com.st.stm32cube.ide.mcu.externaltools.gnu-tools-for-stm32.12.3.rel1.win32_1.0.200.202406191623/tools/bin/../lib/gcc/arm-none-eabi/12.3.1/thumb/v7e-m+fp/hard/crti.o
LOAD C:/ST/STM32CubeIDE_1.16.0/STM32CubeIDE/plugins/com.st.stm32cube.ide.mcu.externaltools.gnu-tools-for-stm32.12.3.rel1.win32_1.0.200.202406191623/tools/bin/../lib/gcc/arm-none-eabi/12.3.1/thumb/v7e-m+fp/hard/crtbegin.o
LOAD C:/ST/STM32CubeIDE_1.16.0/STM32CubeIDE/plugins/com.st.stm32cube.ide.mcu.externaltools.gnu-tools-for-stm32.12.3.rel1.win32_1.0.200.202406191623/tools/bin/../lib/gcc/arm-none-eabi/12.3.1/../../../../arm-none-eabi/lib/thumb/v7e-m+fp/hard/crt0.o
LOAD ./Core/Common/bootloader.o
LOAD ./Core/Common/system_msp.o
LOAD ./Core/Src/adc.o
LOAD ./Core/Src/crc.o
LOAD ./Core/Src/dma.o
LOAD ./Core/Src/gpio.o
LOAD ./Core/Src/i2c.o
LOAD ./Core/Src/iwdg.o
LOAD ./Core/Src/main.o
LOAD ./Core/Src/spi.o
LOAD ./Core/Src/stm32f4xx_hal_msp.o
LOAD ./Core/Src/stm32f4xx_it.o
LOAD ./Core/Src/syscalls.o
LOAD ./Core/Src/sysmem.o
LOAD ./Core/Src/system_stm32f4xx.o
LOAD ./Core/Src/tim.o
LOAD ./Core/Src/usart.o
LOAD ./Core/Startup/startup_stm32f417vgtx.o
LOAD ./Drivers/STM32F4xx_HAL_Driver/Src/stm32f4xx_hal.o
LOAD ./Drivers/STM32F4xx_HAL_Driver/Src/stm32f4xx_hal_adc.o
LOAD ./Drivers/STM32F4xx_HAL_Driver/Src/stm32f4xx_hal_adc_ex.o
LOAD ./Drivers/STM32F4xx_HAL_Driver/Src/stm32f4xx_hal_cortex.o
LOAD ./Drivers/STM32F4xx_HAL_Driver/Src/stm32f4xx_hal_crc.o
LOAD ./Drivers/STM32F4xx_HAL_Driver/Src/stm32f4xx_hal_dma.o
LOAD ./Drivers/STM32F4xx_HAL_Driver/Src/stm32f4xx_hal_dma_ex.o
LOAD ./Drivers/STM32F4xx_HAL_Driver/Src/stm32f4xx_hal_exti.o
LOAD ./Drivers/STM32F4xx_HAL_Driver/Src/stm32f4xx_hal_flash.o
LOAD ./Drivers/STM32F4xx_HAL_Driver/Src/stm32f4xx_hal_flash_ex.o
LOAD ./Drivers/STM32F4xx_HAL_Driver/Src/stm32f4xx_hal_flash_ramfunc.o
LOAD ./Drivers/STM32F4xx_HAL_Driver/Src/stm32f4xx_hal_gpio.o
LOAD ./Drivers/STM32F4xx_HAL_Driver/Src/stm32f4xx_hal_i2c.o
LOAD ./Drivers/STM32F4xx_HAL_Driver/Src/stm32f4xx_hal_i2c_ex.o
LOAD ./Drivers/STM32F4xx_HAL_Driver/Src/stm32f4xx_hal_iwdg.o
LOAD ./Drivers/STM32F4xx_HAL_Driver/Src/stm32f4xx_hal_pwr.o
LOAD ./Drivers/STM32F4xx_HAL_Driver/Src/stm32f4xx_hal_pwr_ex.o
LOAD ./Drivers/STM32F4xx_HAL_Driver/Src/stm32f4xx_hal_rcc.o
LOAD ./Drivers/STM32F4xx_HAL_Driver/Src/stm32f4xx_hal_rcc_ex.o
LOAD ./Drivers/STM32F4xx_HAL_Driver/Src/stm32f4xx_hal_spi.o
LOAD ./Drivers/STM32F4xx_HAL_Driver/Src/stm32f4xx_hal_tim.o
LOAD ./Drivers/STM32F4xx_HAL_Driver/Src/stm32f4xx_hal_tim_ex.o
LOAD ./Drivers/STM32F4xx_HAL_Driver/Src/stm32f4xx_hal_uart.o
LOAD ./Drivers/STM32F4xx_HAL_Driver/Src/stm32f4xx_ll_adc.o
START GROUP
LOAD C:/ST/STM32CubeIDE_1.16.0/STM32CubeIDE/plugins/com.st.stm32cube.ide.mcu.externaltools.gnu-tools-for-stm32.12.3.rel1.win32_1.0.200.202406191623/tools/bin/../lib/gcc/arm-none-eabi/12.3.1/../../../../arm-none-eabi/lib/thumb/v7e-m+fp/hard\libc_nano.a
LOAD C:/ST/STM32CubeIDE_1.16.0/STM32CubeIDE/plugins/com.st.stm32cube.ide.mcu.externaltools.gnu-tools-for-stm32.12.3.rel1.win32_1.0.200.202406191623/tools/bin/../lib/gcc/arm-none-eabi/12.3.1/../../../../arm-none-eabi/lib/thumb/v7e-m+fp/hard\libm.a
END GROUP
START GROUP
LOAD C:/ST/STM32CubeIDE_1.16.0/STM32CubeIDE/plugins/com.st.stm32cube.ide.mcu.externaltools.gnu-tools-for-stm32.12.3.rel1.win32_1.0.200.202406191623/tools/bin/../lib/gcc/arm-none-eabi/12.3.1/thumb/v7e-m+fp/hard\libgcc.a
LOAD C:/ST/STM32CubeIDE_1.16.0/STM32CubeIDE/plugins/com.st.stm32cube.ide.mcu.externaltools.gnu-tools-for-stm32.12.3.rel1.win32_1.0.200.202406191623/tools/bin/../lib/gcc/arm-none-eabi/12.3.1/../../../../arm-none-eabi/lib/thumb/v7e-m+fp/hard\libc_nano.a
END GROUP
START GROUP
LOAD C:/ST/STM32CubeIDE_1.16.0/STM32CubeIDE/plugins/com.st.stm32cube.ide.mcu.externaltools.gnu-tools-for-stm32.12.3.rel1.win32_1.0.200.202406191623/tools/bin/../lib/gcc/arm-none-eabi/12.3.1/thumb/v7e-m+fp/hard\libgcc.a
LOAD C:/ST/STM32CubeIDE_1.16.0/STM32CubeIDE/plugins/com.st.stm32cube.ide.mcu.externaltools.gnu-tools-for-stm32.12.3.rel1.win32_1.0.200.202406191623/tools/bin/../lib/gcc/arm-none-eabi/12.3.1/../../../../arm-none-eabi/lib/thumb/v7e-m+fp/hard\libc_nano.a
LOAD C:/ST/STM32CubeIDE_1.16.0/STM32CubeIDE/plugins/com.st.stm32cube.ide.mcu.externaltools.gnu-tools-for-stm32.12.3.rel1.win32_1.0.200.202406191623/tools/bin/../lib/gcc/arm-none-eabi/12.3.1/../../../../arm-none-eabi/lib/thumb/v7e-m+fp/hard\libnosys.a
END GROUP
START GROUP
LOAD C:/ST/STM32CubeIDE_1.16.0/STM32CubeIDE/plugins/com.st.stm32cube.ide.mcu.externaltools.gnu-tools-for-stm32.12.3.rel1.win32_1.0.200.202406191623/tools/bin/../lib/gcc/arm-none-eabi/12.3.1/thumb/v7e-m+fp/hard\libgcc.a
LOAD C:/ST/STM32CubeIDE_1.16.0/STM32CubeIDE/plugins/com.st.stm32cube.ide.mcu.externaltools.gnu-tools-for-stm32.12.3.rel1.win32_1.0.200.202406191623/tools/bin/../lib/gcc/arm-none-eabi/12.3.1/../../../../arm-none-eabi/lib/thumb/v7e-m+fp/hard\libc_nano.a
LOAD C:/ST/STM32CubeIDE_1.16.0/STM32CubeIDE/plugins/com.st.stm32cube.ide.mcu.externaltools.gnu-tools-for-stm32.12.3.rel1.win32_1.0.200.202406191623/tools/bin/../lib/gcc/arm-none-eabi/12.3.1/../../../../arm-none-eabi/lib/thumb/v7e-m+fp/hard\libnosys.a
END GROUP
LOAD C:/ST/STM32CubeIDE_1.16.0/STM32CubeIDE/plugins/com.st.stm32cube.ide.mcu.externaltools.gnu-tools-for-stm32.12.3.rel1.win32_1.0.200.202406191623/tools/bin/../lib/gcc/arm-none-eabi/12.3.1/thumb/v7e-m+fp/hard/crtend.o
LOAD C:/ST/STM32CubeIDE_1.16.0/STM32CubeIDE/plugins/com.st.stm32cube.ide.mcu.externaltools.gnu-tools-for-stm32.12.3.rel1.win32_1.0.200.202406191623/tools/bin/../lib/gcc/arm-none-eabi/12.3.1/thumb/v7e-m+fp/hard/crtn.o
                0x20020000                        _estack = (ORIGIN (RAM) + LENGTH (RAM))
                0x00000200                        _Min_Heap_Size = 0x200
                0x00000400                        _Min_Stack_Size = 0x400
                0x00004000                        _LD_SIZE_BOOTLOADER = 0x4000
                0x00004000                        _LD_SIZE_CALIBRATION = 0x4000
                0x00004000                        _LD_SIZE_CONFIGURATION = 0x4000
                0x00034000                        _LD_SIZE_APPLICATION = 0x34000
                0x00040000                        _LD_SIZE_BUFFER_APP = 0x40000
                0x08000000                        _LD_ADDRESS_BOOTLOADER = 0x8000000
                0x08004000                        _LD_ADDRESS_CALIBRATION = (_LD_ADDRESS_BOOTLOADER + _LD_SIZE_BOOTLOADER)
                0x08008000                        _LD_ADDRESS_CONFIGURATION = (_LD_ADDRESS_CALIBRATION + _LD_SIZE_CALIBRATION)
                0x0800c000                        _LD_ADDRESS_APPLICATION = (_LD_ADDRESS_CONFIGURATION + _LD_SIZE_CONFIGURATION)
                0x08040000                        _LD_ADDRESS_BUFFER_APP = (_LD_ADDRESS_APPLICATION + _LD_SIZE_APPLICATION)
                0x00000200                        _LD_FW_INFO_OFFSET = 0x200

.isr_vector     0x08000000      0x220
                0x08000000                        . = ALIGN (0x4)
 *(.isr_vector)
 .isr_vector    0x08000000      0x188 ./Core/Startup/startup_stm32f417vgtx.o
                0x08000000                g_pfnVectors
 *(.sectionIsrConst)
                0x08000200                        . = ALIGN (_LD_FW_INFO_OFFSET)
 *fill*         0x08000188       0x78 
 *(.sectionFwInfo)
 .sectionFwInfo
                0x08000200       0x20 ./Core/Common/bootloader.o
                0x08000200                CONF_FACTORY_INFO
                0x08000220                        . = ALIGN (0x4)

.text           0x08000220     0x3194
                0x08000220                        . = ALIGN (0x4)
 *(.text)
 .text          0x08000220       0x40 C:/ST/STM32CubeIDE_1.16.0/STM32CubeIDE/plugins/com.st.stm32cube.ide.mcu.externaltools.gnu-tools-for-stm32.12.3.rel1.win32_1.0.200.202406191623/tools/bin/../lib/gcc/arm-none-eabi/12.3.1/thumb/v7e-m+fp/hard/crtbegin.o
 .text          0x08000260       0x30 C:/ST/STM32CubeIDE_1.16.0/STM32CubeIDE/plugins/com.st.stm32cube.ide.mcu.externaltools.gnu-tools-for-stm32.12.3.rel1.win32_1.0.200.202406191623/tools/bin/../lib/gcc/arm-none-eabi/12.3.1/thumb/v7e-m+fp/hard\libgcc.a(_aeabi_uldivmod.o)
                0x08000260                __aeabi_uldivmod
 .text          0x08000290      0x2bc C:/ST/STM32CubeIDE_1.16.0/STM32CubeIDE/plugins/com.st.stm32cube.ide.mcu.externaltools.gnu-tools-for-stm32.12.3.rel1.win32_1.0.200.202406191623/tools/bin/../lib/gcc/arm-none-eabi/12.3.1/thumb/v7e-m+fp/hard\libgcc.a(_udivmoddi4.o)
                0x08000290                __udivmoddi4
 .text          0x0800054c        0x4 C:/ST/STM32CubeIDE_1.16.0/STM32CubeIDE/plugins/com.st.stm32cube.ide.mcu.externaltools.gnu-tools-for-stm32.12.3.rel1.win32_1.0.200.202406191623/tools/bin/../lib/gcc/arm-none-eabi/12.3.1/thumb/v7e-m+fp/hard\libgcc.a(_dvmd_tls.o)
                0x0800054c                __aeabi_idiv0
                0x0800054c                __aeabi_ldiv0
 *(.text*)
 .text.Btl_Init
                0x08000550        0xa ./Core/Common/bootloader.o
                0x08000550                Btl_Init
 *fill*         0x0800055a        0x2 
 .text.Btl_StartAppAnyway
                0x0800055c       0x18 ./Core/Common/bootloader.o
                0x0800055c                Btl_StartAppAnyway
 .text.Btl_VerifyImage
                0x08000574       0x88 ./Core/Common/bootloader.o
                0x08000574                Btl_VerifyImage
 .text.Btl_CopyImage
                0x080005fc       0x20 ./Core/Common/bootloader.o
                0x080005fc                Btl_CopyImage
 .text.Btl_Handle
                0x0800061c       0x78 ./Core/Common/bootloader.o
                0x0800061c                Btl_Handle
 .text.System_GetSector
                0x08000694       0x6c ./Core/Common/system_msp.o
 .text.System_CrcInit
                0x08000700       0x40 ./Core/Common/system_msp.o
                0x08000700                System_CrcInit
 .text.System_CrcClear
                0x08000740       0x14 ./Core/Common/system_msp.o
                0x08000740                System_CrcClear
 .text.System_CrcAccumulate
                0x08000754       0x14 ./Core/Common/system_msp.o
                0x08000754                System_CrcAccumulate
 .text.System_ReloadWdg
                0x08000768       0x10 ./Core/Common/system_msp.o
                0x08000768                System_ReloadWdg
 .text.System_StartApplication
                0x08000778       0x4c ./Core/Common/system_msp.o
                0x08000778                System_StartApplication
 .text.System_FlashEnable
                0x080007c4       0x14 ./Core/Common/system_msp.o
                0x080007c4                System_FlashEnable
 .text.System_FlashDisable
                0x080007d8        0x8 ./Core/Common/system_msp.o
                0x080007d8                System_FlashDisable
 .text.System_FlashProgram
                0x080007e0       0x5c ./Core/Common/system_msp.o
                0x080007e0                System_FlashProgram
 .text.System_FlashErase
                0x0800083c       0x48 ./Core/Common/system_msp.o
                0x0800083c                System_FlashErase
 .text.System_IsFlashNotEmpty
                0x08000884       0x24 ./Core/Common/system_msp.o
                0x08000884                System_IsFlashNotEmpty
 .text.System_Delay
                0x080008a8        0x8 ./Core/Common/system_msp.o
                0x080008a8                System_Delay
 .text.MX_ADC1_Init
                0x080008b0       0xbc ./Core/Src/adc.o
                0x080008b0                MX_ADC1_Init
 .text.MX_ADC3_Init
                0x0800096c       0x70 ./Core/Src/adc.o
                0x0800096c                MX_ADC3_Init
 .text.HAL_ADC_MspInit
                0x080009dc      0x118 ./Core/Src/adc.o
                0x080009dc                HAL_ADC_MspInit
 .text.MX_CRC_Init
                0x08000af4       0x20 ./Core/Src/crc.o
                0x08000af4                MX_CRC_Init
 .text.HAL_CRC_MspInit
                0x08000b14       0x30 ./Core/Src/crc.o
                0x08000b14                HAL_CRC_MspInit
 .text.MX_DMA_Init
                0x08000b44       0x34 ./Core/Src/dma.o
                0x08000b44                MX_DMA_Init
 .text.MX_GPIO_Init
                0x08000b78      0x120 ./Core/Src/gpio.o
                0x08000b78                MX_GPIO_Init
 .text.MX_I2C1_Init
                0x08000c98       0x3c ./Core/Src/i2c.o
                0x08000c98                MX_I2C1_Init
 .text.HAL_I2C_MspInit
                0x08000cd4       0x70 ./Core/Src/i2c.o
                0x08000cd4                HAL_I2C_MspInit
 .text.HAL_TIM_PeriodElapsedCallback
                0x08000d44        0x2 ./Core/Src/main.o
                0x08000d44                HAL_TIM_PeriodElapsedCallback
 .text.Error_Handler
                0x08000d46        0x4 ./Core/Src/main.o
                0x08000d46                Error_Handler
 *fill*         0x08000d4a        0x2 
 .text.SystemClock_Config
                0x08000d4c       0xb4 ./Core/Src/main.o
                0x08000d4c                SystemClock_Config
 .text.main     0x08000e00       0x5e ./Core/Src/main.o
                0x08000e00                main
 *fill*         0x08000e5e        0x2 
 .text.MX_SPI2_Init
                0x08000e60       0x40 ./Core/Src/spi.o
                0x08000e60                MX_SPI2_Init
 .text.HAL_SPI_MspInit
                0x08000ea0       0xb8 ./Core/Src/spi.o
                0x08000ea0                HAL_SPI_MspInit
 .text.HAL_MspInit
                0x08000f58       0x38 ./Core/Src/stm32f4xx_hal_msp.o
                0x08000f58                HAL_MspInit
 .text.NMI_Handler
                0x08000f90        0x2 ./Core/Src/stm32f4xx_it.o
                0x08000f90                NMI_Handler
 .text.HardFault_Handler
                0x08000f92        0x2 ./Core/Src/stm32f4xx_it.o
                0x08000f92                HardFault_Handler
 .text.MemManage_Handler
                0x08000f94        0x2 ./Core/Src/stm32f4xx_it.o
                0x08000f94                MemManage_Handler
 .text.BusFault_Handler
                0x08000f96        0x2 ./Core/Src/stm32f4xx_it.o
                0x08000f96                BusFault_Handler
 .text.UsageFault_Handler
                0x08000f98        0x2 ./Core/Src/stm32f4xx_it.o
                0x08000f98                UsageFault_Handler
 .text.SVC_Handler
                0x08000f9a        0x2 ./Core/Src/stm32f4xx_it.o
                0x08000f9a                SVC_Handler
 .text.DebugMon_Handler
                0x08000f9c        0x2 ./Core/Src/stm32f4xx_it.o
                0x08000f9c                DebugMon_Handler
 .text.PendSV_Handler
                0x08000f9e        0x2 ./Core/Src/stm32f4xx_it.o
                0x08000f9e                PendSV_Handler
 .text.SysTick_Handler
                0x08000fa0        0x8 ./Core/Src/stm32f4xx_it.o
                0x08000fa0                SysTick_Handler
 .text.TIM2_IRQHandler
                0x08000fa8       0x10 ./Core/Src/stm32f4xx_it.o
                0x08000fa8                TIM2_IRQHandler
 .text.EXTI15_10_IRQHandler
                0x08000fb8        0xc ./Core/Src/stm32f4xx_it.o
                0x08000fb8                EXTI15_10_IRQHandler
 .text.TIM8_TRG_COM_TIM14_IRQHandler
                0x08000fc4       0x10 ./Core/Src/stm32f4xx_it.o
                0x08000fc4                TIM8_TRG_COM_TIM14_IRQHandler
 .text.DMA2_Stream0_IRQHandler
                0x08000fd4       0x10 ./Core/Src/stm32f4xx_it.o
                0x08000fd4                DMA2_Stream0_IRQHandler
 .text.SystemInit
                0x08000fe4       0x1c ./Core/Src/system_stm32f4xx.o
                0x08000fe4                SystemInit
 .text.MX_TIM2_Init
                0x08001000       0x6c ./Core/Src/tim.o
                0x08001000                MX_TIM2_Init
 .text.MX_TIM14_Init
                0x0800106c       0x34 ./Core/Src/tim.o
                0x0800106c                MX_TIM14_Init
 .text.HAL_TIM_Base_MspInit
                0x080010a0       0x74 ./Core/Src/tim.o
                0x080010a0                HAL_TIM_Base_MspInit
 .text.MX_TIM14_Start
                0x08001114       0x18 ./Core/Src/tim.o
                0x08001114                MX_TIM14_Start
 .text.MX_UART5_Init
                0x0800112c       0x34 ./Core/Src/usart.o
                0x0800112c                MX_UART5_Init
 .text.HAL_UART_MspInit
                0x08001160       0x9c ./Core/Src/usart.o
                0x08001160                HAL_UART_MspInit
 .text.Reset_Handler
                0x080011fc       0x50 ./Core/Startup/startup_stm32f417vgtx.o
                0x080011fc                Reset_Handler
 .text.Default_Handler
                0x0800124c        0x2 ./Core/Startup/startup_stm32f417vgtx.o
                0x0800124c                RTC_Alarm_IRQHandler
                0x0800124c                HASH_RNG_IRQHandler
                0x0800124c                EXTI2_IRQHandler
                0x0800124c                TIM8_CC_IRQHandler
                0x0800124c                TIM1_CC_IRQHandler
                0x0800124c                DMA2_Stream5_IRQHandler
                0x0800124c                DMA1_Stream5_IRQHandler
                0x0800124c                PVD_IRQHandler
                0x0800124c                SDIO_IRQHandler
                0x0800124c                TAMP_STAMP_IRQHandler
                0x0800124c                CAN2_RX1_IRQHandler
                0x0800124c                EXTI3_IRQHandler
                0x0800124c                TIM1_UP_TIM10_IRQHandler
                0x0800124c                TIM8_UP_TIM13_IRQHandler
                0x0800124c                I2C3_ER_IRQHandler
                0x0800124c                EXTI0_IRQHandler
                0x0800124c                I2C2_EV_IRQHandler
                0x0800124c                DMA1_Stream2_IRQHandler
                0x0800124c                CAN1_RX0_IRQHandler
                0x0800124c                FPU_IRQHandler
                0x0800124c                OTG_HS_WKUP_IRQHandler
                0x0800124c                CAN2_SCE_IRQHandler
                0x0800124c                DMA2_Stream2_IRQHandler
                0x0800124c                SPI1_IRQHandler
                0x0800124c                TIM6_DAC_IRQHandler
                0x0800124c                TIM1_BRK_TIM9_IRQHandler
                0x0800124c                DCMI_IRQHandler
                0x0800124c                CAN2_RX0_IRQHandler
                0x0800124c                DMA2_Stream3_IRQHandler
                0x0800124c                USART6_IRQHandler
                0x0800124c                USART3_IRQHandler
                0x0800124c                CRYP_IRQHandler
                0x0800124c                CAN1_RX1_IRQHandler
                0x0800124c                UART5_IRQHandler
                0x0800124c                TIM4_IRQHandler
                0x0800124c                I2C1_EV_IRQHandler
                0x0800124c                DMA1_Stream6_IRQHandler
                0x0800124c                DMA1_Stream1_IRQHandler
                0x0800124c                UART4_IRQHandler
                0x0800124c                TIM3_IRQHandler
                0x0800124c                RCC_IRQHandler
                0x0800124c                TIM8_BRK_TIM12_IRQHandler
                0x0800124c                Default_Handler
                0x0800124c                ADC_IRQHandler
                0x0800124c                DMA1_Stream7_IRQHandler
                0x0800124c                TIM7_IRQHandler
                0x0800124c                CAN2_TX_IRQHandler
                0x0800124c                TIM5_IRQHandler
                0x0800124c                DMA2_Stream7_IRQHandler
                0x0800124c                I2C3_EV_IRQHandler
                0x0800124c                EXTI9_5_IRQHandler
                0x0800124c                RTC_WKUP_IRQHandler
                0x0800124c                ETH_WKUP_IRQHandler
                0x0800124c                SPI2_IRQHandler
                0x0800124c                OTG_HS_EP1_IN_IRQHandler
                0x0800124c                DMA1_Stream0_IRQHandler
                0x0800124c                CAN1_TX_IRQHandler
                0x0800124c                EXTI4_IRQHandler
                0x0800124c                FSMC_IRQHandler
                0x0800124c                ETH_IRQHandler
                0x0800124c                OTG_HS_EP1_OUT_IRQHandler
                0x0800124c                WWDG_IRQHandler
                0x0800124c                OTG_FS_WKUP_IRQHandler
                0x0800124c                TIM1_TRG_COM_TIM11_IRQHandler
                0x0800124c                OTG_HS_IRQHandler
                0x0800124c                EXTI1_IRQHandler
                0x0800124c                USART2_IRQHandler
                0x0800124c                I2C2_ER_IRQHandler
                0x0800124c                DMA2_Stream1_IRQHandler
                0x0800124c                CAN1_SCE_IRQHandler
                0x0800124c                FLASH_IRQHandler
                0x0800124c                DMA2_Stream4_IRQHandler
                0x0800124c                USART1_IRQHandler
                0x0800124c                OTG_FS_IRQHandler
                0x0800124c                SPI3_IRQHandler
                0x0800124c                DMA1_Stream4_IRQHandler
                0x0800124c                I2C1_ER_IRQHandler
                0x0800124c                DMA2_Stream6_IRQHandler
                0x0800124c                DMA1_Stream3_IRQHandler
 .text.HAL_MspDeInit
                0x0800124e        0x2 ./Drivers/STM32F4xx_HAL_Driver/Src/stm32f4xx_hal.o
                0x0800124e                HAL_MspDeInit
 .text.HAL_DeInit
                0x08001250       0x3c ./Drivers/STM32F4xx_HAL_Driver/Src/stm32f4xx_hal.o
                0x08001250                HAL_DeInit
 .text.HAL_InitTick
                0x0800128c       0x4c ./Drivers/STM32F4xx_HAL_Driver/Src/stm32f4xx_hal.o
                0x0800128c                HAL_InitTick
 .text.HAL_Init
                0x080012d8       0x34 ./Drivers/STM32F4xx_HAL_Driver/Src/stm32f4xx_hal.o
                0x080012d8                HAL_Init
 .text.HAL_IncTick
                0x0800130c       0x18 ./Drivers/STM32F4xx_HAL_Driver/Src/stm32f4xx_hal.o
                0x0800130c                HAL_IncTick
 .text.HAL_GetTick
                0x08001324        0xc ./Drivers/STM32F4xx_HAL_Driver/Src/stm32f4xx_hal.o
                0x08001324                HAL_GetTick
 .text.HAL_Delay
                0x08001330       0x28 ./Drivers/STM32F4xx_HAL_Driver/Src/stm32f4xx_hal.o
                0x08001330                HAL_Delay
 .text.ADC_Init
                0x08001358      0x134 ./Drivers/STM32F4xx_HAL_Driver/Src/stm32f4xx_hal_adc.o
 .text.HAL_ADC_Init
                0x0800148c       0x56 ./Drivers/STM32F4xx_HAL_Driver/Src/stm32f4xx_hal_adc.o
                0x0800148c                HAL_ADC_Init
 *fill*         0x080014e2        0x2 
 .text.HAL_ADC_ConfigChannel
                0x080014e4      0x1ac ./Drivers/STM32F4xx_HAL_Driver/Src/stm32f4xx_hal_adc.o
                0x080014e4                HAL_ADC_ConfigChannel
 .text.__NVIC_EnableIRQ
                0x08001690       0x1c ./Drivers/STM32F4xx_HAL_Driver/Src/stm32f4xx_hal_cortex.o
 .text.__NVIC_SetPriority
                0x080016ac       0x28 ./Drivers/STM32F4xx_HAL_Driver/Src/stm32f4xx_hal_cortex.o
 .text.NVIC_EncodePriority
                0x080016d4       0x3e ./Drivers/STM32F4xx_HAL_Driver/Src/stm32f4xx_hal_cortex.o
 *fill*         0x08001712        0x2 
 .text.HAL_NVIC_SetPriorityGrouping
                0x08001714       0x24 ./Drivers/STM32F4xx_HAL_Driver/Src/stm32f4xx_hal_cortex.o
                0x08001714                HAL_NVIC_SetPriorityGrouping
 .text.HAL_NVIC_SetPriority
                0x08001738       0x20 ./Drivers/STM32F4xx_HAL_Driver/Src/stm32f4xx_hal_cortex.o
                0x08001738                HAL_NVIC_SetPriority
 .text.HAL_NVIC_EnableIRQ
                0x08001758        0x8 ./Drivers/STM32F4xx_HAL_Driver/Src/stm32f4xx_hal_cortex.o
                0x08001758                HAL_NVIC_EnableIRQ
 .text.HAL_SYSTICK_Config
                0x08001760       0x28 ./Drivers/STM32F4xx_HAL_Driver/Src/stm32f4xx_hal_cortex.o
                0x08001760                HAL_SYSTICK_Config
 .text.HAL_CRC_Init
                0x08001788       0x1e ./Drivers/STM32F4xx_HAL_Driver/Src/stm32f4xx_hal_crc.o
                0x08001788                HAL_CRC_Init
 .text.HAL_CRC_Accumulate
                0x080017a6       0x3c ./Drivers/STM32F4xx_HAL_Driver/Src/stm32f4xx_hal_crc.o
                0x080017a6                HAL_CRC_Accumulate
 *fill*         0x080017e2        0x2 
 .text.DMA_CalcBaseAndBitshift
                0x080017e4       0x44 ./Drivers/STM32F4xx_HAL_Driver/Src/stm32f4xx_hal_dma.o
 .text.DMA_CheckFifoParam
                0x08001828       0x8e ./Drivers/STM32F4xx_HAL_Driver/Src/stm32f4xx_hal_dma.o
 *fill*         0x080018b6        0x2 
 .text.HAL_DMA_Init
                0x080018b8       0xcc ./Drivers/STM32F4xx_HAL_Driver/Src/stm32f4xx_hal_dma.o
                0x080018b8                HAL_DMA_Init
 .text.HAL_DMA_IRQHandler
                0x08001984      0x1dc ./Drivers/STM32F4xx_HAL_Driver/Src/stm32f4xx_hal_dma.o
                0x08001984                HAL_DMA_IRQHandler
 .text.FLASH_Program_DoubleWord
                0x08001b60       0x30 ./Drivers/STM32F4xx_HAL_Driver/Src/stm32f4xx_hal_flash.o
 .text.FLASH_Program_Word
                0x08001b90       0x24 ./Drivers/STM32F4xx_HAL_Driver/Src/stm32f4xx_hal_flash.o
 .text.FLASH_Program_HalfWord
                0x08001bb4       0x24 ./Drivers/STM32F4xx_HAL_Driver/Src/stm32f4xx_hal_flash.o
 .text.FLASH_Program_Byte
                0x08001bd8       0x20 ./Drivers/STM32F4xx_HAL_Driver/Src/stm32f4xx_hal_flash.o
 .text.FLASH_SetErrorCode
                0x08001bf8       0xa8 ./Drivers/STM32F4xx_HAL_Driver/Src/stm32f4xx_hal_flash.o
 .text.HAL_FLASH_Unlock
                0x08001ca0       0x30 ./Drivers/STM32F4xx_HAL_Driver/Src/stm32f4xx_hal_flash.o
                0x08001ca0                HAL_FLASH_Unlock
 .text.HAL_FLASH_Lock
                0x08001cd0       0x14 ./Drivers/STM32F4xx_HAL_Driver/Src/stm32f4xx_hal_flash.o
                0x08001cd0                HAL_FLASH_Lock
 .text.FLASH_WaitForLastOperation
                0x08001ce4       0x60 ./Drivers/STM32F4xx_HAL_Driver/Src/stm32f4xx_hal_flash.o
                0x08001ce4                FLASH_WaitForLastOperation
 .text.HAL_FLASH_Program
                0x08001d44       0x7c ./Drivers/STM32F4xx_HAL_Driver/Src/stm32f4xx_hal_flash.o
                0x08001d44                HAL_FLASH_Program
 .text.FLASH_MassErase
                0x08001dc0       0x24 ./Drivers/STM32F4xx_HAL_Driver/Src/stm32f4xx_hal_flash_ex.o
 .text.FLASH_Erase_Sector
                0x08001de4       0x4c ./Drivers/STM32F4xx_HAL_Driver/Src/stm32f4xx_hal_flash_ex.o
                0x08001de4                FLASH_Erase_Sector
 .text.FLASH_FlushCaches
                0x08001e30       0x60 ./Drivers/STM32F4xx_HAL_Driver/Src/stm32f4xx_hal_flash_ex.o
                0x08001e30                FLASH_FlushCaches
 .text.HAL_FLASHEx_Erase
                0x08001e90       0x94 ./Drivers/STM32F4xx_HAL_Driver/Src/stm32f4xx_hal_flash_ex.o
                0x08001e90                HAL_FLASHEx_Erase
 .text.HAL_GPIO_Init
                0x08001f24      0x1e0 ./Drivers/STM32F4xx_HAL_Driver/Src/stm32f4xx_hal_gpio.o
                0x08001f24                HAL_GPIO_Init
 .text.HAL_GPIO_WritePin
                0x08002104        0xc ./Drivers/STM32F4xx_HAL_Driver/Src/stm32f4xx_hal_gpio.o
                0x08002104                HAL_GPIO_WritePin
 .text.HAL_GPIO_EXTI_Callback
                0x08002110        0x2 ./Drivers/STM32F4xx_HAL_Driver/Src/stm32f4xx_hal_gpio.o
                0x08002110                HAL_GPIO_EXTI_Callback
 *fill*         0x08002112        0x2 
 .text.HAL_GPIO_EXTI_IRQHandler
                0x08002114       0x1c ./Drivers/STM32F4xx_HAL_Driver/Src/stm32f4xx_hal_gpio.o
                0x08002114                HAL_GPIO_EXTI_IRQHandler
 .text.HAL_I2C_Init
                0x08002130      0x1bc ./Drivers/STM32F4xx_HAL_Driver/Src/stm32f4xx_hal_i2c.o
                0x08002130                HAL_I2C_Init
 .text.HAL_PWREx_EnableOverDrive
                0x080022ec       0x7c ./Drivers/STM32F4xx_HAL_Driver/Src/stm32f4xx_hal_pwr_ex.o
                0x080022ec                HAL_PWREx_EnableOverDrive
 .text.HAL_RCC_ClockConfig
                0x08002368      0x160 ./Drivers/STM32F4xx_HAL_Driver/Src/stm32f4xx_hal_rcc.o
                0x08002368                HAL_RCC_ClockConfig
 .text.HAL_RCC_GetHCLKFreq
                0x080024c8        0xc ./Drivers/STM32F4xx_HAL_Driver/Src/stm32f4xx_hal_rcc.o
                0x080024c8                HAL_RCC_GetHCLKFreq
 .text.HAL_RCC_GetPCLK1Freq
                0x080024d4       0x20 ./Drivers/STM32F4xx_HAL_Driver/Src/stm32f4xx_hal_rcc.o
                0x080024d4                HAL_RCC_GetPCLK1Freq
 .text.HAL_RCC_GetPCLK2Freq
                0x080024f4       0x20 ./Drivers/STM32F4xx_HAL_Driver/Src/stm32f4xx_hal_rcc.o
                0x080024f4                HAL_RCC_GetPCLK2Freq
 .text.HAL_RCC_GetSysClockFreq
                0x08002514      0x128 ./Drivers/STM32F4xx_HAL_Driver/Src/stm32f4xx_hal_rcc_ex.o
                0x08002514                HAL_RCC_GetSysClockFreq
 .text.HAL_RCC_DeInit
                0x0800263c      0x178 ./Drivers/STM32F4xx_HAL_Driver/Src/stm32f4xx_hal_rcc_ex.o
                0x0800263c                HAL_RCC_DeInit
 .text.HAL_RCC_OscConfig
                0x080027b4      0x444 ./Drivers/STM32F4xx_HAL_Driver/Src/stm32f4xx_hal_rcc_ex.o
                0x080027b4                HAL_RCC_OscConfig
 .text.HAL_SPI_Init
                0x08002bf8       0xbe ./Drivers/STM32F4xx_HAL_Driver/Src/stm32f4xx_hal_spi.o
                0x08002bf8                HAL_SPI_Init
 .text.TIM_TI1_ConfigInputStage
                0x08002cb6       0x26 ./Drivers/STM32F4xx_HAL_Driver/Src/stm32f4xx_hal_tim.o
 .text.TIM_TI2_ConfigInputStage
                0x08002cdc       0x28 ./Drivers/STM32F4xx_HAL_Driver/Src/stm32f4xx_hal_tim.o
 .text.TIM_ITRx_SetConfig
                0x08002d04       0x10 ./Drivers/STM32F4xx_HAL_Driver/Src/stm32f4xx_hal_tim.o
 .text.HAL_TIM_Base_Start_IT
                0x08002d14       0x88 ./Drivers/STM32F4xx_HAL_Driver/Src/stm32f4xx_hal_tim.o
                0x08002d14                HAL_TIM_Base_Start_IT
 .text.HAL_TIM_OC_DelayElapsedCallback
                0x08002d9c        0x2 ./Drivers/STM32F4xx_HAL_Driver/Src/stm32f4xx_hal_tim.o
                0x08002d9c                HAL_TIM_OC_DelayElapsedCallback
 .text.HAL_TIM_IC_CaptureCallback
                0x08002d9e        0x2 ./Drivers/STM32F4xx_HAL_Driver/Src/stm32f4xx_hal_tim.o
                0x08002d9e                HAL_TIM_IC_CaptureCallback
 .text.HAL_TIM_PWM_PulseFinishedCallback
                0x08002da0        0x2 ./Drivers/STM32F4xx_HAL_Driver/Src/stm32f4xx_hal_tim.o
                0x08002da0                HAL_TIM_PWM_PulseFinishedCallback
 .text.HAL_TIM_TriggerCallback
                0x08002da2        0x2 ./Drivers/STM32F4xx_HAL_Driver/Src/stm32f4xx_hal_tim.o
                0x08002da2                HAL_TIM_TriggerCallback
 .text.HAL_TIM_IRQHandler
                0x08002da4      0x15e ./Drivers/STM32F4xx_HAL_Driver/Src/stm32f4xx_hal_tim.o
                0x08002da4                HAL_TIM_IRQHandler
 *fill*         0x08002f02        0x2 
 .text.TIM_Base_SetConfig
                0x08002f04       0xd0 ./Drivers/STM32F4xx_HAL_Driver/Src/stm32f4xx_hal_tim.o
                0x08002f04                TIM_Base_SetConfig
 .text.HAL_TIM_Base_Init
                0x08002fd4       0x58 ./Drivers/STM32F4xx_HAL_Driver/Src/stm32f4xx_hal_tim.o
                0x08002fd4                HAL_TIM_Base_Init
 .text.TIM_ETR_SetConfig
                0x0800302c       0x1a ./Drivers/STM32F4xx_HAL_Driver/Src/stm32f4xx_hal_tim.o
                0x0800302c                TIM_ETR_SetConfig
 .text.HAL_TIM_ConfigClockSource
                0x08003046       0xfe ./Drivers/STM32F4xx_HAL_Driver/Src/stm32f4xx_hal_tim.o
                0x08003046                HAL_TIM_ConfigClockSource
 .text.HAL_TIMEx_MasterConfigSynchronization
                0x08003144       0x8c ./Drivers/STM32F4xx_HAL_Driver/Src/stm32f4xx_hal_tim_ex.o
                0x08003144                HAL_TIMEx_MasterConfigSynchronization
 .text.HAL_TIMEx_CommutCallback
                0x080031d0        0x2 ./Drivers/STM32F4xx_HAL_Driver/Src/stm32f4xx_hal_tim_ex.o
                0x080031d0                HAL_TIMEx_CommutCallback
 .text.HAL_TIMEx_BreakCallback
                0x080031d2        0x2 ./Drivers/STM32F4xx_HAL_Driver/Src/stm32f4xx_hal_tim_ex.o
                0x080031d2                HAL_TIMEx_BreakCallback
 .text.UART_SetConfig
                0x080031d4      0x110 ./Drivers/STM32F4xx_HAL_Driver/Src/stm32f4xx_hal_uart.o
 .text.HAL_UART_Init
                0x080032e4       0x60 ./Drivers/STM32F4xx_HAL_Driver/Src/stm32f4xx_hal_uart.o
                0x080032e4                HAL_UART_Init
 .text.memset   0x08003344       0x10 C:/ST/STM32CubeIDE_1.16.0/STM32CubeIDE/plugins/com.st.stm32cube.ide.mcu.externaltools.gnu-tools-for-stm32.12.3.rel1.win32_1.0.200.202406191623/tools/bin/../lib/gcc/arm-none-eabi/12.3.1/../../../../arm-none-eabi/lib/thumb/v7e-m+fp/hard\libc_nano.a(libc_a-memset.o)
                0x08003344                memset
 .text.__libc_init_array
                0x08003354       0x48 C:/ST/STM32CubeIDE_1.16.0/STM32CubeIDE/plugins/com.st.stm32cube.ide.mcu.externaltools.gnu-tools-for-stm32.12.3.rel1.win32_1.0.200.202406191623/tools/bin/../lib/gcc/arm-none-eabi/12.3.1/../../../../arm-none-eabi/lib/thumb/v7e-m+fp/hard\libc_nano.a(libc_a-init.o)
                0x08003354                __libc_init_array
 *(.glue_7)
 .glue_7        0x0800339c        0x0 linker stubs
 *(.glue_7t)
 .glue_7t       0x0800339c        0x0 linker stubs
 *(.eh_frame)
 .eh_frame      0x0800339c        0x0 C:/ST/STM32CubeIDE_1.16.0/STM32CubeIDE/plugins/com.st.stm32cube.ide.mcu.externaltools.gnu-tools-for-stm32.12.3.rel1.win32_1.0.200.202406191623/tools/bin/../lib/gcc/arm-none-eabi/12.3.1/thumb/v7e-m+fp/hard/crtbegin.o
 *(.init)
 .init          0x0800339c        0x4 C:/ST/STM32CubeIDE_1.16.0/STM32CubeIDE/plugins/com.st.stm32cube.ide.mcu.externaltools.gnu-tools-for-stm32.12.3.rel1.win32_1.0.200.202406191623/tools/bin/../lib/gcc/arm-none-eabi/12.3.1/thumb/v7e-m+fp/hard/crti.o
                0x0800339c                _init
 .init          0x080033a0        0x8 C:/ST/STM32CubeIDE_1.16.0/STM32CubeIDE/plugins/com.st.stm32cube.ide.mcu.externaltools.gnu-tools-for-stm32.12.3.rel1.win32_1.0.200.202406191623/tools/bin/../lib/gcc/arm-none-eabi/12.3.1/thumb/v7e-m+fp/hard/crtn.o
 *(.fini)
 .fini          0x080033a8        0x4 C:/ST/STM32CubeIDE_1.16.0/STM32CubeIDE/plugins/com.st.stm32cube.ide.mcu.externaltools.gnu-tools-for-stm32.12.3.rel1.win32_1.0.200.202406191623/tools/bin/../lib/gcc/arm-none-eabi/12.3.1/thumb/v7e-m+fp/hard/crti.o
                0x080033a8                _fini
 .fini          0x080033ac        0x8 C:/ST/STM32CubeIDE_1.16.0/STM32CubeIDE/plugins/com.st.stm32cube.ide.mcu.externaltools.gnu-tools-for-stm32.12.3.rel1.win32_1.0.200.202406191623/tools/bin/../lib/gcc/arm-none-eabi/12.3.1/thumb/v7e-m+fp/hard/crtn.o
                0x080033b4                        . = ALIGN (0x4)
                0x080033b4                        _etext = .

.vfp11_veneer   0x080033b4        0x0
 .vfp11_veneer  0x080033b4        0x0 linker stubs

.v4_bx          0x080033b4        0x0
 .v4_bx         0x080033b4        0x0 linker stubs

.iplt           0x080033b4        0x0
 .iplt          0x080033b4        0x0 C:/ST/STM32CubeIDE_1.16.0/STM32CubeIDE/plugins/com.st.stm32cube.ide.mcu.externaltools.gnu-tools-for-stm32.12.3.rel1.win32_1.0.200.202406191623/tools/bin/../lib/gcc/arm-none-eabi/12.3.1/thumb/v7e-m+fp/hard/crtbegin.o

.rodata         0x080033b4       0x40
                0x080033b4                        . = ALIGN (0x4)
 *(.rodata)
 *(.rodata*)
 .rodata.CONF_FIRMWARE_INFO
                0x080033b4       0x20 ./Core/Common/bootloader.o
                0x080033b4                CONF_FIRMWARE_INFO
 .rodata.APBPrescTable
                0x080033d4        0x8 ./Core/Src/system_stm32f4xx.o
                0x080033d4                APBPrescTable
 .rodata.AHBPrescTable
                0x080033dc       0x10 ./Core/Src/system_stm32f4xx.o
                0x080033dc                AHBPrescTable
 .rodata.flagBitshiftOffset.0
                0x080033ec        0x8 ./Drivers/STM32F4xx_HAL_Driver/Src/stm32f4xx_hal_dma.o
                0x080033f4                        . = ALIGN (0x4)

.ARM.extab      0x080033f4        0x0
                0x080033f4                        . = ALIGN (0x4)
 *(.ARM.extab* .gnu.linkonce.armextab.*)
                0x080033f4                        . = ALIGN (0x4)

.ARM            0x080033f4        0x8
                0x080033f4                        . = ALIGN (0x4)
                0x080033f4                        __exidx_start = .
 *(.ARM.exidx*)
 .ARM.exidx     0x080033f4        0x8 C:/ST/STM32CubeIDE_1.16.0/STM32CubeIDE/plugins/com.st.stm32cube.ide.mcu.externaltools.gnu-tools-for-stm32.12.3.rel1.win32_1.0.200.202406191623/tools/bin/../lib/gcc/arm-none-eabi/12.3.1/thumb/v7e-m+fp/hard\libgcc.a(_udivmoddi4.o)
                0x080033fc                        __exidx_end = .
                0x080033fc                        . = ALIGN (0x4)

.preinit_array  0x080033fc        0x0
                0x080033fc                        . = ALIGN (0x4)
                0x080033fc                        PROVIDE (__preinit_array_start = .)
 *(.preinit_array*)
                0x080033fc                        PROVIDE (__preinit_array_end = .)
                0x080033fc                        . = ALIGN (0x4)

.init_array     0x080033fc        0x4
                0x080033fc                        . = ALIGN (0x4)
                0x080033fc                        PROVIDE (__init_array_start = .)
 *(SORT_BY_NAME(.init_array.*))
 *(.init_array*)
 .init_array    0x080033fc        0x4 C:/ST/STM32CubeIDE_1.16.0/STM32CubeIDE/plugins/com.st.stm32cube.ide.mcu.externaltools.gnu-tools-for-stm32.12.3.rel1.win32_1.0.200.202406191623/tools/bin/../lib/gcc/arm-none-eabi/12.3.1/thumb/v7e-m+fp/hard/crtbegin.o
                0x08003400                        PROVIDE (__init_array_end = .)
                0x08003400                        . = ALIGN (0x4)

.fini_array     0x08003400        0x4
                0x08003400                        . = ALIGN (0x4)
                [!provide]                        PROVIDE (__fini_array_start = .)
 *(SORT_BY_NAME(.fini_array.*))
 *(.fini_array*)
 .fini_array    0x08003400        0x4 C:/ST/STM32CubeIDE_1.16.0/STM32CubeIDE/plugins/com.st.stm32cube.ide.mcu.externaltools.gnu-tools-for-stm32.12.3.rel1.win32_1.0.200.202406191623/tools/bin/../lib/gcc/arm-none-eabi/12.3.1/thumb/v7e-m+fp/hard/crtbegin.o
                [!provide]                        PROVIDE (__fini_array_end = .)
                0x08003404                        . = ALIGN (0x4)
                0x08003404                        _sidata = LOADADDR (.data)

.rel.dyn        0x08003404        0x0
 .rel.iplt      0x08003404        0x0 C:/ST/STM32CubeIDE_1.16.0/STM32CubeIDE/plugins/com.st.stm32cube.ide.mcu.externaltools.gnu-tools-for-stm32.12.3.rel1.win32_1.0.200.202406191623/tools/bin/../lib/gcc/arm-none-eabi/12.3.1/thumb/v7e-m+fp/hard/crtbegin.o

.data           0x200000c0        0xc load address 0x08003404
                0x200000c0                        . = ALIGN (0x4)
                0x200000c0                        _sdata = .
 *(.data)
 *(.data*)
 .data.SystemCoreClock
                0x200000c0        0x4 ./Core/Src/system_stm32f4xx.o
                0x200000c0                SystemCoreClock
 .data.uwTickFreq
                0x200000c4        0x1 ./Drivers/STM32F4xx_HAL_Driver/Src/stm32f4xx_hal.o
                0x200000c4                uwTickFreq
 *fill*         0x200000c5        0x3 
 .data.uwTickPrio
                0x200000c8        0x4 ./Drivers/STM32F4xx_HAL_Driver/Src/stm32f4xx_hal.o
                0x200000c8                uwTickPrio
 *(.RamFunc)
 *(.RamFunc*)
                0x200000cc                        . = ALIGN (0x4)
                0x200000cc                        _edata = .

.igot.plt       0x200000cc        0x0 load address 0x08003410
 .igot.plt      0x200000cc        0x0 C:/ST/STM32CubeIDE_1.16.0/STM32CubeIDE/plugins/com.st.stm32cube.ide.mcu.externaltools.gnu-tools-for-stm32.12.3.rel1.win32_1.0.200.202406191623/tools/bin/../lib/gcc/arm-none-eabi/12.3.1/thumb/v7e-m+fp/hard/crtbegin.o
                0x200000cc                        . = ALIGN (0x4)

.bss            0x200000cc      0x2c4 load address 0x08003410
                0x200000cc                        _sbss = .
                0x200000cc                        __bss_start__ = _sbss
 *(.bss)
 .bss           0x200000cc       0x1c C:/ST/STM32CubeIDE_1.16.0/STM32CubeIDE/plugins/com.st.stm32cube.ide.mcu.externaltools.gnu-tools-for-stm32.12.3.rel1.win32_1.0.200.202406191623/tools/bin/../lib/gcc/arm-none-eabi/12.3.1/thumb/v7e-m+fp/hard/crtbegin.o
 *(.bss*)
 .bss.hcrc      0x200000e8        0x8 ./Core/Common/system_msp.o
 .bss.hdma_adc1
                0x200000f0       0x60 ./Core/Src/adc.o
                0x200000f0                hdma_adc1
 .bss.hadc3     0x20000150       0x48 ./Core/Src/adc.o
                0x20000150                hadc3
 .bss.hadc1     0x20000198       0x48 ./Core/Src/adc.o
                0x20000198                hadc1
 .bss.hcrc      0x200001e0        0x8 ./Core/Src/crc.o
                0x200001e0                hcrc
 .bss.hi2c1     0x200001e8       0x54 ./Core/Src/i2c.o
                0x200001e8                hi2c1
 .bss.hspi2     0x2000023c       0x58 ./Core/Src/spi.o
                0x2000023c                hspi2
 .bss.htim14    0x20000294       0x48 ./Core/Src/tim.o
                0x20000294                htim14
 .bss.htim2     0x200002dc       0x48 ./Core/Src/tim.o
                0x200002dc                htim2
 .bss.huart5    0x20000324       0x48 ./Core/Src/usart.o
                0x20000324                huart5
 .bss.uwTick    0x2000036c        0x4 ./Drivers/STM32F4xx_HAL_Driver/Src/stm32f4xx_hal.o
                0x2000036c                uwTick
 .bss.pFlash    0x20000370       0x20 ./Drivers/STM32F4xx_HAL_Driver/Src/stm32f4xx_hal_flash.o
                0x20000370                pFlash
 *(COMMON)
                0x20000390                        . = ALIGN (0x4)
                0x20000390                        _ebss = .
                0x20000390                        __bss_end__ = _ebss

._user_heap_stack
                0x20000390      0x600 load address 0x08003410
                0x20000390                        . = ALIGN (0x8)
                [!provide]                        PROVIDE (end = .)
                0x20000390                        PROVIDE (_end = .)
                0x20000590                        . = (. + _Min_Heap_Size)
 *fill*         0x20000390      0x200 
                0x20000990                        . = (. + _Min_Stack_Size)
 *fill*         0x20000590      0x400 
                0x20000990                        . = ALIGN (0x8)

/DISCARD/
 libc.a(*)
 libm.a(*)
 libgcc.a(*)

.ARM.attributes
                0x00000000       0x30
 *(.ARM.attributes)
 .ARM.attributes
                0x00000000       0x22 C:/ST/STM32CubeIDE_1.16.0/STM32CubeIDE/plugins/com.st.stm32cube.ide.mcu.externaltools.gnu-tools-for-stm32.12.3.rel1.win32_1.0.200.202406191623/tools/bin/../lib/gcc/arm-none-eabi/12.3.1/thumb/v7e-m+fp/hard/crti.o
 .ARM.attributes
                0x00000022       0x34 C:/ST/STM32CubeIDE_1.16.0/STM32CubeIDE/plugins/com.st.stm32cube.ide.mcu.externaltools.gnu-tools-for-stm32.12.3.rel1.win32_1.0.200.202406191623/tools/bin/../lib/gcc/arm-none-eabi/12.3.1/thumb/v7e-m+fp/hard/crtbegin.o
 .ARM.attributes
                0x00000056       0x34 ./Core/Common/bootloader.o
 .ARM.attributes
                0x0000008a       0x34 ./Core/Common/system_msp.o
 .ARM.attributes
                0x000000be       0x34 ./Core/Src/adc.o
 .ARM.attributes
                0x000000f2       0x34 ./Core/Src/crc.o
 .ARM.attributes
                0x00000126       0x34 ./Core/Src/dma.o
 .ARM.attributes
                0x0000015a       0x34 ./Core/Src/gpio.o
 .ARM.attributes
                0x0000018e       0x34 ./Core/Src/i2c.o
 .ARM.attributes
                0x000001c2       0x34 ./Core/Src/main.o
 .ARM.attributes
                0x000001f6       0x34 ./Core/Src/spi.o
 .ARM.attributes
                0x0000022a       0x34 ./Core/Src/stm32f4xx_hal_msp.o
 .ARM.attributes
                0x0000025e       0x34 ./Core/Src/stm32f4xx_it.o
 .ARM.attributes
                0x00000292       0x34 ./Core/Src/system_stm32f4xx.o
 .ARM.attributes
                0x000002c6       0x34 ./Core/Src/tim.o
 .ARM.attributes
                0x000002fa       0x34 ./Core/Src/usart.o
 .ARM.attributes
                0x0000032e       0x21 ./Core/Startup/startup_stm32f417vgtx.o
 .ARM.attributes
                0x0000034f       0x34 ./Drivers/STM32F4xx_HAL_Driver/Src/stm32f4xx_hal.o
 .ARM.attributes
                0x00000383       0x34 ./Drivers/STM32F4xx_HAL_Driver/Src/stm32f4xx_hal_adc.o
 .ARM.attributes
                0x000003b7       0x34 ./Drivers/STM32F4xx_HAL_Driver/Src/stm32f4xx_hal_cortex.o
 .ARM.attributes
                0x000003eb       0x34 ./Drivers/STM32F4xx_HAL_Driver/Src/stm32f4xx_hal_crc.o
 .ARM.attributes
                0x0000041f       0x34 ./Drivers/STM32F4xx_HAL_Driver/Src/stm32f4xx_hal_dma.o
 .ARM.attributes
                0x00000453       0x34 ./Drivers/STM32F4xx_HAL_Driver/Src/stm32f4xx_hal_flash.o
 .ARM.attributes
                0x00000487       0x34 ./Drivers/STM32F4xx_HAL_Driver/Src/stm32f4xx_hal_flash_ex.o
 .ARM.attributes
                0x000004bb       0x34 ./Drivers/STM32F4xx_HAL_Driver/Src/stm32f4xx_hal_gpio.o
 .ARM.attributes
                0x000004ef       0x34 ./Drivers/STM32F4xx_HAL_Driver/Src/stm32f4xx_hal_i2c.o
 .ARM.attributes
                0x00000523       0x34 ./Drivers/STM32F4xx_HAL_Driver/Src/stm32f4xx_hal_pwr_ex.o
 .ARM.attributes
                0x00000557       0x34 ./Drivers/STM32F4xx_HAL_Driver/Src/stm32f4xx_hal_rcc.o
 .ARM.attributes
                0x0000058b       0x34 ./Drivers/STM32F4xx_HAL_Driver/Src/stm32f4xx_hal_rcc_ex.o
 .ARM.attributes
                0x000005bf       0x34 ./Drivers/STM32F4xx_HAL_Driver/Src/stm32f4xx_hal_spi.o
 .ARM.attributes
                0x000005f3       0x34 ./Drivers/STM32F4xx_HAL_Driver/Src/stm32f4xx_hal_tim.o
 .ARM.attributes
                0x00000627       0x34 ./Drivers/STM32F4xx_HAL_Driver/Src/stm32f4xx_hal_tim_ex.o
 .ARM.attributes
                0x0000065b       0x34 ./Drivers/STM32F4xx_HAL_Driver/Src/stm32f4xx_hal_uart.o
 .ARM.attributes
                0x0000068f       0x34 C:/ST/STM32CubeIDE_1.16.0/STM32CubeIDE/plugins/com.st.stm32cube.ide.mcu.externaltools.gnu-tools-for-stm32.12.3.rel1.win32_1.0.200.202406191623/tools/bin/../lib/gcc/arm-none-eabi/12.3.1/../../../../arm-none-eabi/lib/thumb/v7e-m+fp/hard\libc_nano.a(libc_a-memset.o)
 .ARM.attributes
                0x000006c3       0x34 C:/ST/STM32CubeIDE_1.16.0/STM32CubeIDE/plugins/com.st.stm32cube.ide.mcu.externaltools.gnu-tools-for-stm32.12.3.rel1.win32_1.0.200.202406191623/tools/bin/../lib/gcc/arm-none-eabi/12.3.1/../../../../arm-none-eabi/lib/thumb/v7e-m+fp/hard\libc_nano.a(libc_a-init.o)
 .ARM.attributes
                0x000006f7       0x22 C:/ST/STM32CubeIDE_1.16.0/STM32CubeIDE/plugins/com.st.stm32cube.ide.mcu.externaltools.gnu-tools-for-stm32.12.3.rel1.win32_1.0.200.202406191623/tools/bin/../lib/gcc/arm-none-eabi/12.3.1/thumb/v7e-m+fp/hard\libgcc.a(_aeabi_uldivmod.o)
 .ARM.attributes
                0x00000719       0x34 C:/ST/STM32CubeIDE_1.16.0/STM32CubeIDE/plugins/com.st.stm32cube.ide.mcu.externaltools.gnu-tools-for-stm32.12.3.rel1.win32_1.0.200.202406191623/tools/bin/../lib/gcc/arm-none-eabi/12.3.1/thumb/v7e-m+fp/hard\libgcc.a(_udivmoddi4.o)
 .ARM.attributes
                0x0000074d       0x22 C:/ST/STM32CubeIDE_1.16.0/STM32CubeIDE/plugins/com.st.stm32cube.ide.mcu.externaltools.gnu-tools-for-stm32.12.3.rel1.win32_1.0.200.202406191623/tools/bin/../lib/gcc/arm-none-eabi/12.3.1/thumb/v7e-m+fp/hard\libgcc.a(_dvmd_tls.o)
 .ARM.attributes
                0x0000076f       0x22 C:/ST/STM32CubeIDE_1.16.0/STM32CubeIDE/plugins/com.st.stm32cube.ide.mcu.externaltools.gnu-tools-for-stm32.12.3.rel1.win32_1.0.200.202406191623/tools/bin/../lib/gcc/arm-none-eabi/12.3.1/thumb/v7e-m+fp/hard/crtn.o
OUTPUT(StepMeas_BTL.elf elf32-littlearm)
LOAD linker stubs
LOAD C:/ST/STM32CubeIDE_1.16.0/STM32CubeIDE/plugins/com.st.stm32cube.ide.mcu.externaltools.gnu-tools-for-stm32.12.3.rel1.win32_1.0.200.202406191623/tools/bin/../lib/gcc/arm-none-eabi/12.3.1/../../../../arm-none-eabi/lib/thumb/v7e-m+fp/hard\libc.a
LOAD C:/ST/STM32CubeIDE_1.16.0/STM32CubeIDE/plugins/com.st.stm32cube.ide.mcu.externaltools.gnu-tools-for-stm32.12.3.rel1.win32_1.0.200.202406191623/tools/bin/../lib/gcc/arm-none-eabi/12.3.1/../../../../arm-none-eabi/lib/thumb/v7e-m+fp/hard\libm.a
LOAD C:/ST/STM32CubeIDE_1.16.0/STM32CubeIDE/plugins/com.st.stm32cube.ide.mcu.externaltools.gnu-tools-for-stm32.12.3.rel1.win32_1.0.200.202406191623/tools/bin/../lib/gcc/arm-none-eabi/12.3.1/thumb/v7e-m+fp/hard\libgcc.a

.debug_info     0x00000000    0x1d457
 .debug_info    0x00000000      0x551 ./Core/Common/bootloader.o
 .debug_info    0x00000551      0xe1d ./Core/Common/system_msp.o
 .debug_info    0x0000136e      0xc6e ./Core/Src/adc.o
 .debug_info    0x00001fdc      0x475 ./Core/Src/crc.o
 .debug_info    0x00002451      0x534 ./Core/Src/dma.o
 .debug_info    0x00002985      0x7d2 ./Core/Src/gpio.o
 .debug_info    0x00003157      0xa23 ./Core/Src/i2c.o
 .debug_info    0x00003b7a      0xd19 ./Core/Src/main.o
 .debug_info    0x00004893      0xa52 ./Core/Src/spi.o
 .debug_info    0x000052e5      0x2a0 ./Core/Src/stm32f4xx_hal_msp.o
 .debug_info    0x00005585      0x7b5 ./Core/Src/stm32f4xx_it.o
 .debug_info    0x00005d3a      0x563 ./Core/Src/system_stm32f4xx.o
 .debug_info    0x0000629d      0xe40 ./Core/Src/tim.o
 .debug_info    0x000070dd      0xa0b ./Core/Src/usart.o
 .debug_info    0x00007ae8       0x30 ./Core/Startup/startup_stm32f417vgtx.o
 .debug_info    0x00007b18      0xa3c ./Drivers/STM32F4xx_HAL_Driver/Src/stm32f4xx_hal.o
 .debug_info    0x00008554      0xe8e ./Drivers/STM32F4xx_HAL_Driver/Src/stm32f4xx_hal_adc.o
 .debug_info    0x000093e2      0xfdd ./Drivers/STM32F4xx_HAL_Driver/Src/stm32f4xx_hal_cortex.o
 .debug_info    0x0000a3bf      0x3c0 ./Drivers/STM32F4xx_HAL_Driver/Src/stm32f4xx_hal_crc.o
 .debug_info    0x0000a77f      0xadd ./Drivers/STM32F4xx_HAL_Driver/Src/stm32f4xx_hal_dma.o
 .debug_info    0x0000b25c      0x710 ./Drivers/STM32F4xx_HAL_Driver/Src/stm32f4xx_hal_flash.o
 .debug_info    0x0000b96c      0x9c5 ./Drivers/STM32F4xx_HAL_Driver/Src/stm32f4xx_hal_flash_ex.o
 .debug_info    0x0000c331      0x750 ./Drivers/STM32F4xx_HAL_Driver/Src/stm32f4xx_hal_gpio.o
 .debug_info    0x0000ca81     0x37cd ./Drivers/STM32F4xx_HAL_Driver/Src/stm32f4xx_hal_i2c.o
 .debug_info    0x0001024e      0x7aa ./Drivers/STM32F4xx_HAL_Driver/Src/stm32f4xx_hal_pwr_ex.o
 .debug_info    0x000109f8      0xac1 ./Drivers/STM32F4xx_HAL_Driver/Src/stm32f4xx_hal_rcc.o
 .debug_info    0x000114b9      0xc5d ./Drivers/STM32F4xx_HAL_Driver/Src/stm32f4xx_hal_rcc_ex.o
 .debug_info    0x00012116     0x1ca6 ./Drivers/STM32F4xx_HAL_Driver/Src/stm32f4xx_hal_spi.o
 .debug_info    0x00013dbc     0x3be4 ./Drivers/STM32F4xx_HAL_Driver/Src/stm32f4xx_hal_tim.o
 .debug_info    0x000179a0     0x1acc ./Drivers/STM32F4xx_HAL_Driver/Src/stm32f4xx_hal_tim_ex.o
 .debug_info    0x0001946c     0x3feb ./Drivers/STM32F4xx_HAL_Driver/Src/stm32f4xx_hal_uart.o

.debug_abbrev   0x00000000     0x42d9
 .debug_abbrev  0x00000000      0x1d4 ./Core/Common/bootloader.o
 .debug_abbrev  0x000001d4      0x36b ./Core/Common/system_msp.o
 .debug_abbrev  0x0000053f      0x229 ./Core/Src/adc.o
 .debug_abbrev  0x00000768      0x1b8 ./Core/Src/crc.o
 .debug_abbrev  0x00000920      0x12d ./Core/Src/dma.o
 .debug_abbrev  0x00000a4d      0x188 ./Core/Src/gpio.o
 .debug_abbrev  0x00000bd5      0x211 ./Core/Src/i2c.o
 .debug_abbrev  0x00000de6      0x253 ./Core/Src/main.o
 .debug_abbrev  0x00001039      0x21a ./Core/Src/spi.o
 .debug_abbrev  0x00001253       0xd8 ./Core/Src/stm32f4xx_hal_msp.o
 .debug_abbrev  0x0000132b      0x1c6 ./Core/Src/stm32f4xx_it.o
 .debug_abbrev  0x000014f1      0x120 ./Core/Src/system_stm32f4xx.o
 .debug_abbrev  0x00001611      0x254 ./Core/Src/tim.o
 .debug_abbrev  0x00001865      0x219 ./Core/Src/usart.o
 .debug_abbrev  0x00001a7e       0x24 ./Core/Startup/startup_stm32f417vgtx.o
 .debug_abbrev  0x00001aa2      0x242 ./Drivers/STM32F4xx_HAL_Driver/Src/stm32f4xx_hal.o
 .debug_abbrev  0x00001ce4      0x27a ./Drivers/STM32F4xx_HAL_Driver/Src/stm32f4xx_hal_adc.o
 .debug_abbrev  0x00001f5e      0x393 ./Drivers/STM32F4xx_HAL_Driver/Src/stm32f4xx_hal_cortex.o
 .debug_abbrev  0x000022f1      0x1d9 ./Drivers/STM32F4xx_HAL_Driver/Src/stm32f4xx_hal_crc.o
 .debug_abbrev  0x000024ca      0x2c2 ./Drivers/STM32F4xx_HAL_Driver/Src/stm32f4xx_hal_dma.o
 .debug_abbrev  0x0000278c      0x291 ./Drivers/STM32F4xx_HAL_Driver/Src/stm32f4xx_hal_flash.o
 .debug_abbrev  0x00002a1d      0x26a ./Drivers/STM32F4xx_HAL_Driver/Src/stm32f4xx_hal_flash_ex.o
 .debug_abbrev  0x00002c87      0x204 ./Drivers/STM32F4xx_HAL_Driver/Src/stm32f4xx_hal_gpio.o
 .debug_abbrev  0x00002e8b      0x2c5 ./Drivers/STM32F4xx_HAL_Driver/Src/stm32f4xx_hal_i2c.o
 .debug_abbrev  0x00003150      0x1e8 ./Drivers/STM32F4xx_HAL_Driver/Src/stm32f4xx_hal_pwr_ex.o
 .debug_abbrev  0x00003338      0x2c9 ./Drivers/STM32F4xx_HAL_Driver/Src/stm32f4xx_hal_rcc.o
 .debug_abbrev  0x00003601      0x258 ./Drivers/STM32F4xx_HAL_Driver/Src/stm32f4xx_hal_rcc_ex.o
 .debug_abbrev  0x00003859      0x274 ./Drivers/STM32F4xx_HAL_Driver/Src/stm32f4xx_hal_spi.o
 .debug_abbrev  0x00003acd      0x273 ./Drivers/STM32F4xx_HAL_Driver/Src/stm32f4xx_hal_tim.o
 .debug_abbrev  0x00003d40      0x271 ./Drivers/STM32F4xx_HAL_Driver/Src/stm32f4xx_hal_tim_ex.o
 .debug_abbrev  0x00003fb1      0x328 ./Drivers/STM32F4xx_HAL_Driver/Src/stm32f4xx_hal_uart.o

.debug_loclists
                0x00000000     0xe285
 .debug_loclists
                0x00000000      0x136 ./Core/Common/bootloader.o
 .debug_loclists
                0x00000136      0x2d1 ./Core/Common/system_msp.o
 .debug_loclists
                0x00000407       0x7d ./Core/Src/adc.o
 .debug_loclists
                0x00000484       0x4b ./Core/Src/i2c.o
 .debug_loclists
                0x000004cf       0x5d ./Core/Src/spi.o
 .debug_loclists
                0x0000052c       0xdb ./Core/Src/system_stm32f4xx.o
 .debug_loclists
                0x00000607       0x7e ./Core/Src/tim.o
 .debug_loclists
                0x00000685       0x5d ./Core/Src/usart.o
 .debug_loclists
                0x000006e2       0xc9 ./Drivers/STM32F4xx_HAL_Driver/Src/stm32f4xx_hal.o
 .debug_loclists
                0x000007ab      0x810 ./Drivers/STM32F4xx_HAL_Driver/Src/stm32f4xx_hal_adc.o
 .debug_loclists
                0x00000fbb      0x439 ./Drivers/STM32F4xx_HAL_Driver/Src/stm32f4xx_hal_cortex.o
 .debug_loclists
                0x000013f4      0x141 ./Drivers/STM32F4xx_HAL_Driver/Src/stm32f4xx_hal_crc.o
 .debug_loclists
                0x00001535      0x763 ./Drivers/STM32F4xx_HAL_Driver/Src/stm32f4xx_hal_dma.o
 .debug_loclists
                0x00001c98      0x21d ./Drivers/STM32F4xx_HAL_Driver/Src/stm32f4xx_hal_flash.o
 .debug_loclists
                0x00001eb5      0x40a ./Drivers/STM32F4xx_HAL_Driver/Src/stm32f4xx_hal_flash_ex.o
 .debug_loclists
                0x000022bf      0x356 ./Drivers/STM32F4xx_HAL_Driver/Src/stm32f4xx_hal_gpio.o
 .debug_loclists
                0x00002615     0x2b78 ./Drivers/STM32F4xx_HAL_Driver/Src/stm32f4xx_hal_i2c.o
 .debug_loclists
                0x0000518d      0x14e ./Drivers/STM32F4xx_HAL_Driver/Src/stm32f4xx_hal_pwr_ex.o
 .debug_loclists
                0x000052db      0x3a9 ./Drivers/STM32F4xx_HAL_Driver/Src/stm32f4xx_hal_rcc.o
 .debug_loclists
                0x00005684      0x9f2 ./Drivers/STM32F4xx_HAL_Driver/Src/stm32f4xx_hal_rcc_ex.o
 .debug_loclists
                0x00006076     0x1229 ./Drivers/STM32F4xx_HAL_Driver/Src/stm32f4xx_hal_spi.o
 .debug_loclists
                0x0000729f     0x3327 ./Drivers/STM32F4xx_HAL_Driver/Src/stm32f4xx_hal_tim.o
 .debug_loclists
                0x0000a5c6     0x129e ./Drivers/STM32F4xx_HAL_Driver/Src/stm32f4xx_hal_tim_ex.o
 .debug_loclists
                0x0000b864     0x2a21 ./Drivers/STM32F4xx_HAL_Driver/Src/stm32f4xx_hal_uart.o

.debug_aranges  0x00000000     0x1600
 .debug_aranges
                0x00000000       0x40 ./Core/Common/bootloader.o
 .debug_aranges
                0x00000040       0x98 ./Core/Common/system_msp.o
 .debug_aranges
                0x000000d8       0x38 ./Core/Src/adc.o
 .debug_aranges
                0x00000110       0x30 ./Core/Src/crc.o
 .debug_aranges
                0x00000140       0x20 ./Core/Src/dma.o
 .debug_aranges
                0x00000160       0x20 ./Core/Src/gpio.o
 .debug_aranges
                0x00000180       0x30 ./Core/Src/i2c.o
 .debug_aranges
                0x000001b0       0x38 ./Core/Src/main.o
 .debug_aranges
                0x000001e8       0x30 ./Core/Src/spi.o
 .debug_aranges
                0x00000218       0x20 ./Core/Src/stm32f4xx_hal_msp.o
 .debug_aranges
                0x00000238       0x80 ./Core/Src/stm32f4xx_it.o
 .debug_aranges
                0x000002b8       0x28 ./Core/Src/system_stm32f4xx.o
 .debug_aranges
                0x000002e0       0x40 ./Core/Src/tim.o
 .debug_aranges
                0x00000320       0x30 ./Core/Src/usart.o
 .debug_aranges
                0x00000350       0x28 ./Core/Startup/startup_stm32f417vgtx.o
 .debug_aranges
                0x00000378       0xf0 ./Drivers/STM32F4xx_HAL_Driver/Src/stm32f4xx_hal.o
 .debug_aranges
                0x00000468       0xe8 ./Drivers/STM32F4xx_HAL_Driver/Src/stm32f4xx_hal_adc.o
 .debug_aranges
                0x00000550       0xf8 ./Drivers/STM32F4xx_HAL_Driver/Src/stm32f4xx_hal_cortex.o
 .debug_aranges
                0x00000648       0x50 ./Drivers/STM32F4xx_HAL_Driver/Src/stm32f4xx_hal_crc.o
 .debug_aranges
                0x00000698       0x90 ./Drivers/STM32F4xx_HAL_Driver/Src/stm32f4xx_hal_dma.o
 .debug_aranges
                0x00000728       0xa0 ./Drivers/STM32F4xx_HAL_Driver/Src/stm32f4xx_hal_flash.o
 .debug_aranges
                0x000007c8       0xc8 ./Drivers/STM32F4xx_HAL_Driver/Src/stm32f4xx_hal_flash_ex.o
 .debug_aranges
                0x00000890       0x58 ./Drivers/STM32F4xx_HAL_Driver/Src/stm32f4xx_hal_gpio.o
 .debug_aranges
                0x000008e8      0x2a8 ./Drivers/STM32F4xx_HAL_Driver/Src/stm32f4xx_hal_i2c.o
 .debug_aranges
                0x00000b90       0x60 ./Drivers/STM32F4xx_HAL_Driver/Src/stm32f4xx_hal_pwr_ex.o
 .debug_aranges
                0x00000bf0       0x88 ./Drivers/STM32F4xx_HAL_Driver/Src/stm32f4xx_hal_rcc.o
 .debug_aranges
                0x00000c78       0x78 ./Drivers/STM32F4xx_HAL_Driver/Src/stm32f4xx_hal_rcc_ex.o
 .debug_aranges
                0x00000cf0      0x1d0 ./Drivers/STM32F4xx_HAL_Driver/Src/stm32f4xx_hal_spi.o
 .debug_aranges
                0x00000ec0      0x3d0 ./Drivers/STM32F4xx_HAL_Driver/Src/stm32f4xx_hal_tim.o
 .debug_aranges
                0x00001290      0x168 ./Drivers/STM32F4xx_HAL_Driver/Src/stm32f4xx_hal_tim_ex.o
 .debug_aranges
                0x000013f8      0x208 ./Drivers/STM32F4xx_HAL_Driver/Src/stm32f4xx_hal_uart.o

.debug_rnglists
                0x00000000     0x10cb
 .debug_rnglists
                0x00000000       0x2c ./Core/Common/bootloader.o
 .debug_rnglists
                0x0000002c       0x6d ./Core/Common/system_msp.o
 .debug_rnglists
                0x00000099       0x27 ./Core/Src/adc.o
 .debug_rnglists
                0x000000c0       0x1f ./Core/Src/crc.o
 .debug_rnglists
                0x000000df       0x13 ./Core/Src/dma.o
 .debug_rnglists
                0x000000f2       0x14 ./Core/Src/gpio.o
 .debug_rnglists
                0x00000106       0x1f ./Core/Src/i2c.o
 .debug_rnglists
                0x00000125       0x26 ./Core/Src/main.o
 .debug_rnglists
                0x0000014b       0x20 ./Core/Src/spi.o
 .debug_rnglists
                0x0000016b       0x13 ./Core/Src/stm32f4xx_hal_msp.o
 .debug_rnglists
                0x0000017e       0x5b ./Core/Src/stm32f4xx_it.o
 .debug_rnglists
                0x000001d9       0x1a ./Core/Src/system_stm32f4xx.o
 .debug_rnglists
                0x000001f3       0x2b ./Core/Src/tim.o
 .debug_rnglists
                0x0000021e       0x20 ./Core/Src/usart.o
 .debug_rnglists
                0x0000023e       0x19 ./Core/Startup/startup_stm32f417vgtx.o
 .debug_rnglists
                0x00000257       0xaf ./Drivers/STM32F4xx_HAL_Driver/Src/stm32f4xx_hal.o
 .debug_rnglists
                0x00000306       0xb0 ./Drivers/STM32F4xx_HAL_Driver/Src/stm32f4xx_hal_adc.o
 .debug_rnglists
                0x000003b6       0xb5 ./Drivers/STM32F4xx_HAL_Driver/Src/stm32f4xx_hal_cortex.o
 .debug_rnglists
                0x0000046b       0x37 ./Drivers/STM32F4xx_HAL_Driver/Src/stm32f4xx_hal_crc.o
 .debug_rnglists
                0x000004a2       0x6c ./Drivers/STM32F4xx_HAL_Driver/Src/stm32f4xx_hal_dma.o
 .debug_rnglists
                0x0000050e       0x75 ./Drivers/STM32F4xx_HAL_Driver/Src/stm32f4xx_hal_flash.o
 .debug_rnglists
                0x00000583       0x93 ./Drivers/STM32F4xx_HAL_Driver/Src/stm32f4xx_hal_flash_ex.o
 .debug_rnglists
                0x00000616       0x3f ./Drivers/STM32F4xx_HAL_Driver/Src/stm32f4xx_hal_gpio.o
 .debug_rnglists
                0x00000655      0x236 ./Drivers/STM32F4xx_HAL_Driver/Src/stm32f4xx_hal_i2c.o
 .debug_rnglists
                0x0000088b       0x44 ./Drivers/STM32F4xx_HAL_Driver/Src/stm32f4xx_hal_pwr_ex.o
 .debug_rnglists
                0x000008cf       0x75 ./Drivers/STM32F4xx_HAL_Driver/Src/stm32f4xx_hal_rcc.o
 .debug_rnglists
                0x00000944       0x6b ./Drivers/STM32F4xx_HAL_Driver/Src/stm32f4xx_hal_rcc_ex.o
 .debug_rnglists
                0x000009af      0x16a ./Drivers/STM32F4xx_HAL_Driver/Src/stm32f4xx_hal_spi.o
 .debug_rnglists
                0x00000b19      0x302 ./Drivers/STM32F4xx_HAL_Driver/Src/stm32f4xx_hal_tim.o
 .debug_rnglists
                0x00000e1b      0x11b ./Drivers/STM32F4xx_HAL_Driver/Src/stm32f4xx_hal_tim_ex.o
 .debug_rnglists
                0x00000f36      0x195 ./Drivers/STM32F4xx_HAL_Driver/Src/stm32f4xx_hal_uart.o

.debug_macro    0x00000000    0x26720
 .debug_macro   0x00000000      0x33c ./Core/Common/bootloader.o
 .debug_macro   0x0000033c      0xaba ./Core/Common/bootloader.o
 .debug_macro   0x00000df6      0x2b9 ./Core/Common/bootloader.o
 .debug_macro   0x000010af       0x2e ./Core/Common/bootloader.o
 .debug_macro   0x000010dd       0x28 ./Core/Common/bootloader.o
 .debug_macro   0x00001105       0x22 ./Core/Common/bootloader.o
 .debug_macro   0x00001127       0x8e ./Core/Common/bootloader.o
 .debug_macro   0x000011b5       0x51 ./Core/Common/bootloader.o
 .debug_macro   0x00001206      0x103 ./Core/Common/bootloader.o
 .debug_macro   0x00001309       0x6a ./Core/Common/bootloader.o
 .debug_macro   0x00001373      0x1df ./Core/Common/bootloader.o
 .debug_macro   0x00001552       0x1c ./Core/Common/bootloader.o
 .debug_macro   0x0000156e       0x22 ./Core/Common/bootloader.o
 .debug_macro   0x00001590       0xfb ./Core/Common/bootloader.o
 .debug_macro   0x0000168b     0x1011 ./Core/Common/bootloader.o
 .debug_macro   0x0000269c      0x11f ./Core/Common/bootloader.o
 .debug_macro   0x000027bb    0x1675e ./Core/Common/bootloader.o
 .debug_macro   0x00018f19       0x6d ./Core/Common/bootloader.o
 .debug_macro   0x00018f86     0x3693 ./Core/Common/bootloader.o
 .debug_macro   0x0001c619      0x189 ./Core/Common/bootloader.o
 .debug_macro   0x0001c7a2       0x5c ./Core/Common/bootloader.o
 .debug_macro   0x0001c7fe      0xca5 ./Core/Common/bootloader.o
 .debug_macro   0x0001d4a3      0x9e9 ./Core/Common/bootloader.o
 .debug_macro   0x0001de8c      0x115 ./Core/Common/bootloader.o
 .debug_macro   0x0001dfa1      0x1a0 ./Core/Common/bootloader.o
 .debug_macro   0x0001e141       0xa5 ./Core/Common/bootloader.o
 .debug_macro   0x0001e1e6      0x16d ./Core/Common/bootloader.o
 .debug_macro   0x0001e353      0x287 ./Core/Common/bootloader.o
 .debug_macro   0x0001e5da       0x5f ./Core/Common/bootloader.o
 .debug_macro   0x0001e639      0x236 ./Core/Common/bootloader.o
 .debug_macro   0x0001e86f      0xb5b ./Core/Common/bootloader.o
 .debug_macro   0x0001f3ca      0x38b ./Core/Common/bootloader.o
 .debug_macro   0x0001f755      0x17d ./Core/Common/bootloader.o
 .debug_macro   0x0001f8d2       0xf9 ./Core/Common/bootloader.o
 .debug_macro   0x0001f9cb       0x22 ./Core/Common/bootloader.o
 .debug_macro   0x0001f9ed      0x132 ./Core/Common/bootloader.o
 .debug_macro   0x0001fb1f      0x29c ./Core/Common/bootloader.o
 .debug_macro   0x0001fdbb       0x2e ./Core/Common/bootloader.o
 .debug_macro   0x0001fde9      0x1b5 ./Core/Common/bootloader.o
 .debug_macro   0x0001ff9e       0x22 ./Core/Common/bootloader.o
 .debug_macro   0x0001ffc0       0xd6 ./Core/Common/bootloader.o
 .debug_macro   0x00020096       0x78 ./Core/Common/bootloader.o
 .debug_macro   0x0002010e      0x127 ./Core/Common/bootloader.o
 .debug_macro   0x00020235       0xe8 ./Core/Common/bootloader.o
 .debug_macro   0x0002031d       0x89 ./Core/Common/bootloader.o
 .debug_macro   0x000203a6      0x225 ./Core/Common/bootloader.o
 .debug_macro   0x000205cb      0x8ed ./Core/Common/bootloader.o
 .debug_macro   0x00020eb8       0x53 ./Core/Common/bootloader.o
 .debug_macro   0x00020f0b      0x2aa ./Core/Common/bootloader.o
 .debug_macro   0x000211b5      0x126 ./Core/Common/bootloader.o
 .debug_macro   0x000212db       0x61 ./Core/Common/bootloader.o
 .debug_macro   0x0002133c       0x2a ./Core/Common/bootloader.o
 .debug_macro   0x00021366       0x43 ./Core/Common/bootloader.o
 .debug_macro   0x000213a9       0x34 ./Core/Common/bootloader.o
 .debug_macro   0x000213dd       0x16 ./Core/Common/bootloader.o
 .debug_macro   0x000213f3       0x43 ./Core/Common/bootloader.o
 .debug_macro   0x00021436       0x34 ./Core/Common/bootloader.o
 .debug_macro   0x0002146a       0x10 ./Core/Common/bootloader.o
 .debug_macro   0x0002147a       0x58 ./Core/Common/bootloader.o
 .debug_macro   0x000214d2       0x8e ./Core/Common/bootloader.o
 .debug_macro   0x00021560       0x1c ./Core/Common/bootloader.o
 .debug_macro   0x0002157c      0x177 ./Core/Common/bootloader.o
 .debug_macro   0x000216f3      0x369 ./Core/Common/bootloader.o
 .debug_macro   0x00021a5c       0x10 ./Core/Common/bootloader.o
 .debug_macro   0x00021a6c       0x35 ./Core/Common/bootloader.o
 .debug_macro   0x00021aa1       0x20 ./Core/Common/bootloader.o
 .debug_macro   0x00021ac1       0x88 ./Core/Common/bootloader.o
 .debug_macro   0x00021b49      0x314 ./Core/Common/system_msp.o
 .debug_macro   0x00021e5d      0x31e ./Core/Src/adc.o
 .debug_macro   0x0002217b      0x31e ./Core/Src/crc.o
 .debug_macro   0x00022499      0x31e ./Core/Src/dma.o
 .debug_macro   0x000227b7      0x31e ./Core/Src/gpio.o
 .debug_macro   0x00022ad5      0x31e ./Core/Src/i2c.o
 .debug_macro   0x00022df3      0x38a ./Core/Src/main.o
 .debug_macro   0x0002317d      0x31e ./Core/Src/spi.o
 .debug_macro   0x0002349b      0x314 ./Core/Src/stm32f4xx_hal_msp.o
 .debug_macro   0x000237af      0x31e ./Core/Src/stm32f4xx_it.o
 .debug_macro   0x00023acd      0x233 ./Core/Src/system_stm32f4xx.o
 .debug_macro   0x00023d00      0x31e ./Core/Src/tim.o
 .debug_macro   0x0002401e      0x31e ./Core/Src/usart.o
 .debug_macro   0x0002433c      0x28d ./Drivers/STM32F4xx_HAL_Driver/Src/stm32f4xx_hal.o
 .debug_macro   0x000245c9      0x22e ./Drivers/STM32F4xx_HAL_Driver/Src/stm32f4xx_hal_adc.o
 .debug_macro   0x000247f7      0x22d ./Drivers/STM32F4xx_HAL_Driver/Src/stm32f4xx_hal_cortex.o
 .debug_macro   0x00024a24      0x22d ./Drivers/STM32F4xx_HAL_Driver/Src/stm32f4xx_hal_crc.o
 .debug_macro   0x00024c51      0x233 ./Drivers/STM32F4xx_HAL_Driver/Src/stm32f4xx_hal_dma.o
 .debug_macro   0x00024e84      0x233 ./Drivers/STM32F4xx_HAL_Driver/Src/stm32f4xx_hal_flash.o
 .debug_macro   0x000250b7      0x233 ./Drivers/STM32F4xx_HAL_Driver/Src/stm32f4xx_hal_flash_ex.o
 .debug_macro   0x000252ea      0x233 ./Drivers/STM32F4xx_HAL_Driver/Src/stm32f4xx_hal_gpio.o
 .debug_macro   0x0002551d      0x27b ./Drivers/STM32F4xx_HAL_Driver/Src/stm32f4xx_hal_i2c.o
 .debug_macro   0x00025798      0x245 ./Drivers/STM32F4xx_HAL_Driver/Src/stm32f4xx_hal_pwr_ex.o
 .debug_macro   0x000259dd      0x251 ./Drivers/STM32F4xx_HAL_Driver/Src/stm32f4xx_hal_rcc.o
 .debug_macro   0x00025c2e      0x22d ./Drivers/STM32F4xx_HAL_Driver/Src/stm32f4xx_hal_rcc_ex.o
 .debug_macro   0x00025e5b      0x23c ./Drivers/STM32F4xx_HAL_Driver/Src/stm32f4xx_hal_spi.o
 .debug_macro   0x00026097      0x22e ./Drivers/STM32F4xx_HAL_Driver/Src/stm32f4xx_hal_tim.o
 .debug_macro   0x000262c5      0x22d ./Drivers/STM32F4xx_HAL_Driver/Src/stm32f4xx_hal_tim_ex.o
 .debug_macro   0x000264f2      0x22e ./Drivers/STM32F4xx_HAL_Driver/Src/stm32f4xx_hal_uart.o

.debug_line     0x00000000    0x288b1
 .debug_line    0x00000000      0xb07 ./Core/Common/bootloader.o
 .debug_line    0x00000b07      0xd24 ./Core/Common/system_msp.o
 .debug_line    0x0000182b      0xc82 ./Core/Src/adc.o
 .debug_line    0x000024ad      0x9f3 ./Core/Src/crc.o
 .debug_line    0x00002ea0      0x98c ./Core/Src/dma.o
 .debug_line    0x0000382c      0xa2d ./Core/Src/gpio.o
 .debug_line    0x00004259      0xa70 ./Core/Src/i2c.o
 .debug_line    0x00004cc9      0xb61 ./Core/Src/main.o
 .debug_line    0x0000582a      0xae7 ./Core/Src/spi.o
 .debug_line    0x00006311      0x996 ./Core/Src/stm32f4xx_hal_msp.o
 .debug_line    0x00006ca7      0xaee ./Core/Src/stm32f4xx_it.o
 .debug_line    0x00007795      0x8d4 ./Core/Src/system_stm32f4xx.o
 .debug_line    0x00008069      0xb19 ./Core/Src/tim.o
 .debug_line    0x00008b82      0xaa2 ./Core/Src/usart.o
 .debug_line    0x00009624       0x77 ./Core/Startup/startup_stm32f417vgtx.o
 .debug_line    0x0000969b      0xb70 ./Drivers/STM32F4xx_HAL_Driver/Src/stm32f4xx_hal.o
 .debug_line    0x0000a20b     0x1706 ./Drivers/STM32F4xx_HAL_Driver/Src/stm32f4xx_hal_adc.o
 .debug_line    0x0000b911      0xe9d ./Drivers/STM32F4xx_HAL_Driver/Src/stm32f4xx_hal_cortex.o
 .debug_line    0x0000c7ae      0xa0f ./Drivers/STM32F4xx_HAL_Driver/Src/stm32f4xx_hal_crc.o
 .debug_line    0x0000d1bd     0x148b ./Drivers/STM32F4xx_HAL_Driver/Src/stm32f4xx_hal_dma.o
 .debug_line    0x0000e648      0xd65 ./Drivers/STM32F4xx_HAL_Driver/Src/stm32f4xx_hal_flash.o
 .debug_line    0x0000f3ad      0xe17 ./Drivers/STM32F4xx_HAL_Driver/Src/stm32f4xx_hal_flash_ex.o
 .debug_line    0x000101c4      0xd0c ./Drivers/STM32F4xx_HAL_Driver/Src/stm32f4xx_hal_gpio.o
 .debug_line    0x00010ed0     0x5aa4 ./Drivers/STM32F4xx_HAL_Driver/Src/stm32f4xx_hal_i2c.o
 .debug_line    0x00016974      0xad9 ./Drivers/STM32F4xx_HAL_Driver/Src/stm32f4xx_hal_pwr_ex.o
 .debug_line    0x0001744d     0x1141 ./Drivers/STM32F4xx_HAL_Driver/Src/stm32f4xx_hal_rcc.o
 .debug_line    0x0001858e     0x19ae ./Drivers/STM32F4xx_HAL_Driver/Src/stm32f4xx_hal_rcc_ex.o
 .debug_line    0x00019f3c     0x2cb8 ./Drivers/STM32F4xx_HAL_Driver/Src/stm32f4xx_hal_spi.o
 .debug_line    0x0001cbf4     0x5092 ./Drivers/STM32F4xx_HAL_Driver/Src/stm32f4xx_hal_tim.o
 .debug_line    0x00021c86     0x233a ./Drivers/STM32F4xx_HAL_Driver/Src/stm32f4xx_hal_tim_ex.o
 .debug_line    0x00023fc0     0x48f1 ./Drivers/STM32F4xx_HAL_Driver/Src/stm32f4xx_hal_uart.o

.debug_str      0x00000000    0xe288c
 .debug_str     0x00000000    0xdc5ed ./Core/Common/bootloader.o
                              0xdc89d (size before relaxing)
 .debug_str     0x000dc5ed      0x4b7 ./Core/Common/system_msp.o
                              0xdcb6b (size before relaxing)
 .debug_str     0x000dcaa4      0x487 ./Core/Src/adc.o
                              0xdcc07 (size before relaxing)
 .debug_str     0x000dcf2b       0x55 ./Core/Src/crc.o
                              0xdc80c (size before relaxing)
 .debug_str     0x000dcf80      0x55d ./Core/Src/dma.o
                              0xdcbef (size before relaxing)
 .debug_str     0x000dd4dd       0x68 ./Core/Src/gpio.o
                              0xdccbd (size before relaxing)
 .debug_str     0x000dd545      0x2ce ./Core/Src/i2c.o
                              0xdcc90 (size before relaxing)
 .debug_str     0x000dd813      0x486 ./Core/Src/main.o
                              0xdcf44 (size before relaxing)
 .debug_str     0x000ddc99      0x1f9 ./Core/Src/spi.o
                              0xdcbe8 (size before relaxing)
 .debug_str     0x000dde92       0x2c ./Core/Src/stm32f4xx_hal_msp.o
                              0xdc691 (size before relaxing)
 .debug_str     0x000ddebe      0x170 ./Core/Src/stm32f4xx_it.o
                              0xdcbec (size before relaxing)
 .debug_str     0x000de02e       0x9c ./Core/Src/system_stm32f4xx.o
                              0xd934a (size before relaxing)
 .debug_str     0x000de0ca      0x157 ./Core/Src/tim.o
                              0xdd2fc (size before relaxing)
 .debug_str     0x000de221      0x1e4 ./Core/Src/usart.o
                              0xdcc13 (size before relaxing)
 .debug_str     0x000de405       0x44 ./Core/Startup/startup_stm32f417vgtx.o
                                 0x9b (size before relaxing)
 .debug_str     0x000de449      0x5c9 ./Drivers/STM32F4xx_HAL_Driver/Src/stm32f4xx_hal.o
                              0xd9efa (size before relaxing)
 .debug_str     0x000dea12      0x2c6 ./Drivers/STM32F4xx_HAL_Driver/Src/stm32f4xx_hal_adc.o
                              0xd98fd (size before relaxing)
 .debug_str     0x000decd8      0x33d ./Drivers/STM32F4xx_HAL_Driver/Src/stm32f4xx_hal_cortex.o
                              0xd9c51 (size before relaxing)
 .debug_str     0x000df015       0x8a ./Drivers/STM32F4xx_HAL_Driver/Src/stm32f4xx_hal_crc.o
                              0xd933e (size before relaxing)
 .debug_str     0x000df09f      0x2c7 ./Drivers/STM32F4xx_HAL_Driver/Src/stm32f4xx_hal_dma.o
                              0xd972a (size before relaxing)
 .debug_str     0x000df366      0x291 ./Drivers/STM32F4xx_HAL_Driver/Src/stm32f4xx_hal_flash.o
                              0xd9500 (size before relaxing)
 .debug_str     0x000df5f7      0x29c ./Drivers/STM32F4xx_HAL_Driver/Src/stm32f4xx_hal_flash_ex.o
                              0xd9623 (size before relaxing)
 .debug_str     0x000df893      0x103 ./Drivers/STM32F4xx_HAL_Driver/Src/stm32f4xx_hal_gpio.o
                              0xd94b0 (size before relaxing)
 .debug_str     0x000df996      0xb0e ./Drivers/STM32F4xx_HAL_Driver/Src/stm32f4xx_hal_i2c.o
                              0xda333 (size before relaxing)
 .debug_str     0x000e04a4      0x135 ./Drivers/STM32F4xx_HAL_Driver/Src/stm32f4xx_hal_pwr_ex.o
                              0xd950d (size before relaxing)
 .debug_str     0x000e05d9      0x20a ./Drivers/STM32F4xx_HAL_Driver/Src/stm32f4xx_hal_rcc.o
                              0xd977f (size before relaxing)
 .debug_str     0x000e07e3      0x31c ./Drivers/STM32F4xx_HAL_Driver/Src/stm32f4xx_hal_rcc_ex.o
                              0xd97b2 (size before relaxing)
 .debug_str     0x000e0aff      0x557 ./Drivers/STM32F4xx_HAL_Driver/Src/stm32f4xx_hal_spi.o
                              0xd9bce (size before relaxing)
 .debug_str     0x000e1056      0xd95 ./Drivers/STM32F4xx_HAL_Driver/Src/stm32f4xx_hal_tim.o
                              0xda69a (size before relaxing)
 .debug_str     0x000e1deb      0x493 ./Drivers/STM32F4xx_HAL_Driver/Src/stm32f4xx_hal_tim_ex.o
                              0xd9ea6 (size before relaxing)
 .debug_str     0x000e227e      0x60e ./Drivers/STM32F4xx_HAL_Driver/Src/stm32f4xx_hal_uart.o
                              0xd9d36 (size before relaxing)

.comment        0x00000000       0x43
 .comment       0x00000000       0x43 ./Core/Common/bootloader.o
                                 0x44 (size before relaxing)
 .comment       0x00000043       0x44 ./Core/Common/system_msp.o
 .comment       0x00000043       0x44 ./Core/Src/adc.o
 .comment       0x00000043       0x44 ./Core/Src/crc.o
 .comment       0x00000043       0x44 ./Core/Src/dma.o
 .comment       0x00000043       0x44 ./Core/Src/gpio.o
 .comment       0x00000043       0x44 ./Core/Src/i2c.o
 .comment       0x00000043       0x44 ./Core/Src/main.o
 .comment       0x00000043       0x44 ./Core/Src/spi.o
 .comment       0x00000043       0x44 ./Core/Src/stm32f4xx_hal_msp.o
 .comment       0x00000043       0x44 ./Core/Src/stm32f4xx_it.o
 .comment       0x00000043       0x44 ./Core/Src/system_stm32f4xx.o
 .comment       0x00000043       0x44 ./Core/Src/tim.o
 .comment       0x00000043       0x44 ./Core/Src/usart.o
 .comment       0x00000043       0x44 ./Drivers/STM32F4xx_HAL_Driver/Src/stm32f4xx_hal.o
 .comment       0x00000043       0x44 ./Drivers/STM32F4xx_HAL_Driver/Src/stm32f4xx_hal_adc.o
 .comment       0x00000043       0x44 ./Drivers/STM32F4xx_HAL_Driver/Src/stm32f4xx_hal_cortex.o
 .comment       0x00000043       0x44 ./Drivers/STM32F4xx_HAL_Driver/Src/stm32f4xx_hal_crc.o
 .comment       0x00000043       0x44 ./Drivers/STM32F4xx_HAL_Driver/Src/stm32f4xx_hal_dma.o
 .comment       0x00000043       0x44 ./Drivers/STM32F4xx_HAL_Driver/Src/stm32f4xx_hal_flash.o
 .comment       0x00000043       0x44 ./Drivers/STM32F4xx_HAL_Driver/Src/stm32f4xx_hal_flash_ex.o
 .comment       0x00000043       0x44 ./Drivers/STM32F4xx_HAL_Driver/Src/stm32f4xx_hal_gpio.o
 .comment       0x00000043       0x44 ./Drivers/STM32F4xx_HAL_Driver/Src/stm32f4xx_hal_i2c.o
 .comment       0x00000043       0x44 ./Drivers/STM32F4xx_HAL_Driver/Src/stm32f4xx_hal_pwr_ex.o
 .comment       0x00000043       0x44 ./Drivers/STM32F4xx_HAL_Driver/Src/stm32f4xx_hal_rcc.o
 .comment       0x00000043       0x44 ./Drivers/STM32F4xx_HAL_Driver/Src/stm32f4xx_hal_rcc_ex.o
 .comment       0x00000043       0x44 ./Drivers/STM32F4xx_HAL_Driver/Src/stm32f4xx_hal_spi.o
 .comment       0x00000043       0x44 ./Drivers/STM32F4xx_HAL_Driver/Src/stm32f4xx_hal_tim.o
 .comment       0x00000043       0x44 ./Drivers/STM32F4xx_HAL_Driver/Src/stm32f4xx_hal_tim_ex.o
 .comment       0x00000043       0x44 ./Drivers/STM32F4xx_HAL_Driver/Src/stm32f4xx_hal_uart.o

.debug_frame    0x00000000     0x3c58
 .debug_frame   0x00000000       0x9c ./Core/Common/bootloader.o
 .debug_frame   0x0000009c      0x184 ./Core/Common/system_msp.o
 .debug_frame   0x00000220       0x8c ./Core/Src/adc.o
 .debug_frame   0x000002ac       0x50 ./Core/Src/crc.o
 .debug_frame   0x000002fc       0x2c ./Core/Src/dma.o
 .debug_frame   0x00000328       0x38 ./Core/Src/gpio.o
 .debug_frame   0x00000360       0x64 ./Core/Src/i2c.o
 .debug_frame   0x000003c4       0x68 ./Core/Src/main.o
 .debug_frame   0x0000042c       0x68 ./Core/Src/spi.o
 .debug_frame   0x00000494       0x28 ./Core/Src/stm32f4xx_hal_msp.o
 .debug_frame   0x000004bc      0x108 ./Core/Src/stm32f4xx_it.o
 .debug_frame   0x000005c4       0x30 ./Core/Src/system_stm32f4xx.o
 .debug_frame   0x000005f4       0x98 ./Core/Src/tim.o
 .debug_frame   0x0000068c       0x68 ./Core/Src/usart.o
 .debug_frame   0x000006f4      0x1ec ./Drivers/STM32F4xx_HAL_Driver/Src/stm32f4xx_hal.o
 .debug_frame   0x000008e0      0x268 ./Drivers/STM32F4xx_HAL_Driver/Src/stm32f4xx_hal_adc.o
 .debug_frame   0x00000b48      0x214 ./Drivers/STM32F4xx_HAL_Driver/Src/stm32f4xx_hal_cortex.o
 .debug_frame   0x00000d5c       0xb8 ./Drivers/STM32F4xx_HAL_Driver/Src/stm32f4xx_hal_crc.o
 .debug_frame   0x00000e14      0x188 ./Drivers/STM32F4xx_HAL_Driver/Src/stm32f4xx_hal_dma.o
 .debug_frame   0x00000f9c      0x164 ./Drivers/STM32F4xx_HAL_Driver/Src/stm32f4xx_hal_flash.o
 .debug_frame   0x00001100      0x1dc ./Drivers/STM32F4xx_HAL_Driver/Src/stm32f4xx_hal_flash_ex.o
 .debug_frame   0x000012dc       0xd8 ./Drivers/STM32F4xx_HAL_Driver/Src/stm32f4xx_hal_gpio.o
 .debug_frame   0x000013b4      0x988 ./Drivers/STM32F4xx_HAL_Driver/Src/stm32f4xx_hal_i2c.o
 .debug_frame   0x00001d3c       0xec ./Drivers/STM32F4xx_HAL_Driver/Src/stm32f4xx_hal_pwr_ex.o
 .debug_frame   0x00001e28      0x16c ./Drivers/STM32F4xx_HAL_Driver/Src/stm32f4xx_hal_rcc.o
 .debug_frame   0x00001f94      0x14c ./Drivers/STM32F4xx_HAL_Driver/Src/stm32f4xx_hal_rcc_ex.o
 .debug_frame   0x000020e0      0x5d0 ./Drivers/STM32F4xx_HAL_Driver/Src/stm32f4xx_hal_spi.o
 .debug_frame   0x000026b0      0xb10 ./Drivers/STM32F4xx_HAL_Driver/Src/stm32f4xx_hal_tim.o
 .debug_frame   0x000031c0      0x40c ./Drivers/STM32F4xx_HAL_Driver/Src/stm32f4xx_hal_tim_ex.o
 .debug_frame   0x000035cc      0x5e0 ./Drivers/STM32F4xx_HAL_Driver/Src/stm32f4xx_hal_uart.o
 .debug_frame   0x00003bac       0x20 C:/ST/STM32CubeIDE_1.16.0/STM32CubeIDE/plugins/com.st.stm32cube.ide.mcu.externaltools.gnu-tools-for-stm32.12.3.rel1.win32_1.0.200.202406191623/tools/bin/../lib/gcc/arm-none-eabi/12.3.1/../../../../arm-none-eabi/lib/thumb/v7e-m+fp/hard\libc_nano.a(libc_a-memset.o)
 .debug_frame   0x00003bcc       0x2c C:/ST/STM32CubeIDE_1.16.0/STM32CubeIDE/plugins/com.st.stm32cube.ide.mcu.externaltools.gnu-tools-for-stm32.12.3.rel1.win32_1.0.200.202406191623/tools/bin/../lib/gcc/arm-none-eabi/12.3.1/../../../../arm-none-eabi/lib/thumb/v7e-m+fp/hard\libc_nano.a(libc_a-init.o)
 .debug_frame   0x00003bf8       0x2c C:/ST/STM32CubeIDE_1.16.0/STM32CubeIDE/plugins/com.st.stm32cube.ide.mcu.externaltools.gnu-tools-for-stm32.12.3.rel1.win32_1.0.200.202406191623/tools/bin/../lib/gcc/arm-none-eabi/12.3.1/thumb/v7e-m+fp/hard\libgcc.a(_aeabi_uldivmod.o)
 .debug_frame   0x00003c24       0x34 C:/ST/STM32CubeIDE_1.16.0/STM32CubeIDE/plugins/com.st.stm32cube.ide.mcu.externaltools.gnu-tools-for-stm32.12.3.rel1.win32_1.0.200.202406191623/tools/bin/../lib/gcc/arm-none-eabi/12.3.1/thumb/v7e-m+fp/hard\libgcc.a(_udivmoddi4.o)

.debug_line_str
                0x00000000       0x7f
 .debug_line_str
                0x00000000       0x7f ./Core/Startup/startup_stm32f417vgtx.o
