../Core/Src/main.c:103:5:main	24	static,ignoring_inline_asm
../Core/Src/main.c:236:6:SystemClock_Config	88	static
../Core/Src/main.c:292:13:MX_ADC1_Init	24	static
../Core/Src/main.c:371:13:MX_CRC_Init	8	static
../Core/Src/main.c:397:13:MX_I2C1_Init	8	static
../Core/Src/main.c:431:13:MX_IWDG_Init	8	static
../Core/Src/main.c:459:13:MX_SPI2_Init	8	static
../Core/Src/main.c:497:13:MX_TIM2_Init	32	static
../Core/Src/main.c:542:13:MX_UART5_Init	8	static
../Core/Src/main.c:575:13:MX_USART1_UART_Init	8	static
../Core/Src/main.c:606:13:MX_DMA_Init	16	static
../Core/Src/main.c:624:13:MX_GPIO_Init	48	static
../Core/Src/main.c:685:6:HAL_TIM_PeriodElapsedCallback	16	static
../Core/Src/main.c:701:6:Error_Handler	4	static,ignoring_inline_asm
