../Core/Src/stm32f4xx_it.c:73:6:NMI_Handler	0	static
../Core/Src/stm32f4xx_it.c:85:6:HardFault_Handler	0	static
../Core/Src/stm32f4xx_it.c:100:6:MemManage_Handler	8	static
../Core/Src/stm32f4xx_it.c:116:6:BusFault_Handler	8	static
../Core/Src/stm32f4xx_it.c:131:6:UsageFault_Handler	8	static
../Core/Src/stm32f4xx_it.c:146:6:SVC_Handler	0	static
../Core/Src/stm32f4xx_it.c:157:6:DebugMon_Handler	0	static
../Core/Src/stm32f4xx_it.c:168:6:PendSV_Handler	0	static
../Core/Src/stm32f4xx_it.c:179:6:SysTick_Handler	8	static
../Core/Src/stm32f4xx_it.c:198:6:TIM2_IRQHandler	8	static
../Core/Src/stm32f4xx_it.c:210:6:EXTI15_10_IRQHandler	8	static
../Core/Src/stm32f4xx_it.c:224:6:UART5_IRQHandler	8	static
../Core/Src/stm32f4xx_it.c:236:6:DMA2_Stream0_IRQHandler	8	static
