Archive member included to satisfy reference by file (symbol)

C:/ST/STM32CubeIDE_1.16.0/STM32CubeIDE/plugins/com.st.stm32cube.ide.mcu.externaltools.gnu-tools-for-stm32.12.3.rel1.win32_1.0.200.202406191623/tools/bin/../lib/gcc/arm-none-eabi/12.3.1/../../../../arm-none-eabi/lib/thumb/v7e-m+fp/hard\libc_nano.a(libc_a-exit.o)
                              C:/ST/STM32CubeIDE_1.16.0/STM32CubeIDE/plugins/com.st.stm32cube.ide.mcu.externaltools.gnu-tools-for-stm32.12.3.rel1.win32_1.0.200.202406191623/tools/bin/../lib/gcc/arm-none-eabi/12.3.1/../../../../arm-none-eabi/lib/thumb/v7e-m+fp/hard/crt0.o (exit)
C:/ST/STM32CubeIDE_1.16.0/STM32CubeIDE/plugins/com.st.stm32cube.ide.mcu.externaltools.gnu-tools-for-stm32.12.3.rel1.win32_1.0.200.202406191623/tools/bin/../lib/gcc/arm-none-eabi/12.3.1/../../../../arm-none-eabi/lib/thumb/v7e-m+fp/hard\libc_nano.a(libc_a-findfp.o)
                              C:/ST/STM32CubeIDE_1.16.0/STM32CubeIDE/plugins/com.st.stm32cube.ide.mcu.externaltools.gnu-tools-for-stm32.12.3.rel1.win32_1.0.200.202406191623/tools/bin/../lib/gcc/arm-none-eabi/12.3.1/../../../../arm-none-eabi/lib/thumb/v7e-m+fp/hard\libc_nano.a(libc_a-exit.o) (__stdio_exit_handler)
C:/ST/STM32CubeIDE_1.16.0/STM32CubeIDE/plugins/com.st.stm32cube.ide.mcu.externaltools.gnu-tools-for-stm32.12.3.rel1.win32_1.0.200.202406191623/tools/bin/../lib/gcc/arm-none-eabi/12.3.1/../../../../arm-none-eabi/lib/thumb/v7e-m+fp/hard\libc_nano.a(libc_a-fwalk.o)
                              C:/ST/STM32CubeIDE_1.16.0/STM32CubeIDE/plugins/com.st.stm32cube.ide.mcu.externaltools.gnu-tools-for-stm32.12.3.rel1.win32_1.0.200.202406191623/tools/bin/../lib/gcc/arm-none-eabi/12.3.1/../../../../arm-none-eabi/lib/thumb/v7e-m+fp/hard\libc_nano.a(libc_a-findfp.o) (_fwalk_sglue)
C:/ST/STM32CubeIDE_1.16.0/STM32CubeIDE/plugins/com.st.stm32cube.ide.mcu.externaltools.gnu-tools-for-stm32.12.3.rel1.win32_1.0.200.202406191623/tools/bin/../lib/gcc/arm-none-eabi/12.3.1/../../../../arm-none-eabi/lib/thumb/v7e-m+fp/hard\libc_nano.a(libc_a-stdio.o)
                              C:/ST/STM32CubeIDE_1.16.0/STM32CubeIDE/plugins/com.st.stm32cube.ide.mcu.externaltools.gnu-tools-for-stm32.12.3.rel1.win32_1.0.200.202406191623/tools/bin/../lib/gcc/arm-none-eabi/12.3.1/../../../../arm-none-eabi/lib/thumb/v7e-m+fp/hard\libc_nano.a(libc_a-findfp.o) (__sread)
C:/ST/STM32CubeIDE_1.16.0/STM32CubeIDE/plugins/com.st.stm32cube.ide.mcu.externaltools.gnu-tools-for-stm32.12.3.rel1.win32_1.0.200.202406191623/tools/bin/../lib/gcc/arm-none-eabi/12.3.1/../../../../arm-none-eabi/lib/thumb/v7e-m+fp/hard\libc_nano.a(libc_a-memcmp.o)
                              ./Core/Common/flash_conf.o (memcmp)
C:/ST/STM32CubeIDE_1.16.0/STM32CubeIDE/plugins/com.st.stm32cube.ide.mcu.externaltools.gnu-tools-for-stm32.12.3.rel1.win32_1.0.200.202406191623/tools/bin/../lib/gcc/arm-none-eabi/12.3.1/../../../../arm-none-eabi/lib/thumb/v7e-m+fp/hard\libc_nano.a(libc_a-memset.o)
                              C:/ST/STM32CubeIDE_1.16.0/STM32CubeIDE/plugins/com.st.stm32cube.ide.mcu.externaltools.gnu-tools-for-stm32.12.3.rel1.win32_1.0.200.202406191623/tools/bin/../lib/gcc/arm-none-eabi/12.3.1/../../../../arm-none-eabi/lib/thumb/v7e-m+fp/hard/crt0.o (memset)
C:/ST/STM32CubeIDE_1.16.0/STM32CubeIDE/plugins/com.st.stm32cube.ide.mcu.externaltools.gnu-tools-for-stm32.12.3.rel1.win32_1.0.200.202406191623/tools/bin/../lib/gcc/arm-none-eabi/12.3.1/../../../../arm-none-eabi/lib/thumb/v7e-m+fp/hard\libc_nano.a(libc_a-closer.o)
                              C:/ST/STM32CubeIDE_1.16.0/STM32CubeIDE/plugins/com.st.stm32cube.ide.mcu.externaltools.gnu-tools-for-stm32.12.3.rel1.win32_1.0.200.202406191623/tools/bin/../lib/gcc/arm-none-eabi/12.3.1/../../../../arm-none-eabi/lib/thumb/v7e-m+fp/hard\libc_nano.a(libc_a-stdio.o) (_close_r)
C:/ST/STM32CubeIDE_1.16.0/STM32CubeIDE/plugins/com.st.stm32cube.ide.mcu.externaltools.gnu-tools-for-stm32.12.3.rel1.win32_1.0.200.202406191623/tools/bin/../lib/gcc/arm-none-eabi/12.3.1/../../../../arm-none-eabi/lib/thumb/v7e-m+fp/hard\libc_nano.a(libc_a-reent.o)
                              C:/ST/STM32CubeIDE_1.16.0/STM32CubeIDE/plugins/com.st.stm32cube.ide.mcu.externaltools.gnu-tools-for-stm32.12.3.rel1.win32_1.0.200.202406191623/tools/bin/../lib/gcc/arm-none-eabi/12.3.1/../../../../arm-none-eabi/lib/thumb/v7e-m+fp/hard\libc_nano.a(libc_a-closer.o) (errno)
C:/ST/STM32CubeIDE_1.16.0/STM32CubeIDE/plugins/com.st.stm32cube.ide.mcu.externaltools.gnu-tools-for-stm32.12.3.rel1.win32_1.0.200.202406191623/tools/bin/../lib/gcc/arm-none-eabi/12.3.1/../../../../arm-none-eabi/lib/thumb/v7e-m+fp/hard\libc_nano.a(libc_a-impure.o)
                              C:/ST/STM32CubeIDE_1.16.0/STM32CubeIDE/plugins/com.st.stm32cube.ide.mcu.externaltools.gnu-tools-for-stm32.12.3.rel1.win32_1.0.200.202406191623/tools/bin/../lib/gcc/arm-none-eabi/12.3.1/../../../../arm-none-eabi/lib/thumb/v7e-m+fp/hard\libc_nano.a(libc_a-reent.o) (_impure_ptr)
[...]
Memory Configuration

Name             Origin             Length             Attributes
BOOTLOADER       0x08000000         0x00004000         xr
CALIBRATION      0x08004000         0x00004000         xr
CONFIGURATION    0x08008000         0x00004000         xr
APPLICATION      0x0800c000         0x00034000         xr
BUFFER_APP       0x08040000         0x00040000         xr
RAM              0x200000c0         0x0001ff40         xrw
*default*        0x00000000         0xffffffff

Linker script and memory map

LOAD C:/ST/STM32CubeIDE_1.16.0/STM32CubeIDE/plugins/com.st.stm32cube.ide.mcu.externaltools.gnu-tools-for-stm32.12.3.rel1.win32_1.0.200.202406191623/tools/bin/../lib/gcc/arm-none-eabi/12.3.1/thumb/v7e-m+fp/hard/crti.o
LOAD C:/ST/STM32CubeIDE_1.16.0/STM32CubeIDE/plugins/com.st.stm32cube.ide.mcu.externaltools.gnu-tools-for-stm32.12.3.rel1.win32_1.0.200.202406191623/tools/bin/../lib/gcc/arm-none-eabi/12.3.1/thumb/v7e-m+fp/hard/crtbegin.o
LOAD C:/ST/STM32CubeIDE_1.16.0/STM32CubeIDE/plugins/com.st.stm32cube.ide.mcu.externaltools.gnu-tools-for-stm32.12.3.rel1.win32_1.0.200.202406191623/tools/bin/../lib/gcc/arm-none-eabi/12.3.1/../../../../arm-none-eabi/lib/thumb/v7e-m+fp/hard/crt0.o
LOAD ./Core/Common/config_app.o
LOAD ./Core/Common/configuration.o
LOAD ./Core/Common/control.o
LOAD ./Core/Common/flash_app.o
LOAD ./Core/Common/flash_conf.o
LOAD ./Core/Common/reg_map.o
LOAD ./Core/Common/system_msp.o
LOAD ./Core/Serial/mb_rtu_app.o
LOAD ./Core/Serial/mb_upgrade.o
LOAD ./Core/Serial/modbus_slave.o
LOAD ./Core/Src/crc.o
LOAD ./Core/Src/iwdg.o
LOAD ./Core/Src/main.o
LOAD ./Core/Src/stm32f4xx_hal_msp.o
LOAD ./Core/Src/stm32f4xx_it.o
LOAD ./Core/Src/syscalls.o
LOAD ./Core/Src/sysmem.o
LOAD ./Core/Src/system_stm32f4xx.o
LOAD ./Core/Startup/startup_stm32f446retx.o
LOAD ./Drivers/STM32F4xx_HAL_Driver/Src/stm32f4xx_hal.o
LOAD ./Drivers/STM32F4xx_HAL_Driver/Src/stm32f4xx_hal_adc.o
LOAD ./Drivers/STM32F4xx_HAL_Driver/Src/stm32f4xx_hal_adc_ex.o
LOAD ./Drivers/STM32F4xx_HAL_Driver/Src/stm32f4xx_hal_cortex.o
LOAD ./Drivers/STM32F4xx_HAL_Driver/Src/stm32f4xx_hal_crc.o
LOAD ./Drivers/STM32F4xx_HAL_Driver/Src/stm32f4xx_hal_dma.o
LOAD ./Drivers/STM32F4xx_HAL_Driver/Src/stm32f4xx_hal_dma_ex.o
LOAD ./Drivers/STM32F4xx_HAL_Driver/Src/stm32f4xx_hal_exti.o
LOAD ./Drivers/STM32F4xx_HAL_Driver/Src/stm32f4xx_hal_flash.o
LOAD ./Drivers/STM32F4xx_HAL_Driver/Src/stm32f4xx_hal_flash_ex.o
LOAD ./Drivers/STM32F4xx_HAL_Driver/Src/stm32f4xx_hal_flash_ramfunc.o
LOAD ./Drivers/STM32F4xx_HAL_Driver/Src/stm32f4xx_hal_gpio.o
LOAD ./Drivers/STM32F4xx_HAL_Driver/Src/stm32f4xx_hal_i2c.o
LOAD ./Drivers/STM32F4xx_HAL_Driver/Src/stm32f4xx_hal_i2c_ex.o
LOAD ./Drivers/STM32F4xx_HAL_Driver/Src/stm32f4xx_hal_iwdg.o
LOAD ./Drivers/STM32F4xx_HAL_Driver/Src/stm32f4xx_hal_pwr.o
LOAD ./Drivers/STM32F4xx_HAL_Driver/Src/stm32f4xx_hal_pwr_ex.o
LOAD ./Drivers/STM32F4xx_HAL_Driver/Src/stm32f4xx_hal_rcc.o
LOAD ./Drivers/STM32F4xx_HAL_Driver/Src/stm32f4xx_hal_rcc_ex.o
LOAD ./Drivers/STM32F4xx_HAL_Driver/Src/stm32f4xx_hal_spi.o
LOAD ./Drivers/STM32F4xx_HAL_Driver/Src/stm32f4xx_hal_tim.o
LOAD ./Drivers/STM32F4xx_HAL_Driver/Src/stm32f4xx_hal_tim_ex.o
LOAD ./Drivers/STM32F4xx_HAL_Driver/Src/stm32f4xx_hal_uart.o
LOAD ./Drivers/STM32F4xx_HAL_Driver/Src/stm32f4xx_ll_adc.o
LOAD ./Modules/Probe/voltage_current_probe.o
START GROUP
LOAD C:/ST/STM32CubeIDE_1.16.0/STM32CubeIDE/plugins/com.st.stm32cube.ide.mcu.externaltools.gnu-tools-for-stm32.12.3.rel1.win32_1.0.200.202406191623/tools/bin/../lib/gcc/arm-none-eabi/12.3.1/../../../../arm-none-eabi/lib/thumb/v7e-m+fp/hard\libc_nano.a
LOAD C:/ST/STM32CubeIDE_1.16.0/STM32CubeIDE/plugins/com.st.stm32cube.ide.mcu.externaltools.gnu-tools-for-stm32.12.3.rel1.win32_1.0.200.202406191623/tools/bin/../lib/gcc/arm-none-eabi/12.3.1/../../../../arm-none-eabi/lib/thumb/v7e-m+fp/hard\libm.a
END GROUP
START GROUP
LOAD C:/ST/STM32CubeIDE_1.16.0/STM32CubeIDE/plugins/com.st.stm32cube.ide.mcu.externaltools.gnu-tools-for-stm32.12.3.rel1.win32_1.0.200.202406191623/tools/bin/../lib/gcc/arm-none-eabi/12.3.1/thumb/v7e-m+fp/hard\libgcc.a
LOAD C:/ST/STM32CubeIDE_1.16.0/STM32CubeIDE/plugins/com.st.stm32cube.ide.mcu.externaltools.gnu-tools-for-stm32.12.3.rel1.win32_1.0.200.202406191623/tools/bin/../lib/gcc/arm-none-eabi/12.3.1/../../../../arm-none-eabi/lib/thumb/v7e-m+fp/hard\libc_nano.a
END GROUP
START GROUP
LOAD C:/ST/STM32CubeIDE_1.16.0/STM32CubeIDE/plugins/com.st.stm32cube.ide.mcu.externaltools.gnu-tools-for-stm32.12.3.rel1.win32_1.0.200.202406191623/tools/bin/../lib/gcc/arm-none-eabi/12.3.1/thumb/v7e-m+fp/hard\libgcc.a
LOAD C:/ST/STM32CubeIDE_1.16.0/STM32CubeIDE/plugins/com.st.stm32cube.ide.mcu.externaltools.gnu-tools-for-stm32.12.3.rel1.win32_1.0.200.202406191623/tools/bin/../lib/gcc/arm-none-eabi/12.3.1/../../../../arm-none-eabi/lib/thumb/v7e-m+fp/hard\libc_nano.a
LOAD C:/ST/STM32CubeIDE_1.16.0/STM32CubeIDE/plugins/com.st.stm32cube.ide.mcu.externaltools.gnu-tools-for-stm32.12.3.rel1.win32_1.0.200.202406191623/tools/bin/../lib/gcc/arm-none-eabi/12.3.1/../../../../arm-none-eabi/lib/thumb/v7e-m+fp/hard\libnosys.a
END GROUP
START GROUP
LOAD C:/ST/STM32CubeIDE_1.16.0/STM32CubeIDE/plugins/com.st.stm32cube.ide.mcu.externaltools.gnu-tools-for-stm32.12.3.rel1.win32_1.0.200.202406191623/tools/bin/../lib/gcc/arm-none-eabi/12.3.1/thumb/v7e-m+fp/hard\libgcc.a
LOAD C:/ST/STM32CubeIDE_1.16.0/STM32CubeIDE/plugins/com.st.stm32cube.ide.mcu.externaltools.gnu-tools-for-stm32.12.3.rel1.win32_1.0.200.202406191623/tools/bin/../lib/gcc/arm-none-eabi/12.3.1/../../../../arm-none-eabi/lib/thumb/v7e-m+fp/hard\libc_nano.a
LOAD C:/ST/STM32CubeIDE_1.16.0/STM32CubeIDE/plugins/com.st.stm32cube.ide.mcu.externaltools.gnu-tools-for-stm32.12.3.rel1.win32_1.0.200.202406191623/tools/bin/../lib/gcc/arm-none-eabi/12.3.1/../../../../arm-none-eabi/lib/thumb/v7e-m+fp/hard\libnosys.a
END GROUP
LOAD C:/ST/STM32CubeIDE_1.16.0/STM32CubeIDE/plugins/com.st.stm32cube.ide.mcu.externaltools.gnu-tools-for-stm32.12.3.rel1.win32_1.0.200.202406191623/tools/bin/../lib/gcc/arm-none-eabi/12.3.1/thumb/v7e-m+fp/hard/crtend.o
LOAD C:/ST/STM32CubeIDE_1.16.0/STM32CubeIDE/plugins/com.st.stm32cube.ide.mcu.externaltools.gnu-tools-for-stm32.12.3.rel1.win32_1.0.200.202406191623/tools/bin/../lib/gcc/arm-none-eabi/12.3.1/thumb/v7e-m+fp/hard/crtn.o
                0x20020000                        _estack = (ORIGIN (RAM) + LENGTH (RAM))
                0x00000200                        _Min_Heap_Size = 0x200
                0x00000400                        _Min_Stack_Size = 0x400
                0x00004000                        _LD_SIZE_BOOTLOADER = 0x4000
                0x00004000                        _LD_SIZE_CALIBRATION = 0x4000
                0x00004000                        _LD_SIZE_CONFIGURATION = 0x4000
                0x00034000                        _LD_SIZE_APPLICATION = 0x34000
                0x00040000                        _LD_SIZE_BUFFER_APP = 0x40000
                0x08000000                        _LD_ADDRESS_BOOTLOADER = 0x8000000
                0x08004000                        _LD_ADDRESS_CALIBRATION = (_LD_ADDRESS_BOOTLOADER + _LD_SIZE_BOOTLOADER)
                0x08008000                        _LD_ADDRESS_CONFIGURATION = (_LD_ADDRESS_CALIBRATION + _LD_SIZE_CALIBRATION)
                0x0800c000                        _LD_ADDRESS_APPLICATION = (_LD_ADDRESS_CONFIGURATION + _LD_SIZE_CONFIGURATION)
                0x08040000                        _LD_ADDRESS_BUFFER_APP = (_LD_ADDRESS_APPLICATION + _LD_SIZE_APPLICATION)
                0x00000200                        _LD_FW_INFO_OFFSET = 0x200

.isr_vector     0x0800c000      0x424
                0x0800c000                        . = ALIGN (0x4)
 *(.isr_vector)
 .isr_vector    0x0800c000      0x1c4 ./Core/Startup/startup_stm32f446retx.o
                0x0800c000                g_pfnVectors
 *(.sectionIsrConst)
 .sectionIsrConst
                0x0800c1c4      0x100 ./Core/Serial/modbus_slave.o
                0x0800c400                        . = ALIGN (_LD_FW_INFO_OFFSET)
 *fill*         0x0800c2c4      0x13c 
 *(.sectionFwInfo)
 .sectionFwInfo
                0x0800c400       0x24 ./Core/Common/configuration.o
                0x0800c400                CONF_FIRMWARE_INFO
                0x0800c424                        . = ALIGN (0x4)

.text           0x0800c428     0x8cec
                0x0800c428                        . = ALIGN (0x4)
 *(.text)
 .text          0x0800c428       0x40 C:/ST/STM32CubeIDE_1.16.0/STM32CubeIDE/plugins/com.st.stm32cube.ide.mcu.externaltools.gnu-tools-for-stm32.12.3.rel1.win32_1.0.200.202406191623/tools/bin/../lib/gcc/arm-none-eabi/12.3.1/thumb/v7e-m+fp/hard/crtbegin.o
 .text          0x0800c468      0x254 C:/ST/STM32CubeIDE_1.16.0/STM32CubeIDE/plugins/com.st.stm32cube.ide.mcu.externaltools.gnu-tools-for-stm32.12.3.rel1.win32_1.0.200.202406191623/tools/bin/../lib/gcc/arm-none-eabi/12.3.1/thumb/v7e-m+fp/hard\libgcc.a(_arm_muldf3.o)
                0x0800c468                __muldf3
                0x0800c468                __aeabi_dmul
 .text          0x0800c6bc      0x378 C:/ST/STM32CubeIDE_1.16.0/STM32CubeIDE/plugins/com.st.stm32cube.ide.mcu.externaltools.gnu-tools-for-stm32.12.3.rel1.win32_1.0.200.202406191623/tools/bin/../lib/gcc/arm-none-eabi/12.3.1/thumb/v7e-m+fp/hard\libgcc.a(_arm_addsubdf3.o)
                0x0800c6bc                __aeabi_drsub
                0x0800c6c4                __aeabi_dsub
                0x0800c6c4                __subdf3
                0x0800c6c8                __aeabi_dadd
                0x0800c6c8                __adddf3
                0x0800c940                __floatunsidf
                0x0800c940                __aeabi_ui2d
                0x0800c960                __floatsidf
                0x0800c960                __aeabi_i2d
                0x0800c984                __aeabi_f2d
                0x0800c984                __extendsfdf2
                0x0800c9c8                __floatundidf
                0x0800c9c8                __aeabi_ul2d
                0x0800c9d8                __floatdidf
                0x0800c9d8                __aeabi_l2d
 .text          0x0800ca34       0x50 C:/ST/STM32CubeIDE_1.16.0/STM32CubeIDE/plugins/com.st.stm32cube.ide.mcu.externaltools.gnu-tools-for-stm32.12.3.rel1.win32_1.0.200.202406191623/tools/bin/../lib/gcc/arm-none-eabi/12.3.1/thumb/v7e-m+fp/hard\libgcc.a(_arm_fixdfsi.o)
                0x0800ca34                __aeabi_d2iz
                0x0800ca34                __fixdfsi
 .text          0x0800ca84       0x30 C:/ST/STM32CubeIDE_1.16.0/STM32CubeIDE/plugins/com.st.stm32cube.ide.mcu.externaltools.gnu-tools-for-stm32.12.3.rel1.win32_1.0.200.202406191623/tools/bin/../lib/gcc/arm-none-eabi/12.3.1/thumb/v7e-m+fp/hard\libgcc.a(_aeabi_uldivmod.o)
                0x0800ca84                __aeabi_uldivmod
 .text          0x0800cab4      0x2bc C:/ST/STM32CubeIDE_1.16.0/STM32CubeIDE/plugins/com.st.stm32cube.ide.mcu.externaltools.gnu-tools-for-stm32.12.3.rel1.win32_1.0.200.202406191623/tools/bin/../lib/gcc/arm-none-eabi/12.3.1/thumb/v7e-m+fp/hard\libgcc.a(_udivmoddi4.o)
                0x0800cab4                __udivmoddi4
 .text          0x0800cd70        0x4 C:/ST/STM32CubeIDE_1.16.0/STM32CubeIDE/plugins/com.st.stm32cube.ide.mcu.externaltools.gnu-tools-for-stm32.12.3.rel1.win32_1.0.200.202406191623/tools/bin/../lib/gcc/arm-none-eabi/12.3.1/thumb/v7e-m+fp/hard\libgcc.a(_dvmd_tls.o)
                0x0800cd70                __aeabi_idiv0
                0x0800cd70                __aeabi_ldiv0
 *(.text*)
 .text.Config_AppInit
                0x0800cd74       0x1a ./Core/Common/config_app.o
                0x0800cd74                Config_AppInit
 .text.Config_Callback
                0x0800cd8e       0x24 ./Core/Common/config_app.o
                0x0800cd8e                Config_Callback
 .text.Config_Init
                0x0800cdb2       0x1e ./Core/Common/configuration.o
                0x0800cdb2                Config_Init
 .text.Config_ApplyConfig
                0x0800cdd0       0x2c ./Core/Common/configuration.o
                0x0800cdd0                Config_ApplyConfig
 .text.Config_ReadStream
                0x0800cdfc       0xd8 ./Core/Common/configuration.o
                0x0800cdfc                Config_ReadStream
 .text.Config_FillStream
                0x0800ced4       0xac ./Core/Common/configuration.o
                0x0800ced4                Config_FillStream
 .text.Control_Init
                0x0800cf80       0x1a ./Core/Common/control.o
                0x0800cf80                Control_Init
 *fill*         0x0800cf9a        0x2 
 .text.Control_Handle
                0x0800cf9c      0x168 ./Core/Common/control.o
                0x0800cf9c                Control_Handle
 .text.FlashApp_Init
                0x0800d104       0x32 ./Core/Common/flash_app.o
                0x0800d104                FlashApp_Init
 *fill*         0x0800d136        0x2 
 .text.FlashApp_Handle
                0x0800d138       0xbc ./Core/Common/flash_app.o
                0x0800d138                FlashApp_Handle
 .text.FlashApp_RequestConfStorage
                0x0800d1f4       0x34 ./Core/Common/flash_app.o
                0x0800d1f4                FlashApp_RequestConfStorage
 .text.FlashApp_RequestFactorySettings
                0x0800d228       0x24 ./Core/Common/flash_app.o
                0x0800d228                FlashApp_RequestFactorySettings
 .text.FlashConf_Init
                0x0800d24c       0x1a ./Core/Common/flash_conf.o
                0x0800d24c                FlashConf_Init
 *fill*         0x0800d266        0x2 
 .text.FlashConf_Load
                0x0800d268       0x7c ./Core/Common/flash_conf.o
                0x0800d268                FlashConf_Load
 .text.FlashConf_Store
                0x0800d2e4       0x90 ./Core/Common/flash_conf.o
                0x0800d2e4                FlashConf_Store
 .text.FlashConf_FindEntry
                0x0800d374      0x254 ./Core/Common/flash_conf.o
                0x0800d374                FlashConf_FindEntry
 .text.FlashConf_EraseBlock
                0x0800d5c8       0x28 ./Core/Common/flash_conf.o
                0x0800d5c8                FlashConf_EraseBlock
 .text.FlashConf_Read
                0x0800d5f0       0x88 ./Core/Common/flash_conf.o
                0x0800d5f0                FlashConf_Read
 .text.FlashConf_Write
                0x0800d678      0x12c ./Core/Common/flash_conf.o
                0x0800d678                FlashConf_Write
 .text.RegMap_RestoreFactoryValues
                0x0800d7a4       0x98 ./Core/Common/reg_map.o
                0x0800d7a4                RegMap_RestoreFactoryValues
 .text.__NVIC_SystemReset
                0x0800d83c       0x2c ./Core/Common/system_msp.o
 .text.System_CrcInit
                0x0800d868       0x5c ./Core/Common/system_msp.o
                0x0800d868                System_CrcInit
 .text.System_InitWdg
                0x0800d8c4       0x48 ./Core/Common/system_msp.o
                0x0800d8c4                System_InitWdg
 .text.System_ReloadWdg
                0x0800d90c       0x20 ./Core/Common/system_msp.o
                0x0800d90c                System_ReloadWdg
 .text.System_Delay
                0x0800d92c       0x18 ./Core/Common/system_msp.o
                0x0800d92c                System_Delay
 .text.System_Reset
                0x0800d944        0x8 ./Core/Common/system_msp.o
                0x0800d944                System_Reset
 .text.GetSector
                0x0800d94c       0x98 ./Core/Common/system_msp.o
                0x0800d94c                GetSector
 .text.System_FlashErase
                0x0800d9e4       0x74 ./Core/Common/system_msp.o
                0x0800d9e4                System_FlashErase
 .text.System_FlashProgram
                0x0800da58       0xa6 ./Core/Common/system_msp.o
                0x0800da58                System_FlashProgram
 *fill*         0x0800dafe        0x2 
 .text.System_RemapApplicationVector
                0x0800db00      0x118 ./Core/Common/system_msp.o
                0x0800db00                System_RemapApplicationVector
 .text.MbRtu_ReadInputRegCallback
                0x0800dc18      0x1e8 ./Core/Serial/mb_rtu_app.o
                0x0800dc18                MbRtu_ReadInputRegCallback
 .text.MbRtu_ReadHoldingRegCallback
                0x0800de00      0x11c ./Core/Serial/mb_rtu_app.o
                0x0800de00                MbRtu_ReadHoldingRegCallback
 .text.MbRtu_WriteHoldingRegCallback
                0x0800df1c      0x148 ./Core/Serial/mb_rtu_app.o
                0x0800df1c                MbRtu_WriteHoldingRegCallback
 .text.MbUpgr_Init
                0x0800e064       0x30 ./Core/Serial/mb_upgrade.o
                0x0800e064                MbUpgr_Init
 .text.MbUpgr_Handle
                0x0800e094       0xe8 ./Core/Serial/mb_upgrade.o
                0x0800e094                MbUpgr_Handle
 .text.MbUpgr_WriteRegisters
                0x0800e17c       0x8c ./Core/Serial/mb_upgrade.o
                0x0800e17c                MbUpgr_WriteRegisters
 .text.MbUpgr_ReadRegisters
                0x0800e208       0x7c ./Core/Serial/mb_upgrade.o
                0x0800e208                MbUpgr_ReadRegisters
 .text.MbUpgr_HeaderClb
                0x0800e284       0x36 ./Core/Serial/mb_upgrade.o
                0x0800e284                MbUpgr_HeaderClb
 .text.MbUpgr_WritePageClb
                0x0800e2ba       0x22 ./Core/Serial/mb_upgrade.o
                0x0800e2ba                MbUpgr_WritePageClb
 .text.MbUpgr_WriteDoneClb
                0x0800e2dc       0x1c ./Core/Serial/mb_upgrade.o
                0x0800e2dc                MbUpgr_WriteDoneClb
 .text.MbSlave_Init
                0x0800e2f8       0xb0 ./Core/Serial/modbus_slave.o
                0x0800e2f8                MbSlave_Init
 .text.MbSlave_SettingsChanged
                0x0800e3a8      0x190 ./Core/Serial/modbus_slave.o
                0x0800e3a8                MbSlave_SettingsChanged
 .text.MbSlave_Handle
                0x0800e538      0x12c ./Core/Serial/modbus_slave.o
                0x0800e538                MbSlave_Handle
 .text.MbSlave_UpdateSlaveAddress
                0x0800e664       0x5c ./Core/Serial/modbus_slave.o
                0x0800e664                MbSlave_UpdateSlaveAddress
 .text.MbSlave_BusReset
                0x0800e6c0       0x44 ./Core/Serial/modbus_slave.o
                0x0800e6c0                MbSlave_BusReset
 .text.USART1_IRQHandler
                0x0800e704       0x4c ./Core/Serial/modbus_slave.o
                0x0800e704                USART1_IRQHandler
 .text.TIM3_IRQHandler
                0x0800e750       0x50 ./Core/Serial/modbus_slave.o
                0x0800e750                TIM3_IRQHandler
 .text.MbSlave_CheckFrame
                0x0800e7a0      0x154 ./Core/Serial/modbus_slave.o
 .text.MbSlave_ProcessFrame
                0x0800e8f4      0x2c4 ./Core/Serial/modbus_slave.o
 .text.MbSlave_CRC16
                0x0800ebb8       0xdc ./Core/Serial/modbus_slave.o
 .text.MbSlave_Rs485DirTransmit
                0x0800ec94       0x18 ./Core/Serial/modbus_slave.o
 .text.MbSlave_Rs485DirReceive
                0x0800ecac       0x18 ./Core/Serial/modbus_slave.o
 .text.main     0x0800ecc4      0x1b0 ./Core/Src/main.o
                0x0800ecc4                main
 .text.SystemClock_Config
                0x0800ee74       0xe8 ./Core/Src/main.o
                0x0800ee74                SystemClock_Config
 .text.MX_ADC1_Init
                0x0800ef5c       0xf8 ./Core/Src/main.o
 .text.MX_CRC_Init
                0x0800f054       0x28 ./Core/Src/main.o
 .text.MX_I2C1_Init
                0x0800f07c       0x5c ./Core/Src/main.o
 .text.MX_IWDG_Init
                0x0800f0d8       0x34 ./Core/Src/main.o
 .text.MX_SPI2_Init
                0x0800f10c       0x6c ./Core/Src/main.o
 .text.MX_TIM2_Init
                0x0800f178       0x98 ./Core/Src/main.o
 .text.MX_UART5_Init
                0x0800f210       0x54 ./Core/Src/main.o
 .text.MX_USART1_UART_Init
                0x0800f264       0x54 ./Core/Src/main.o
 .text.MX_DMA_Init
                0x0800f2b8       0x40 ./Core/Src/main.o
 .text.MX_GPIO_Init
                0x0800f2f8      0x198 ./Core/Src/main.o
 .text.HAL_TIM_PeriodElapsedCallback
                0x0800f490       0x1e ./Core/Src/main.o
                0x0800f490                HAL_TIM_PeriodElapsedCallback
 .text.Error_Handler
                0x0800f4ae        0xc ./Core/Src/main.o
                0x0800f4ae                Error_Handler
 *fill*         0x0800f4ba        0x2 
 .text.HAL_MspInit
                0x0800f4bc       0x50 ./Core/Src/stm32f4xx_hal_msp.o
                0x0800f4bc                HAL_MspInit
 .text.HAL_ADC_MspInit
                0x0800f50c      0x124 ./Core/Src/stm32f4xx_hal_msp.o
                0x0800f50c                HAL_ADC_MspInit
 .text.HAL_CRC_MspInit
                0x0800f630       0x44 ./Core/Src/stm32f4xx_hal_msp.o
                0x0800f630                HAL_CRC_MspInit
 .text.HAL_I2C_MspInit
                0x0800f674       0x90 ./Core/Src/stm32f4xx_hal_msp.o
                0x0800f674                HAL_I2C_MspInit
 .text.HAL_SPI_MspInit
                0x0800f704       0xf0 ./Core/Src/stm32f4xx_hal_msp.o
                0x0800f704                HAL_SPI_MspInit
 .text.HAL_TIM_Base_MspInit
                0x0800f7f4       0x4c ./Core/Src/stm32f4xx_hal_msp.o
                0x0800f7f4                HAL_TIM_Base_MspInit
 .text.HAL_UART_MspInit
                0x0800f840      0x150 ./Core/Src/stm32f4xx_hal_msp.o
                0x0800f840                HAL_UART_MspInit
 .text.NMI_Handler
                0x0800f990        0x8 ./Core/Src/stm32f4xx_it.o
                0x0800f990                NMI_Handler
 .text.HardFault_Handler
                0x0800f998        0x4 ./Core/Src/stm32f4xx_it.o
                0x0800f998                HardFault_Handler
 .text.MemManage_Handler
                0x0800f99c        0xc ./Core/Src/stm32f4xx_it.o
                0x0800f99c                MemManage_Handler
 .text.BusFault_Handler
                0x0800f9a8        0xc ./Core/Src/stm32f4xx_it.o
                0x0800f9a8                BusFault_Handler
 .text.UsageFault_Handler
                0x0800f9b4        0xc ./Core/Src/stm32f4xx_it.o
                0x0800f9b4                UsageFault_Handler
 .text.SVC_Handler
                0x0800f9c0        0xe ./Core/Src/stm32f4xx_it.o
                0x0800f9c0                SVC_Handler
 .text.DebugMon_Handler
                0x0800f9ce        0xe ./Core/Src/stm32f4xx_it.o
                0x0800f9ce                DebugMon_Handler
 .text.PendSV_Handler
                0x0800f9dc        0xe ./Core/Src/stm32f4xx_it.o
                0x0800f9dc                PendSV_Handler
 .text.SysTick_Handler
                0x0800f9ea        0xc ./Core/Src/stm32f4xx_it.o
                0x0800f9ea                SysTick_Handler
 *fill*         0x0800f9f6        0x2 
 .text.TIM2_IRQHandler
                0x0800f9f8       0x14 ./Core/Src/stm32f4xx_it.o
                0x0800f9f8                TIM2_IRQHandler
 .text.EXTI15_10_IRQHandler
                0x0800fa0c       0x10 ./Core/Src/stm32f4xx_it.o
                0x0800fa0c                EXTI15_10_IRQHandler
 .text.UART5_IRQHandler
                0x0800fa1c       0x14 ./Core/Src/stm32f4xx_it.o
                0x0800fa1c                UART5_IRQHandler
 .text.DMA2_Stream0_IRQHandler
                0x0800fa30       0x14 ./Core/Src/stm32f4xx_it.o
                0x0800fa30                DMA2_Stream0_IRQHandler
 .text.SystemInit
                0x0800fa44       0x2c ./Core/Src/system_stm32f4xx.o
                0x0800fa44                SystemInit
 .text.Reset_Handler
                0x0800fa70       0x50 ./Core/Startup/startup_stm32f446retx.o
                0x0800fa70                Reset_Handler
 .text.Default_Handler
                0x0800fac0        0x2 ./Core/Startup/startup_stm32f446retx.o
                0x0800fac0                RTC_Alarm_IRQHandler
                0x0800fac0                EXTI2_IRQHandler
                0x0800fac0                TIM8_CC_IRQHandler
                0x0800fac0                FMPI2C1_EV_IRQHandler
                0x0800fac0                SPI4_IRQHandler
                0x0800fac0                TIM1_CC_IRQHandler
                0x0800fac0                DMA2_Stream5_IRQHandler
                0x0800fac0                DMA1_Stream5_IRQHandler
                0x0800fac0                PVD_IRQHandler
                0x0800fac0                SDIO_IRQHandler
                0x0800fac0                TAMP_STAMP_IRQHandler
                0x0800fac0                CAN2_RX1_IRQHandler
                0x0800fac0                EXTI3_IRQHandler
                0x0800fac0                TIM8_TRG_COM_TIM14_IRQHandler
                0x0800fac0                TIM1_UP_TIM10_IRQHandler
                0x0800fac0                TIM8_UP_TIM13_IRQHandler
                0x0800fac0                I2C3_ER_IRQHandler
                0x0800fac0                EXTI0_IRQHandler
                0x0800fac0                I2C2_EV_IRQHandler
                0x0800fac0                DMA1_Stream2_IRQHandler
                0x0800fac0                CAN1_RX0_IRQHandler
                0x0800fac0                FPU_IRQHandler
                0x0800fac0                OTG_HS_WKUP_IRQHandler
                0x0800fac0                CAN2_SCE_IRQHandler
                0x0800fac0                DMA2_Stream2_IRQHandler
                0x0800fac0                SPI1_IRQHandler
                0x0800fac0                TIM6_DAC_IRQHandler
                0x0800fac0                TIM1_BRK_TIM9_IRQHandler
                0x0800fac0                DCMI_IRQHandler
                0x0800fac0                CAN2_RX0_IRQHandler
                0x0800fac0                DMA2_Stream3_IRQHandler
                0x0800fac0                SAI2_IRQHandler
                0x0800fac0                USART6_IRQHandler
                0x0800fac0                USART3_IRQHandler
                0x0800fac0                CAN1_RX1_IRQHandler
                0x0800fac0                TIM4_IRQHandler
                0x0800fac0                QUADSPI_IRQHandler
                0x0800fac0                I2C1_EV_IRQHandler
                0x0800fac0                DMA1_Stream6_IRQHandler
                0x0800fac0                DMA1_Stream1_IRQHandler
                0x0800fac0                UART4_IRQHandler
                0x0800fac0                RCC_IRQHandler
                0x0800fac0                TIM8_BRK_TIM12_IRQHandler
                0x0800fac0                Default_Handler
                0x0800fac0                CEC_IRQHandler
                0x0800fac0                ADC_IRQHandler
                0x0800fac0                DMA1_Stream7_IRQHandler
                0x0800fac0                TIM7_IRQHandler
                0x0800fac0                CAN2_TX_IRQHandler
                0x0800fac0                TIM5_IRQHandler
                0x0800fac0                DMA2_Stream7_IRQHandler
                0x0800fac0                I2C3_EV_IRQHandler
                0x0800fac0                EXTI9_5_IRQHandler
                0x0800fac0                RTC_WKUP_IRQHandler
                0x0800fac0                SPDIF_RX_IRQHandler
                0x0800fac0                SPI2_IRQHandler
                0x0800fac0                OTG_HS_EP1_IN_IRQHandler
                0x0800fac0                DMA1_Stream0_IRQHandler
                0x0800fac0                CAN1_TX_IRQHandler
                0x0800fac0                FMPI2C1_ER_IRQHandler
                0x0800fac0                EXTI4_IRQHandler
                0x0800fac0                OTG_HS_EP1_OUT_IRQHandler
                0x0800fac0                WWDG_IRQHandler
                0x0800fac0                OTG_FS_WKUP_IRQHandler
                0x0800fac0                TIM1_TRG_COM_TIM11_IRQHandler
                0x0800fac0                OTG_HS_IRQHandler
                0x0800fac0                EXTI1_IRQHandler
                0x0800fac0                USART2_IRQHandler
                0x0800fac0                I2C2_ER_IRQHandler
                0x0800fac0                DMA2_Stream1_IRQHandler
                0x0800fac0                CAN1_SCE_IRQHandler
                0x0800fac0                FLASH_IRQHandler
                0x0800fac0                DMA2_Stream4_IRQHandler
                0x0800fac0                OTG_FS_IRQHandler
                0x0800fac0                SPI3_IRQHandler
                0x0800fac0                DMA1_Stream4_IRQHandler
                0x0800fac0                I2C1_ER_IRQHandler
                0x0800fac0                FMC_IRQHandler
                0x0800fac0                DMA2_Stream6_IRQHandler
                0x0800fac0                SAI1_IRQHandler
                0x0800fac0                DMA1_Stream3_IRQHandler
 *fill*         0x0800fac2        0x2 
 .text.HAL_Init
                0x0800fac4       0x44 ./Drivers/STM32F4xx_HAL_Driver/Src/stm32f4xx_hal.o
                0x0800fac4                HAL_Init
 .text.HAL_InitTick
                0x0800fb08       0x60 ./Drivers/STM32F4xx_HAL_Driver/Src/stm32f4xx_hal.o
                0x0800fb08                HAL_InitTick
 .text.HAL_IncTick
                0x0800fb68       0x28 ./Drivers/STM32F4xx_HAL_Driver/Src/stm32f4xx_hal.o
                0x0800fb68                HAL_IncTick
 .text.HAL_GetTick
                0x0800fb90       0x18 ./Drivers/STM32F4xx_HAL_Driver/Src/stm32f4xx_hal.o
                0x0800fb90                HAL_GetTick
 .text.HAL_Delay
                0x0800fba8       0x48 ./Drivers/STM32F4xx_HAL_Driver/Src/stm32f4xx_hal.o
                0x0800fba8                HAL_Delay
 .text.HAL_ADC_Init
                0x0800fbf0       0x86 ./Drivers/STM32F4xx_HAL_Driver/Src/stm32f4xx_hal_adc.o
                0x0800fbf0                HAL_ADC_Init
 *fill*         0x0800fc76        0x2 
 .text.HAL_ADC_Start_DMA
                0x0800fc78      0x228 ./Drivers/STM32F4xx_HAL_Driver/Src/stm32f4xx_hal_adc.o
                0x0800fc78                HAL_ADC_Start_DMA
 .text.HAL_ADC_ConvHalfCpltCallback
                0x0800fea0       0x14 ./Drivers/STM32F4xx_HAL_Driver/Src/stm32f4xx_hal_adc.o
                0x0800fea0                HAL_ADC_ConvHalfCpltCallback
 .text.HAL_ADC_ErrorCallback
                0x0800feb4       0x14 ./Drivers/STM32F4xx_HAL_Driver/Src/stm32f4xx_hal_adc.o
                0x0800feb4                HAL_ADC_ErrorCallback
 .text.HAL_ADC_ConfigChannel
                0x0800fec8      0x264 ./Drivers/STM32F4xx_HAL_Driver/Src/stm32f4xx_hal_adc.o
                0x0800fec8                HAL_ADC_ConfigChannel
 .text.ADC_Init
                0x0801012c      0x1f8 ./Drivers/STM32F4xx_HAL_Driver/Src/stm32f4xx_hal_adc.o
 .text.ADC_DMAConvCplt
                0x08010324       0xba ./Drivers/STM32F4xx_HAL_Driver/Src/stm32f4xx_hal_adc.o
 .text.ADC_DMAHalfConvCplt
                0x080103de       0x1c ./Drivers/STM32F4xx_HAL_Driver/Src/stm32f4xx_hal_adc.o
 .text.ADC_DMAError
                0x080103fa       0x2e ./Drivers/STM32F4xx_HAL_Driver/Src/stm32f4xx_hal_adc.o
 .text.__NVIC_SetPriorityGrouping
                0x08010428       0x48 ./Drivers/STM32F4xx_HAL_Driver/Src/stm32f4xx_hal_cortex.o
 .text.__NVIC_GetPriorityGrouping
                0x08010470       0x1c ./Drivers/STM32F4xx_HAL_Driver/Src/stm32f4xx_hal_cortex.o
 .text.__NVIC_EnableIRQ
                0x0801048c       0x3c ./Drivers/STM32F4xx_HAL_Driver/Src/stm32f4xx_hal_cortex.o
 .text.__NVIC_DisableIRQ
                0x080104c8       0x48 ./Drivers/STM32F4xx_HAL_Driver/Src/stm32f4xx_hal_cortex.o
 .text.__NVIC_ClearPendingIRQ
                0x08010510       0x3c ./Drivers/STM32F4xx_HAL_Driver/Src/stm32f4xx_hal_cortex.o
 .text.__NVIC_SetPriority
                0x0801054c       0x54 ./Drivers/STM32F4xx_HAL_Driver/Src/stm32f4xx_hal_cortex.o
 .text.NVIC_EncodePriority
                0x080105a0       0x66 ./Drivers/STM32F4xx_HAL_Driver/Src/stm32f4xx_hal_cortex.o
 *fill*         0x08010606        0x2 
 .text.SysTick_Config
                0x08010608       0x44 ./Drivers/STM32F4xx_HAL_Driver/Src/stm32f4xx_hal_cortex.o
 .text.HAL_NVIC_SetPriorityGrouping
                0x0801064c       0x16 ./Drivers/STM32F4xx_HAL_Driver/Src/stm32f4xx_hal_cortex.o
                0x0801064c                HAL_NVIC_SetPriorityGrouping
 .text.HAL_NVIC_SetPriority
                0x08010662       0x38 ./Drivers/STM32F4xx_HAL_Driver/Src/stm32f4xx_hal_cortex.o
                0x08010662                HAL_NVIC_SetPriority
 .text.HAL_NVIC_EnableIRQ
                0x0801069a       0x1c ./Drivers/STM32F4xx_HAL_Driver/Src/stm32f4xx_hal_cortex.o
                0x0801069a                HAL_NVIC_EnableIRQ
 .text.HAL_NVIC_DisableIRQ
                0x080106b6       0x1c ./Drivers/STM32F4xx_HAL_Driver/Src/stm32f4xx_hal_cortex.o
                0x080106b6                HAL_NVIC_DisableIRQ
 .text.HAL_SYSTICK_Config
                0x080106d2       0x18 ./Drivers/STM32F4xx_HAL_Driver/Src/stm32f4xx_hal_cortex.o
                0x080106d2                HAL_SYSTICK_Config
 .text.HAL_NVIC_ClearPendingIRQ
                0x080106ea       0x1c ./Drivers/STM32F4xx_HAL_Driver/Src/stm32f4xx_hal_cortex.o
                0x080106ea                HAL_NVIC_ClearPendingIRQ
 .text.HAL_CRC_Init
                0x08010706       0x38 ./Drivers/STM32F4xx_HAL_Driver/Src/stm32f4xx_hal_crc.o
                0x08010706                HAL_CRC_Init
 *fill*         0x0801073e        0x2 
 .text.HAL_DMA_Init
                0x08010740      0x15c ./Drivers/STM32F4xx_HAL_Driver/Src/stm32f4xx_hal_dma.o
                0x08010740                HAL_DMA_Init
 .text.HAL_DMA_Start_IT
                0x0801089c       0xb0 ./Drivers/STM32F4xx_HAL_Driver/Src/stm32f4xx_hal_dma.o
                0x0801089c                HAL_DMA_Start_IT
 .text.HAL_DMA_Abort
                0x0801094c       0xe0 ./Drivers/STM32F4xx_HAL_Driver/Src/stm32f4xx_hal_dma.o
                0x0801094c                HAL_DMA_Abort
 .text.HAL_DMA_Abort_IT
                0x08010a2c       0x44 ./Drivers/STM32F4xx_HAL_Driver/Src/stm32f4xx_hal_dma.o
                0x08010a2c                HAL_DMA_Abort_IT
 .text.HAL_DMA_IRQHandler
                0x08010a70      0x314 ./Drivers/STM32F4xx_HAL_Driver/Src/stm32f4xx_hal_dma.o
                0x08010a70                HAL_DMA_IRQHandler
 .text.DMA_SetConfig
                0x08010d84       0x5c ./Drivers/STM32F4xx_HAL_Driver/Src/stm32f4xx_hal_dma.o
 .text.DMA_CalcBaseAndBitshift
                0x08010de0       0x6c ./Drivers/STM32F4xx_HAL_Driver/Src/stm32f4xx_hal_dma.o
 .text.DMA_CheckFifoParam
                0x08010e4c       0xf8 ./Drivers/STM32F4xx_HAL_Driver/Src/stm32f4xx_hal_dma.o
 .text.HAL_FLASH_Program
                0x08010f44       0xa4 ./Drivers/STM32F4xx_HAL_Driver/Src/stm32f4xx_hal_flash.o
                0x08010f44                HAL_FLASH_Program
 .text.HAL_FLASH_Unlock
                0x08010fe8       0x44 ./Drivers/STM32F4xx_HAL_Driver/Src/stm32f4xx_hal_flash.o
                0x08010fe8                HAL_FLASH_Unlock
 .text.HAL_FLASH_Lock
                0x0801102c       0x20 ./Drivers/STM32F4xx_HAL_Driver/Src/stm32f4xx_hal_flash.o
                0x0801102c                HAL_FLASH_Lock
 .text.FLASH_WaitForLastOperation
                0x0801104c       0x80 ./Drivers/STM32F4xx_HAL_Driver/Src/stm32f4xx_hal_flash.o
                0x0801104c                FLASH_WaitForLastOperation
 .text.FLASH_Program_DoubleWord
                0x080110cc       0x64 ./Drivers/STM32F4xx_HAL_Driver/Src/stm32f4xx_hal_flash.o
 .text.FLASH_Program_Word
                0x08011130       0x44 ./Drivers/STM32F4xx_HAL_Driver/Src/stm32f4xx_hal_flash.o
 .text.FLASH_Program_HalfWord
                0x08011174       0x48 ./Drivers/STM32F4xx_HAL_Driver/Src/stm32f4xx_hal_flash.o
 .text.FLASH_Program_Byte
                0x080111bc       0x44 ./Drivers/STM32F4xx_HAL_Driver/Src/stm32f4xx_hal_flash.o
 .text.FLASH_SetErrorCode
                0x08011200       0xcc ./Drivers/STM32F4xx_HAL_Driver/Src/stm32f4xx_hal_flash.o
 .text.HAL_FLASHEx_Erase
                0x080112cc       0xdc ./Drivers/STM32F4xx_HAL_Driver/Src/stm32f4xx_hal_flash_ex.o
                0x080112cc                HAL_FLASHEx_Erase
 .text.FLASH_MassErase
                0x080113a8       0x48 ./Drivers/STM32F4xx_HAL_Driver/Src/stm32f4xx_hal_flash_ex.o
 .text.FLASH_Erase_Sector
                0x080113f0       0x90 ./Drivers/STM32F4xx_HAL_Driver/Src/stm32f4xx_hal_flash_ex.o
                0x080113f0                FLASH_Erase_Sector
 .text.FLASH_FlushCaches
                0x08011480       0x8c ./Drivers/STM32F4xx_HAL_Driver/Src/stm32f4xx_hal_flash_ex.o
                0x08011480                FLASH_FlushCaches
 .text.HAL_GPIO_Init
                0x0801150c      0x328 ./Drivers/STM32F4xx_HAL_Driver/Src/stm32f4xx_hal_gpio.o
                0x0801150c                HAL_GPIO_Init
 .text.HAL_GPIO_WritePin
                0x08011834       0x32 ./Drivers/STM32F4xx_HAL_Driver/Src/stm32f4xx_hal_gpio.o
                0x08011834                HAL_GPIO_WritePin
 .text.HAL_GPIO_TogglePin
                0x08011866       0x34 ./Drivers/STM32F4xx_HAL_Driver/Src/stm32f4xx_hal_gpio.o
                0x08011866                HAL_GPIO_TogglePin
 *fill*         0x0801189a        0x2 
 .text.HAL_GPIO_EXTI_IRQHandler
                0x0801189c       0x30 ./Drivers/STM32F4xx_HAL_Driver/Src/stm32f4xx_hal_gpio.o
                0x0801189c                HAL_GPIO_EXTI_IRQHandler
 .text.HAL_GPIO_EXTI_Callback
                0x080118cc       0x16 ./Drivers/STM32F4xx_HAL_Driver/Src/stm32f4xx_hal_gpio.o
                0x080118cc                HAL_GPIO_EXTI_Callback
 *fill*         0x080118e2        0x2 
 .text.HAL_I2C_Init
                0x080118e4      0x288 ./Drivers/STM32F4xx_HAL_Driver/Src/stm32f4xx_hal_i2c.o
                0x080118e4                HAL_I2C_Init
 .text.HAL_IWDG_Init
                0x08011b6c       0x88 ./Drivers/STM32F4xx_HAL_Driver/Src/stm32f4xx_hal_iwdg.o
                0x08011b6c                HAL_IWDG_Init
 .text.HAL_IWDG_Refresh
                0x08011bf4       0x20 ./Drivers/STM32F4xx_HAL_Driver/Src/stm32f4xx_hal_iwdg.o
                0x08011bf4                HAL_IWDG_Refresh
 .text.HAL_PWREx_EnableOverDrive
                0x08011c14       0xa0 ./Drivers/STM32F4xx_HAL_Driver/Src/stm32f4xx_hal_pwr_ex.o
                0x08011c14                HAL_PWREx_EnableOverDrive
 .text.HAL_RCC_ClockConfig
                0x08011cb4      0x1cc ./Drivers/STM32F4xx_HAL_Driver/Src/stm32f4xx_hal_rcc.o
                0x08011cb4                HAL_RCC_ClockConfig
 .text.HAL_RCC_GetHCLKFreq
                0x08011e80       0x18 ./Drivers/STM32F4xx_HAL_Driver/Src/stm32f4xx_hal_rcc.o
                0x08011e80                HAL_RCC_GetHCLKFreq
 .text.HAL_RCC_GetPCLK1Freq
                0x08011e98       0x28 ./Drivers/STM32F4xx_HAL_Driver/Src/stm32f4xx_hal_rcc.o
                0x08011e98                HAL_RCC_GetPCLK1Freq
 .text.HAL_RCC_GetPCLK2Freq
                0x08011ec0       0x28 ./Drivers/STM32F4xx_HAL_Driver/Src/stm32f4xx_hal_rcc.o
                0x08011ec0                HAL_RCC_GetPCLK2Freq
 .text.HAL_RCC_GetSysClockFreq
                0x08011ee8      0x354 ./Drivers/STM32F4xx_HAL_Driver/Src/stm32f4xx_hal_rcc_ex.o
                0x08011ee8                HAL_RCC_GetSysClockFreq
 .text.HAL_RCC_OscConfig
                0x0801223c      0x53c ./Drivers/STM32F4xx_HAL_Driver/Src/stm32f4xx_hal_rcc_ex.o
                0x0801223c                HAL_RCC_OscConfig
 .text.HAL_SPI_Init
                0x08012778      0x112 ./Drivers/STM32F4xx_HAL_Driver/Src/stm32f4xx_hal_spi.o
                0x08012778                HAL_SPI_Init
 .text.HAL_TIM_Base_Init
                0x0801288a       0x9e ./Drivers/STM32F4xx_HAL_Driver/Src/stm32f4xx_hal_tim.o
                0x0801288a                HAL_TIM_Base_Init
 .text.HAL_TIM_Base_Start_IT
                0x08012928       0xe0 ./Drivers/STM32F4xx_HAL_Driver/Src/stm32f4xx_hal_tim.o
                0x08012928                HAL_TIM_Base_Start_IT
 .text.HAL_TIM_Base_Stop_IT
                0x08012a08       0x5e ./Drivers/STM32F4xx_HAL_Driver/Src/stm32f4xx_hal_tim.o
                0x08012a08                HAL_TIM_Base_Stop_IT
 .text.HAL_TIM_IRQHandler
                0x08012a66      0x1e0 ./Drivers/STM32F4xx_HAL_Driver/Src/stm32f4xx_hal_tim.o
                0x08012a66                HAL_TIM_IRQHandler
 .text.HAL_TIM_ConfigClockSource
                0x08012c46      0x18e ./Drivers/STM32F4xx_HAL_Driver/Src/stm32f4xx_hal_tim.o
                0x08012c46                HAL_TIM_ConfigClockSource
 .text.HAL_TIM_OC_DelayElapsedCallback
                0x08012dd4       0x14 ./Drivers/STM32F4xx_HAL_Driver/Src/stm32f4xx_hal_tim.o
                0x08012dd4                HAL_TIM_OC_DelayElapsedCallback
 .text.HAL_TIM_IC_CaptureCallback
                0x08012de8       0x14 ./Drivers/STM32F4xx_HAL_Driver/Src/stm32f4xx_hal_tim.o
                0x08012de8                HAL_TIM_IC_CaptureCallback
 .text.HAL_TIM_PWM_PulseFinishedCallback
                0x08012dfc       0x14 ./Drivers/STM32F4xx_HAL_Driver/Src/stm32f4xx_hal_tim.o
                0x08012dfc                HAL_TIM_PWM_PulseFinishedCallback
 .text.HAL_TIM_TriggerCallback
                0x08012e10       0x14 ./Drivers/STM32F4xx_HAL_Driver/Src/stm32f4xx_hal_tim.o
                0x08012e10                HAL_TIM_TriggerCallback
 .text.TIM_Base_SetConfig
                0x08012e24      0x14c ./Drivers/STM32F4xx_HAL_Driver/Src/stm32f4xx_hal_tim.o
                0x08012e24                TIM_Base_SetConfig
 .text.TIM_TI1_ConfigInputStage
                0x08012f70       0x5e ./Drivers/STM32F4xx_HAL_Driver/Src/stm32f4xx_hal_tim.o
 .text.TIM_TI2_ConfigInputStage
                0x08012fce       0x60 ./Drivers/STM32F4xx_HAL_Driver/Src/stm32f4xx_hal_tim.o
 .text.TIM_ITRx_SetConfig
                0x0801302e       0x36 ./Drivers/STM32F4xx_HAL_Driver/Src/stm32f4xx_hal_tim.o
 .text.TIM_ETR_SetConfig
                0x08013064       0x40 ./Drivers/STM32F4xx_HAL_Driver/Src/stm32f4xx_hal_tim.o
                0x08013064                TIM_ETR_SetConfig
 .text.HAL_TIMEx_MasterConfigSynchronization
                0x080130a4       0xf8 ./Drivers/STM32F4xx_HAL_Driver/Src/stm32f4xx_hal_tim_ex.o
                0x080130a4                HAL_TIMEx_MasterConfigSynchronization
 .text.HAL_TIMEx_CommutCallback
                0x0801319c       0x14 ./Drivers/STM32F4xx_HAL_Driver/Src/stm32f4xx_hal_tim_ex.o
                0x0801319c                HAL_TIMEx_CommutCallback
 .text.HAL_TIMEx_BreakCallback
                0x080131b0       0x14 ./Drivers/STM32F4xx_HAL_Driver/Src/stm32f4xx_hal_tim_ex.o
                0x080131b0                HAL_TIMEx_BreakCallback
 .text.HAL_UART_Init
                0x080131c4       0xa0 ./Drivers/STM32F4xx_HAL_Driver/Src/stm32f4xx_hal_uart.o
                0x080131c4                HAL_UART_Init
 .text.HAL_UART_Transmit_IT
                0x08013264       0x6c ./Drivers/STM32F4xx_HAL_Driver/Src/stm32f4xx_hal_uart.o
                0x08013264                HAL_UART_Transmit_IT
 .text.HAL_UART_Receive_IT
                0x080132d0       0x4a ./Drivers/STM32F4xx_HAL_Driver/Src/stm32f4xx_hal_uart.o
                0x080132d0                HAL_UART_Receive_IT
 *fill*         0x0801331a        0x2 
 .text.HAL_UART_Abort_IT
                0x0801331c      0x228 ./Drivers/STM32F4xx_HAL_Driver/Src/stm32f4xx_hal_uart.o
                0x0801331c                HAL_UART_Abort_IT
 .text.HAL_UART_AbortReceive_IT
                0x08013544      0x164 ./Drivers/STM32F4xx_HAL_Driver/Src/stm32f4xx_hal_uart.o
                0x08013544                HAL_UART_AbortReceive_IT
 .text.HAL_UART_IRQHandler
                0x080136a8      0x554 ./Drivers/STM32F4xx_HAL_Driver/Src/stm32f4xx_hal_uart.o
                0x080136a8                HAL_UART_IRQHandler
 .text.HAL_UART_TxCpltCallback
                0x08013bfc       0x14 ./Drivers/STM32F4xx_HAL_Driver/Src/stm32f4xx_hal_uart.o
                0x08013bfc                HAL_UART_TxCpltCallback
 .text.HAL_UART_RxCpltCallback
                0x08013c10       0x14 ./Drivers/STM32F4xx_HAL_Driver/Src/stm32f4xx_hal_uart.o
                0x08013c10                HAL_UART_RxCpltCallback
 .text.HAL_UART_ErrorCallback
                0x08013c24       0x14 ./Drivers/STM32F4xx_HAL_Driver/Src/stm32f4xx_hal_uart.o
                0x08013c24                HAL_UART_ErrorCallback
 .text.HAL_UART_AbortCpltCallback
                0x08013c38       0x14 ./Drivers/STM32F4xx_HAL_Driver/Src/stm32f4xx_hal_uart.o
                0x08013c38                HAL_UART_AbortCpltCallback
 .text.HAL_UART_AbortReceiveCpltCallback
                0x08013c4c       0x14 ./Drivers/STM32F4xx_HAL_Driver/Src/stm32f4xx_hal_uart.o
                0x08013c4c                HAL_UART_AbortReceiveCpltCallback
 .text.HAL_UARTEx_RxEventCallback
                0x08013c60       0x18 ./Drivers/STM32F4xx_HAL_Driver/Src/stm32f4xx_hal_uart.o
                0x08013c60                HAL_UARTEx_RxEventCallback
 .text.UART_Start_Receive_IT
                0x08013c78       0x74 ./Drivers/STM32F4xx_HAL_Driver/Src/stm32f4xx_hal_uart.o
                0x08013c78                UART_Start_Receive_IT
 .text.UART_EndRxTransfer
                0x08013cec       0xc6 ./Drivers/STM32F4xx_HAL_Driver/Src/stm32f4xx_hal_uart.o
 .text.UART_DMAAbortOnError
                0x08013db2       0x22 ./Drivers/STM32F4xx_HAL_Driver/Src/stm32f4xx_hal_uart.o
 .text.UART_DMATxAbortCallback
                0x08013dd4       0x60 ./Drivers/STM32F4xx_HAL_Driver/Src/stm32f4xx_hal_uart.o
 .text.UART_DMARxAbortCallback
                0x08013e34       0x60 ./Drivers/STM32F4xx_HAL_Driver/Src/stm32f4xx_hal_uart.o
 .text.UART_DMARxOnlyAbortCallback
                0x08013e94       0x30 ./Drivers/STM32F4xx_HAL_Driver/Src/stm32f4xx_hal_uart.o
 .text.UART_Transmit_IT
                0x08013ec4       0xa0 ./Drivers/STM32F4xx_HAL_Driver/Src/stm32f4xx_hal_uart.o
 .text.UART_EndTransmit_IT
                0x08013f64       0x30 ./Drivers/STM32F4xx_HAL_Driver/Src/stm32f4xx_hal_uart.o
 .text.UART_Receive_IT
                0x08013f94      0x17c ./Drivers/STM32F4xx_HAL_Driver/Src/stm32f4xx_hal_uart.o
 .text.UART_SetConfig
                0x08014110      0x4e8 ./Drivers/STM32F4xx_HAL_Driver/Src/stm32f4xx_hal_uart.o
 .text.Probe_Init
                0x080145f8       0x20 ./Modules/Probe/voltage_current_probe.o
                0x080145f8                Probe_Init
 .text.Probe_Handle
                0x08014618        0xe ./Modules/Probe/voltage_current_probe.o
                0x08014618                Probe_Handle
 *fill*         0x08014626        0x2 
 .text.Probe_InitHAL
                0x08014628       0x14 ./Modules/Probe/voltage_current_probe.o
                0x08014628                Probe_InitHAL
 .text.AngleBufferFIFO_Reset
                0x0801463c       0x1c ./Modules/Probe/voltage_current_probe.o
 .text.AngleBufferFIFO_Add
                0x08014658       0x8a ./Modules/Probe/voltage_current_probe.o
 .text.Detect_RotationDirection
                0x080146e2       0x5c ./Modules/Probe/voltage_current_probe.o
 .text.Filter_Reset
                0x0801473e       0x36 ./Modules/Probe/voltage_current_probe.o
 .text.Filter_Step
                0x08014774      0x174 ./Modules/Probe/voltage_current_probe.o
 .text.StartAdcMeasurement
                0x080148e8       0x40 ./Modules/Probe/voltage_current_probe.o
                0x080148e8                StartAdcMeasurement
 .text.Detect_Step
                0x08014928       0x68 ./Modules/Probe/voltage_current_probe.o
 .text.StepCounter_Update
                0x08014990       0xa4 ./Modules/Probe/voltage_current_probe.o
 *fill*         0x08014a34        0x4 
 .text.Capture_HandleSample
                0x08014a38      0x300 ./Modules/Probe/voltage_current_probe.o
 .text.HAL_ADC_ConvCpltCallback
                0x08014d38       0x34 ./Modules/Probe/voltage_current_probe.o
                0x08014d38                HAL_ADC_ConvCpltCallback
 .text.memcmp   0x08014d6c       0x20 C:/ST/STM32CubeIDE_1.16.0/STM32CubeIDE/plugins/com.st.stm32cube.ide.mcu.externaltools.gnu-tools-for-stm32.12.3.rel1.win32_1.0.200.202406191623/tools/bin/../lib/gcc/arm-none-eabi/12.3.1/../../../../arm-none-eabi/lib/thumb/v7e-m+fp/hard\libc_nano.a(libc_a-memcmp.o)
                0x08014d6c                memcmp
 .text.memset   0x08014d8c       0x10 C:/ST/STM32CubeIDE_1.16.0/STM32CubeIDE/plugins/com.st.stm32cube.ide.mcu.externaltools.gnu-tools-for-stm32.12.3.rel1.win32_1.0.200.202406191623/tools/bin/../lib/gcc/arm-none-eabi/12.3.1/../../../../arm-none-eabi/lib/thumb/v7e-m+fp/hard\libc_nano.a(libc_a-memset.o)
                0x08014d8c                memset
 .text.__libc_init_array
                0x08014d9c       0x48 C:/ST/STM32CubeIDE_1.16.0/STM32CubeIDE/plugins/com.st.stm32cube.ide.mcu.externaltools.gnu-tools-for-stm32.12.3.rel1.win32_1.0.200.202406191623/tools/bin/../lib/gcc/arm-none-eabi/12.3.1/../../../../arm-none-eabi/lib/thumb/v7e-m+fp/hard\libc_nano.a(libc_a-init.o)
                0x08014d9c                __libc_init_array
 .text.memcpy   0x08014de4       0x1c C:/ST/STM32CubeIDE_1.16.0/STM32CubeIDE/plugins/com.st.stm32cube.ide.mcu.externaltools.gnu-tools-for-stm32.12.3.rel1.win32_1.0.200.202406191623/tools/bin/../lib/gcc/arm-none-eabi/12.3.1/../../../../arm-none-eabi/lib/thumb/v7e-m+fp/hard\libc_nano.a(libc_a-memcpy-stub.o)
                0x08014de4                memcpy
 .text.atan2f   0x08014e00        0x4 C:/ST/STM32CubeIDE_1.16.0/STM32CubeIDE/plugins/com.st.stm32cube.ide.mcu.externaltools.gnu-tools-for-stm32.12.3.rel1.win32_1.0.200.202406191623/tools/bin/../lib/gcc/arm-none-eabi/12.3.1/../../../../arm-none-eabi/lib/thumb/v7e-m+fp/hard\libm.a(libm_a-wf_atan2.o)
                0x08014e00                atan2f
 .text.__ieee754_atan2f
                0x08014e04      0x140 C:/ST/STM32CubeIDE_1.16.0/STM32CubeIDE/plugins/com.st.stm32cube.ide.mcu.externaltools.gnu-tools-for-stm32.12.3.rel1.win32_1.0.200.202406191623/tools/bin/../lib/gcc/arm-none-eabi/12.3.1/../../../../arm-none-eabi/lib/thumb/v7e-m+fp/hard\libm.a(libm_a-ef_atan2.o)
                0x08014e04                __ieee754_atan2f
 .text.atanf    0x08014f44      0x1a8 C:/ST/STM32CubeIDE_1.16.0/STM32CubeIDE/plugins/com.st.stm32cube.ide.mcu.externaltools.gnu-tools-for-stm32.12.3.rel1.win32_1.0.200.202406191623/tools/bin/../lib/gcc/arm-none-eabi/12.3.1/../../../../arm-none-eabi/lib/thumb/v7e-m+fp/hard\libm.a(libm_a-sf_atan.o)
                0x08014f44                atanf
 .text.fabsf    0x080150ec        0xe C:/ST/STM32CubeIDE_1.16.0/STM32CubeIDE/plugins/com.st.stm32cube.ide.mcu.externaltools.gnu-tools-for-stm32.12.3.rel1.win32_1.0.200.202406191623/tools/bin/../lib/gcc/arm-none-eabi/12.3.1/../../../../arm-none-eabi/lib/thumb/v7e-m+fp/hard\libm.a(libm_a-sf_fabs.o)
                0x080150ec                fabsf
 *(.glue_7)
 .glue_7        0x080150fa        0x0 linker stubs
 *(.glue_7t)
 .glue_7t       0x080150fa        0x0 linker stubs
 *(.eh_frame)
 *fill*         0x080150fa        0x2 
 .eh_frame      0x080150fc        0x0 C:/ST/STM32CubeIDE_1.16.0/STM32CubeIDE/plugins/com.st.stm32cube.ide.mcu.externaltools.gnu-tools-for-stm32.12.3.rel1.win32_1.0.200.202406191623/tools/bin/../lib/gcc/arm-none-eabi/12.3.1/thumb/v7e-m+fp/hard/crtbegin.o
 *(.init)
 .init          0x080150fc        0x4 C:/ST/STM32CubeIDE_1.16.0/STM32CubeIDE/plugins/com.st.stm32cube.ide.mcu.externaltools.gnu-tools-for-stm32.12.3.rel1.win32_1.0.200.202406191623/tools/bin/../lib/gcc/arm-none-eabi/12.3.1/thumb/v7e-m+fp/hard/crti.o
                0x080150fc                _init
 .init          0x08015100        0x8 C:/ST/STM32CubeIDE_1.16.0/STM32CubeIDE/plugins/com.st.stm32cube.ide.mcu.externaltools.gnu-tools-for-stm32.12.3.rel1.win32_1.0.200.202406191623/tools/bin/../lib/gcc/arm-none-eabi/12.3.1/thumb/v7e-m+fp/hard/crtn.o
 *(.fini)
 .fini          0x08015108        0x4 C:/ST/STM32CubeIDE_1.16.0/STM32CubeIDE/plugins/com.st.stm32cube.ide.mcu.externaltools.gnu-tools-for-stm32.12.3.rel1.win32_1.0.200.202406191623/tools/bin/../lib/gcc/arm-none-eabi/12.3.1/thumb/v7e-m+fp/hard/crti.o
                0x08015108                _fini
 .fini          0x0801510c        0x8 C:/ST/STM32CubeIDE_1.16.0/STM32CubeIDE/plugins/com.st.stm32cube.ide.mcu.externaltools.gnu-tools-for-stm32.12.3.rel1.win32_1.0.200.202406191623/tools/bin/../lib/gcc/arm-none-eabi/12.3.1/thumb/v7e-m+fp/hard/crtn.o
                0x08015114                        . = ALIGN (0x4)
                0x08015114                        _etext = .

.vfp11_veneer   0x08015114        0x0
 .vfp11_veneer  0x08015114        0x0 linker stubs

.v4_bx          0x08015114        0x0
 .v4_bx         0x08015114        0x0 linker stubs

.iplt           0x08015114        0x0
 .iplt          0x08015114        0x0 C:/ST/STM32CubeIDE_1.16.0/STM32CubeIDE/plugins/com.st.stm32cube.ide.mcu.externaltools.gnu-tools-for-stm32.12.3.rel1.win32_1.0.200.202406191623/tools/bin/../lib/gcc/arm-none-eabi/12.3.1/thumb/v7e-m+fp/hard/crtbegin.o

.rodata         0x08015114      0x258
                0x08015114                        . = ALIGN (0x4)
 *(.rodata)
 *(.rodata*)
 .rodata.CONF_LENGTH
                0x08015114       0x40 ./Core/Common/configuration.o
                0x08015114                CONF_LENGTH
 .rodata.FLASH_KEY
                0x08015154        0x4 ./Core/Common/flash_conf.o
 .rodata.CONF_REG
                0x08015158       0x68 ./Core/Common/reg_map.o
                0x08015158                CONF_REG
 .rodata.CONF_REG_FLASH
                0x080151c0       0x14 ./Core/Common/reg_map.o
                0x080151c0                CONF_REG_FLASH
 .rodata.tableCrcLo
                0x080151d4      0x100 ./Core/Serial/modbus_slave.o
 .rodata.tableSpeed
                0x080152d4       0x14 ./Core/Serial/modbus_slave.o
 .rodata.tableParity
                0x080152e8        0xc ./Core/Serial/modbus_slave.o
 .rodata.tableLength
                0x080152f4        0xc ./Core/Serial/modbus_slave.o
 .rodata.tableStopBits
                0x08015300        0x8 ./Core/Serial/modbus_slave.o
 .rodata.AHBPrescTable
                0x08015308       0x10 ./Core/Src/system_stm32f4xx.o
                0x08015308                AHBPrescTable
 .rodata.APBPrescTable
                0x08015318        0x8 ./Core/Src/system_stm32f4xx.o
                0x08015318                APBPrescTable
 .rodata.flagBitshiftOffset.0
                0x08015320        0x8 ./Drivers/STM32F4xx_HAL_Driver/Src/stm32f4xx_hal_dma.o
 .rodata.step_angles
                0x08015328        0xa ./Modules/Probe/voltage_current_probe.o
 *fill*         0x08015332        0x2 
 .rodata.CSWTCH.9
                0x08015334        0xc C:/ST/STM32CubeIDE_1.16.0/STM32CubeIDE/plugins/com.st.stm32cube.ide.mcu.externaltools.gnu-tools-for-stm32.12.3.rel1.win32_1.0.200.202406191623/tools/bin/../lib/gcc/arm-none-eabi/12.3.1/../../../../arm-none-eabi/lib/thumb/v7e-m+fp/hard\libm.a(libm_a-ef_atan2.o)
 .rodata.CSWTCH.8
                0x08015340        0xc C:/ST/STM32CubeIDE_1.16.0/STM32CubeIDE/plugins/com.st.stm32cube.ide.mcu.externaltools.gnu-tools-for-stm32.12.3.rel1.win32_1.0.200.202406191623/tools/bin/../lib/gcc/arm-none-eabi/12.3.1/../../../../arm-none-eabi/lib/thumb/v7e-m+fp/hard\libm.a(libm_a-ef_atan2.o)
 .rodata.atanlo
                0x0801534c       0x10 C:/ST/STM32CubeIDE_1.16.0/STM32CubeIDE/plugins/com.st.stm32cube.ide.mcu.externaltools.gnu-tools-for-stm32.12.3.rel1.win32_1.0.200.202406191623/tools/bin/../lib/gcc/arm-none-eabi/12.3.1/../../../../arm-none-eabi/lib/thumb/v7e-m+fp/hard\libm.a(libm_a-sf_atan.o)
 .rodata.atanhi
                0x0801535c       0x10 C:/ST/STM32CubeIDE_1.16.0/STM32CubeIDE/plugins/com.st.stm32cube.ide.mcu.externaltools.gnu-tools-for-stm32.12.3.rel1.win32_1.0.200.202406191623/tools/bin/../lib/gcc/arm-none-eabi/12.3.1/../../../../arm-none-eabi/lib/thumb/v7e-m+fp/hard\libm.a(libm_a-sf_atan.o)
                0x0801536c                        . = ALIGN (0x4)

.ARM.extab      0x0801536c        0x0
                0x0801536c                        . = ALIGN (0x4)
 *(.ARM.extab* .gnu.linkonce.armextab.*)
                0x0801536c                        . = ALIGN (0x4)

.ARM            0x0801536c        0x8
                0x0801536c                        . = ALIGN (0x4)
                0x0801536c                        __exidx_start = .
 *(.ARM.exidx*)
 .ARM.exidx     0x0801536c        0x8 C:/ST/STM32CubeIDE_1.16.0/STM32CubeIDE/plugins/com.st.stm32cube.ide.mcu.externaltools.gnu-tools-for-stm32.12.3.rel1.win32_1.0.200.202406191623/tools/bin/../lib/gcc/arm-none-eabi/12.3.1/thumb/v7e-m+fp/hard\libgcc.a(_udivmoddi4.o)
                0x08015374                        __exidx_end = .
                0x08015374                        . = ALIGN (0x4)

.preinit_array  0x08015374        0x0
                0x08015374                        . = ALIGN (0x4)
                0x08015374                        PROVIDE (__preinit_array_start = .)
 *(.preinit_array*)
                0x08015374                        PROVIDE (__preinit_array_end = .)
                0x08015374                        . = ALIGN (0x4)

.init_array     0x08015374        0x4
                0x08015374                        . = ALIGN (0x4)
                0x08015374                        PROVIDE (__init_array_start = .)
 *(SORT_BY_NAME(.init_array.*))
 *(.init_array*)
 .init_array    0x08015374        0x4 C:/ST/STM32CubeIDE_1.16.0/STM32CubeIDE/plugins/com.st.stm32cube.ide.mcu.externaltools.gnu-tools-for-stm32.12.3.rel1.win32_1.0.200.202406191623/tools/bin/../lib/gcc/arm-none-eabi/12.3.1/thumb/v7e-m+fp/hard/crtbegin.o
                0x08015378                        PROVIDE (__init_array_end = .)
                0x08015378                        . = ALIGN (0x4)

.fini_array     0x08015378        0x4
                0x08015378                        . = ALIGN (0x4)
                [!provide]                        PROVIDE (__fini_array_start = .)
 *(SORT_BY_NAME(.fini_array.*))
 *(.fini_array*)
 .fini_array    0x08015378        0x4 C:/ST/STM32CubeIDE_1.16.0/STM32CubeIDE/plugins/com.st.stm32cube.ide.mcu.externaltools.gnu-tools-for-stm32.12.3.rel1.win32_1.0.200.202406191623/tools/bin/../lib/gcc/arm-none-eabi/12.3.1/thumb/v7e-m+fp/hard/crtbegin.o
                [!provide]                        PROVIDE (__fini_array_end = .)
                0x0801537c                        . = ALIGN (0x4)
                0x0801537c                        _sidata = LOADADDR (.data)

.rel.dyn        0x0801537c        0x0
 .rel.iplt      0x0801537c        0x0 C:/ST/STM32CubeIDE_1.16.0/STM32CubeIDE/plugins/com.st.stm32cube.ide.mcu.externaltools.gnu-tools-for-stm32.12.3.rel1.win32_1.0.200.202406191623/tools/bin/../lib/gcc/arm-none-eabi/12.3.1/thumb/v7e-m+fp/hard/crtbegin.o

.data           0x200000c0        0xc load address 0x0801537c
                0x200000c0                        . = ALIGN (0x4)
                0x200000c0                        _sdata = .
 *(.data)
 *(.data*)
 .data.SystemCoreClock
                0x200000c0        0x4 ./Core/Src/system_stm32f4xx.o
                0x200000c0                SystemCoreClock
 .data.uwTickPrio
                0x200000c4        0x4 ./Drivers/STM32F4xx_HAL_Driver/Src/stm32f4xx_hal.o
                0x200000c4                uwTickPrio
 .data.uwTickFreq
                0x200000c8        0x1 ./Drivers/STM32F4xx_HAL_Driver/Src/stm32f4xx_hal.o
                0x200000c8                uwTickFreq
 .data.adc_ready
                0x200000c9        0x1 ./Modules/Probe/voltage_current_probe.o
                0x200000c9                adc_ready
 .data.last_step_angle
                0x200000ca        0x2 ./Modules/Probe/voltage_current_probe.o
 *(.RamFunc)
 *(.RamFunc*)
                0x200000cc                        . = ALIGN (0x4)
                0x200000cc                        _edata = .

.igot.plt       0x200000cc        0x0 load address 0x08015388
 .igot.plt      0x200000cc        0x0 C:/ST/STM32CubeIDE_1.16.0/STM32CubeIDE/plugins/com.st.stm32cube.ide.mcu.externaltools.gnu-tools-for-stm32.12.3.rel1.win32_1.0.200.202406191623/tools/bin/../lib/gcc/arm-none-eabi/12.3.1/thumb/v7e-m+fp/hard/crtbegin.o
                0x200000cc                        . = ALIGN (0x4)

.bss            0x200000cc    0x1dfb8 load address 0x08015388
                0x200000cc                        _sbss = .
                0x200000cc                        __bss_start__ = _sbss
 *(.bss)
 .bss           0x200000cc       0x1c C:/ST/STM32CubeIDE_1.16.0/STM32CubeIDE/plugins/com.st.stm32cube.ide.mcu.externaltools.gnu-tools-for-stm32.12.3.rel1.win32_1.0.200.202406191623/tools/bin/../lib/gcc/arm-none-eabi/12.3.1/thumb/v7e-m+fp/hard/crtbegin.o
 *(.bss*)
 .bss.cntrl     0x200000e8        0xc ./Core/Common/control.o
 .bss.flashApp  0x200000f4        0x8 ./Core/Common/flash_app.o
 .bss.flCo      0x200000fc      0x43c ./Core/Common/flash_conf.o
 .bss.conf      0x20000538       0x9c ./Core/Common/reg_map.o
                0x20000538                conf
 .bss.hcrc      0x200005d4        0x8 ./Core/Common/system_msp.o
 .bss.hiwdg     0x200005dc        0xc ./Core/Common/system_msp.o
 .bss.mbu       0x200005e8       0x53 ./Core/Serial/mb_upgrade.o
 *fill*         0x2000063b        0x1 
 .bss.mod       0x2000063c       0x98 ./Core/Serial/modbus_slave.o
 .bss.inFrame   0x200006d4      0x102 ./Core/Serial/modbus_slave.o
 .bss.outFram   0x200007d6        0x1 ./Core/Serial/modbus_slave.o
 *fill*         0x200007d7        0x1 
 .bss.outFrame  0x200007d8      0x102 ./Core/Serial/modbus_slave.o
 *fill*         0x200008da        0x2 
 .bss.hadc1     0x200008dc       0x48 ./Core/Src/main.o
                0x200008dc                hadc1
 .bss.hdma_adc1
                0x20000924       0x60 ./Core/Src/main.o
                0x20000924                hdma_adc1
 .bss.hcrc      0x20000984        0x8 ./Core/Src/main.o
                0x20000984                hcrc
 .bss.hi2c1     0x2000098c       0x54 ./Core/Src/main.o
                0x2000098c                hi2c1
 .bss.hiwdg     0x200009e0        0xc ./Core/Src/main.o
                0x200009e0                hiwdg
 .bss.hspi2     0x200009ec       0x58 ./Core/Src/main.o
                0x200009ec                hspi2
 .bss.htim2     0x20000a44       0x48 ./Core/Src/main.o
                0x20000a44                htim2
 .bss.huart5    0x20000a8c       0x48 ./Core/Src/main.o
                0x20000a8c                huart5
 .bss.huart1    0x20000ad4       0x48 ./Core/Src/main.o
                0x20000ad4                huart1
 .bss.max_low   0x20000b1c        0x4 ./Core/Src/main.o
                0x20000b1c                max_low
 .bss.max_med   0x20000b20        0x4 ./Core/Src/main.o
                0x20000b20                max_med
 .bss.uwTick    0x20000b24        0x4 ./Drivers/STM32F4xx_HAL_Driver/Src/stm32f4xx_hal.o
                0x20000b24                uwTick
 .bss.pFlash    0x20000b28       0x20 ./Drivers/STM32F4xx_HAL_Driver/Src/stm32f4xx_hal_flash.o
                0x20000b28                pFlash
 .bss.capture_state
                0x20000b48        0x1 ./Modules/Probe/voltage_current_probe.o
 *fill*         0x20000b49        0x3 
 .bss.capture_count
                0x20000b4c        0x4 ./Modules/Probe/voltage_current_probe.o
 .bss.capture_buffer
                0x20000b50     0x4e20 ./Modules/Probe/voltage_current_probe.o
 .bss.capture_buffer_ch2
                0x20005970     0x4e20 ./Modules/Probe/voltage_current_probe.o
 .bss.capture_buffer_angle
                0x2000a790     0x9c40 ./Modules/Probe/voltage_current_probe.o
 .bss.capture_buffer_steps
                0x200143d0     0x9c40 ./Modules/Probe/voltage_current_probe.o
 .bss.capture_ready
                0x2001e010        0x1 ./Modules/Probe/voltage_current_probe.o
 *fill*         0x2001e011        0x1 
 .bss.angle_deg
                0x2001e012        0x2 ./Modules/Probe/voltage_current_probe.o
                0x2001e012                angle_deg
 .bss.filter_main
                0x2001e014       0x18 ./Modules/Probe/voltage_current_probe.o
 .bss.filter_extra
                0x2001e02c       0x18 ./Modules/Probe/voltage_current_probe.o
 .bss.angle_buffer
                0x2001e044       0x2a ./Modules/Probe/voltage_current_probe.o
 .bss.step_state
                0x2001e06e        0x1 ./Modules/Probe/voltage_current_probe.o
 *fill*         0x2001e06f        0x1 
 .bss.adc_values
                0x2001e070        0x8 ./Modules/Probe/voltage_current_probe.o
                0x2001e070                adc_values
 .bss.adc_ready_counter
                0x2001e078        0x2 ./Modules/Probe/voltage_current_probe.o
                0x2001e078                adc_ready_counter
 *fill*         0x2001e07a        0x2 
 .bss.step_count
                0x2001e07c        0x4 ./Modules/Probe/voltage_current_probe.o
 .bss.dir       0x2001e080        0x1 ./Modules/Probe/voltage_current_probe.o
                0x2001e080                dir
 *(COMMON)
                0x2001e084                        . = ALIGN (0x4)
 *fill*         0x2001e081        0x3 
                0x2001e084                        _ebss = .
                0x2001e084                        __bss_end__ = _ebss

._user_heap_stack
                0x2001e084      0x604 load address 0x08015388
                0x2001e088                        . = ALIGN (0x8)
 *fill*         0x2001e084        0x4 
                [!provide]                        PROVIDE (end = .)
                0x2001e088                        PROVIDE (_end = .)
                0x2001e288                        . = (. + _Min_Heap_Size)
 *fill*         0x2001e088      0x200 
                0x2001e688                        . = (. + _Min_Stack_Size)
 *fill*         0x2001e288      0x400 
                0x2001e688                        . = ALIGN (0x8)

/DISCARD/
 libc.a(*)
 libm.a(*)
 libgcc.a(*)

.ARM.attributes
                0x00000000       0x30
 *(.ARM.attributes)
 .ARM.attributes
                0x00000000       0x22 C:/ST/STM32CubeIDE_1.16.0/STM32CubeIDE/plugins/com.st.stm32cube.ide.mcu.externaltools.gnu-tools-for-stm32.12.3.rel1.win32_1.0.200.202406191623/tools/bin/../lib/gcc/arm-none-eabi/12.3.1/thumb/v7e-m+fp/hard/crti.o
 .ARM.attributes
                0x00000022       0x34 C:/ST/STM32CubeIDE_1.16.0/STM32CubeIDE/plugins/com.st.stm32cube.ide.mcu.externaltools.gnu-tools-for-stm32.12.3.rel1.win32_1.0.200.202406191623/tools/bin/../lib/gcc/arm-none-eabi/12.3.1/thumb/v7e-m+fp/hard/crtbegin.o
 .ARM.attributes
                0x00000056       0x34 ./Core/Common/config_app.o
 .ARM.attributes
                0x0000008a       0x34 ./Core/Common/configuration.o
 .ARM.attributes
                0x000000be       0x34 ./Core/Common/control.o
 .ARM.attributes
                0x000000f2       0x34 ./Core/Common/flash_app.o
 .ARM.attributes
                0x00000126       0x34 ./Core/Common/flash_conf.o
 .ARM.attributes
                0x0000015a       0x34 ./Core/Common/reg_map.o
 .ARM.attributes
                0x0000018e       0x34 ./Core/Common/system_msp.o
 .ARM.attributes
                0x000001c2       0x34 ./Core/Serial/mb_rtu_app.o
 .ARM.attributes
                0x000001f6       0x34 ./Core/Serial/mb_upgrade.o
 .ARM.attributes
                0x0000022a       0x34 ./Core/Serial/modbus_slave.o
 .ARM.attributes
                0x0000025e       0x34 ./Core/Src/main.o
 .ARM.attributes
                0x00000292       0x34 ./Core/Src/stm32f4xx_hal_msp.o
 .ARM.attributes
                0x000002c6       0x34 ./Core/Src/stm32f4xx_it.o
 .ARM.attributes
                0x000002fa       0x34 ./Core/Src/system_stm32f4xx.o
 .ARM.attributes
                0x0000032e       0x21 ./Core/Startup/startup_stm32f446retx.o
 .ARM.attributes
                0x0000034f       0x34 ./Drivers/STM32F4xx_HAL_Driver/Src/stm32f4xx_hal.o
 .ARM.attributes
                0x00000383       0x34 ./Drivers/STM32F4xx_HAL_Driver/Src/stm32f4xx_hal_adc.o
 .ARM.attributes
                0x000003b7       0x34 ./Drivers/STM32F4xx_HAL_Driver/Src/stm32f4xx_hal_cortex.o
 .ARM.attributes
                0x000003eb       0x34 ./Drivers/STM32F4xx_HAL_Driver/Src/stm32f4xx_hal_crc.o
 .ARM.attributes
                0x0000041f       0x34 ./Drivers/STM32F4xx_HAL_Driver/Src/stm32f4xx_hal_dma.o
 .ARM.attributes
                0x00000453       0x34 ./Drivers/STM32F4xx_HAL_Driver/Src/stm32f4xx_hal_flash.o
 .ARM.attributes
                0x00000487       0x34 ./Drivers/STM32F4xx_HAL_Driver/Src/stm32f4xx_hal_flash_ex.o
 .ARM.attributes
                0x000004bb       0x34 ./Drivers/STM32F4xx_HAL_Driver/Src/stm32f4xx_hal_gpio.o
 .ARM.attributes
                0x000004ef       0x34 ./Drivers/STM32F4xx_HAL_Driver/Src/stm32f4xx_hal_i2c.o
 .ARM.attributes
                0x00000523       0x34 ./Drivers/STM32F4xx_HAL_Driver/Src/stm32f4xx_hal_iwdg.o
 .ARM.attributes
                0x00000557       0x34 ./Drivers/STM32F4xx_HAL_Driver/Src/stm32f4xx_hal_pwr_ex.o
 .ARM.attributes
                0x0000058b       0x34 ./Drivers/STM32F4xx_HAL_Driver/Src/stm32f4xx_hal_rcc.o
 .ARM.attributes
                0x000005bf       0x34 ./Drivers/STM32F4xx_HAL_Driver/Src/stm32f4xx_hal_rcc_ex.o
 .ARM.attributes
                0x000005f3       0x34 ./Drivers/STM32F4xx_HAL_Driver/Src/stm32f4xx_hal_spi.o
 .ARM.attributes
                0x00000627       0x34 ./Drivers/STM32F4xx_HAL_Driver/Src/stm32f4xx_hal_tim.o
 .ARM.attributes
                0x0000065b       0x34 ./Drivers/STM32F4xx_HAL_Driver/Src/stm32f4xx_hal_tim_ex.o
 .ARM.attributes
                0x0000068f       0x34 ./Drivers/STM32F4xx_HAL_Driver/Src/stm32f4xx_hal_uart.o
 .ARM.attributes
                0x000006c3       0x34 ./Modules/Probe/voltage_current_probe.o
 .ARM.attributes
                0x000006f7       0x34 C:/ST/STM32CubeIDE_1.16.0/STM32CubeIDE/plugins/com.st.stm32cube.ide.mcu.externaltools.gnu-tools-for-stm32.12.3.rel1.win32_1.0.200.202406191623/tools/bin/../lib/gcc/arm-none-eabi/12.3.1/../../../../arm-none-eabi/lib/thumb/v7e-m+fp/hard\libc_nano.a(libc_a-memcmp.o)
 .ARM.attributes
                0x0000072b       0x34 C:/ST/STM32CubeIDE_1.16.0/STM32CubeIDE/plugins/com.st.stm32cube.ide.mcu.externaltools.gnu-tools-for-stm32.12.3.rel1.win32_1.0.200.202406191623/tools/bin/../lib/gcc/arm-none-eabi/12.3.1/../../../../arm-none-eabi/lib/thumb/v7e-m+fp/hard\libc_nano.a(libc_a-memset.o)
 .ARM.attributes
                0x0000075f       0x34 C:/ST/STM32CubeIDE_1.16.0/STM32CubeIDE/plugins/com.st.stm32cube.ide.mcu.externaltools.gnu-tools-for-stm32.12.3.rel1.win32_1.0.200.202406191623/tools/bin/../lib/gcc/arm-none-eabi/12.3.1/../../../../arm-none-eabi/lib/thumb/v7e-m+fp/hard\libc_nano.a(libc_a-init.o)
 .ARM.attributes
                0x00000793       0x34 C:/ST/STM32CubeIDE_1.16.0/STM32CubeIDE/plugins/com.st.stm32cube.ide.mcu.externaltools.gnu-tools-for-stm32.12.3.rel1.win32_1.0.200.202406191623/tools/bin/../lib/gcc/arm-none-eabi/12.3.1/../../../../arm-none-eabi/lib/thumb/v7e-m+fp/hard\libc_nano.a(libc_a-memcpy-stub.o)
 .ARM.attributes
                0x000007c7       0x34 C:/ST/STM32CubeIDE_1.16.0/STM32CubeIDE/plugins/com.st.stm32cube.ide.mcu.externaltools.gnu-tools-for-stm32.12.3.rel1.win32_1.0.200.202406191623/tools/bin/../lib/gcc/arm-none-eabi/12.3.1/../../../../arm-none-eabi/lib/thumb/v7e-m+fp/hard\libm.a(libm_a-wf_atan2.o)
 .ARM.attributes
                0x000007fb       0x34 C:/ST/STM32CubeIDE_1.16.0/STM32CubeIDE/plugins/com.st.stm32cube.ide.mcu.externaltools.gnu-tools-for-stm32.12.3.rel1.win32_1.0.200.202406191623/tools/bin/../lib/gcc/arm-none-eabi/12.3.1/../../../../arm-none-eabi/lib/thumb/v7e-m+fp/hard\libm.a(libm_a-ef_atan2.o)
 .ARM.attributes
                0x0000082f       0x34 C:/ST/STM32CubeIDE_1.16.0/STM32CubeIDE/plugins/com.st.stm32cube.ide.mcu.externaltools.gnu-tools-for-stm32.12.3.rel1.win32_1.0.200.202406191623/tools/bin/../lib/gcc/arm-none-eabi/12.3.1/../../../../arm-none-eabi/lib/thumb/v7e-m+fp/hard\libm.a(libm_a-sf_atan.o)
 .ARM.attributes
                0x00000863       0x34 C:/ST/STM32CubeIDE_1.16.0/STM32CubeIDE/plugins/com.st.stm32cube.ide.mcu.externaltools.gnu-tools-for-stm32.12.3.rel1.win32_1.0.200.202406191623/tools/bin/../lib/gcc/arm-none-eabi/12.3.1/../../../../arm-none-eabi/lib/thumb/v7e-m+fp/hard\libm.a(libm_a-sf_fabs.o)
 .ARM.attributes
                0x00000897       0x22 C:/ST/STM32CubeIDE_1.16.0/STM32CubeIDE/plugins/com.st.stm32cube.ide.mcu.externaltools.gnu-tools-for-stm32.12.3.rel1.win32_1.0.200.202406191623/tools/bin/../lib/gcc/arm-none-eabi/12.3.1/thumb/v7e-m+fp/hard\libgcc.a(_arm_muldf3.o)
 .ARM.attributes
                0x000008b9       0x22 C:/ST/STM32CubeIDE_1.16.0/STM32CubeIDE/plugins/com.st.stm32cube.ide.mcu.externaltools.gnu-tools-for-stm32.12.3.rel1.win32_1.0.200.202406191623/tools/bin/../lib/gcc/arm-none-eabi/12.3.1/thumb/v7e-m+fp/hard\libgcc.a(_arm_addsubdf3.o)
 .ARM.attributes
                0x000008db       0x22 C:/ST/STM32CubeIDE_1.16.0/STM32CubeIDE/plugins/com.st.stm32cube.ide.mcu.externaltools.gnu-tools-for-stm32.12.3.rel1.win32_1.0.200.202406191623/tools/bin/../lib/gcc/arm-none-eabi/12.3.1/thumb/v7e-m+fp/hard\libgcc.a(_arm_fixdfsi.o)
 .ARM.attributes
                0x000008fd       0x22 C:/ST/STM32CubeIDE_1.16.0/STM32CubeIDE/plugins/com.st.stm32cube.ide.mcu.externaltools.gnu-tools-for-stm32.12.3.rel1.win32_1.0.200.202406191623/tools/bin/../lib/gcc/arm-none-eabi/12.3.1/thumb/v7e-m+fp/hard\libgcc.a(_aeabi_uldivmod.o)
 .ARM.attributes
                0x0000091f       0x34 C:/ST/STM32CubeIDE_1.16.0/STM32CubeIDE/plugins/com.st.stm32cube.ide.mcu.externaltools.gnu-tools-for-stm32.12.3.rel1.win32_1.0.200.202406191623/tools/bin/../lib/gcc/arm-none-eabi/12.3.1/thumb/v7e-m+fp/hard\libgcc.a(_udivmoddi4.o)
 .ARM.attributes
                0x00000953       0x22 C:/ST/STM32CubeIDE_1.16.0/STM32CubeIDE/plugins/com.st.stm32cube.ide.mcu.externaltools.gnu-tools-for-stm32.12.3.rel1.win32_1.0.200.202406191623/tools/bin/../lib/gcc/arm-none-eabi/12.3.1/thumb/v7e-m+fp/hard\libgcc.a(_dvmd_tls.o)
 .ARM.attributes
                0x00000975       0x22 C:/ST/STM32CubeIDE_1.16.0/STM32CubeIDE/plugins/com.st.stm32cube.ide.mcu.externaltools.gnu-tools-for-stm32.12.3.rel1.win32_1.0.200.202406191623/tools/bin/../lib/gcc/arm-none-eabi/12.3.1/thumb/v7e-m+fp/hard/crtn.o
OUTPUT(stepperMeasurement.elf elf32-littlearm)
LOAD linker stubs
LOAD C:/ST/STM32CubeIDE_1.16.0/STM32CubeIDE/plugins/com.st.stm32cube.ide.mcu.externaltools.gnu-tools-for-stm32.12.3.rel1.win32_1.0.200.202406191623/tools/bin/../lib/gcc/arm-none-eabi/12.3.1/../../../../arm-none-eabi/lib/thumb/v7e-m+fp/hard\libc.a
LOAD C:/ST/STM32CubeIDE_1.16.0/STM32CubeIDE/plugins/com.st.stm32cube.ide.mcu.externaltools.gnu-tools-for-stm32.12.3.rel1.win32_1.0.200.202406191623/tools/bin/../lib/gcc/arm-none-eabi/12.3.1/../../../../arm-none-eabi/lib/thumb/v7e-m+fp/hard\libm.a
LOAD C:/ST/STM32CubeIDE_1.16.0/STM32CubeIDE/plugins/com.st.stm32cube.ide.mcu.externaltools.gnu-tools-for-stm32.12.3.rel1.win32_1.0.200.202406191623/tools/bin/../lib/gcc/arm-none-eabi/12.3.1/thumb/v7e-m+fp/hard\libgcc.a

.debug_info     0x00000000    0x1b528
 .debug_info    0x00000000      0x156 ./Core/Common/config_app.o
 .debug_info    0x00000156      0x3ea ./Core/Common/configuration.o
 .debug_info    0x00000540      0x587 ./Core/Common/control.o
 .debug_info    0x00000ac7      0x609 ./Core/Common/flash_app.o
 .debug_info    0x000010d0      0x8b5 ./Core/Common/flash_conf.o
 .debug_info    0x00001985      0x62b ./Core/Common/reg_map.o
 .debug_info    0x00001fb0      0xe95 ./Core/Common/system_msp.o
 .debug_info    0x00002e45      0x61f ./Core/Serial/mb_rtu_app.o
 .debug_info    0x00003464      0x40e ./Core/Serial/mb_upgrade.o
 .debug_info    0x00003872     0x19a0 ./Core/Serial/modbus_slave.o
 .debug_info    0x00005212     0x1fd7 ./Core/Src/main.o
 .debug_info    0x000071e9     0x1ae3 ./Core/Src/stm32f4xx_hal_msp.o
 .debug_info    0x00008ccc      0xabc ./Core/Src/stm32f4xx_it.o
 .debug_info    0x00009788      0x54a ./Core/Src/system_stm32f4xx.o
 .debug_info    0x00009cd2       0x30 ./Core/Startup/startup_stm32f446retx.o
 .debug_info    0x00009d02      0x99a ./Drivers/STM32F4xx_HAL_Driver/Src/stm32f4xx_hal.o
 .debug_info    0x0000a69c      0xce3 ./Drivers/STM32F4xx_HAL_Driver/Src/stm32f4xx_hal_adc.o
 .debug_info    0x0000b37f      0xdaa ./Drivers/STM32F4xx_HAL_Driver/Src/stm32f4xx_hal_cortex.o
 .debug_info    0x0000c129      0x37f ./Drivers/STM32F4xx_HAL_Driver/Src/stm32f4xx_hal_crc.o
 .debug_info    0x0000c4a8      0x8e7 ./Drivers/STM32F4xx_HAL_Driver/Src/stm32f4xx_hal_dma.o
 .debug_info    0x0000cd8f      0x57d ./Drivers/STM32F4xx_HAL_Driver/Src/stm32f4xx_hal_flash.o
 .debug_info    0x0000d30c      0x7db ./Drivers/STM32F4xx_HAL_Driver/Src/stm32f4xx_hal_flash_ex.o
 .debug_info    0x0000dae7      0x70b ./Drivers/STM32F4xx_HAL_Driver/Src/stm32f4xx_hal_gpio.o
 .debug_info    0x0000e1f2     0x2421 ./Drivers/STM32F4xx_HAL_Driver/Src/stm32f4xx_hal_i2c.o
 .debug_info    0x00010613      0x1d8 ./Drivers/STM32F4xx_HAL_Driver/Src/stm32f4xx_hal_iwdg.o
 .debug_info    0x000107eb      0x6da ./Drivers/STM32F4xx_HAL_Driver/Src/stm32f4xx_hal_pwr_ex.o
 .debug_info    0x00010ec5      0x8ff ./Drivers/STM32F4xx_HAL_Driver/Src/stm32f4xx_hal_rcc.o
 .debug_info    0x000117c4      0x960 ./Drivers/STM32F4xx_HAL_Driver/Src/stm32f4xx_hal_rcc_ex.o
 .debug_info    0x00012124     0x1525 ./Drivers/STM32F4xx_HAL_Driver/Src/stm32f4xx_hal_spi.o
 .debug_info    0x00013649     0x299d ./Drivers/STM32F4xx_HAL_Driver/Src/stm32f4xx_hal_tim.o
 .debug_info    0x00015fe6     0x14db ./Drivers/STM32F4xx_HAL_Driver/Src/stm32f4xx_hal_tim_ex.o
 .debug_info    0x000174c1     0x2f4f ./Drivers/STM32F4xx_HAL_Driver/Src/stm32f4xx_hal_uart.o
 .debug_info    0x0001a410     0x1118 ./Modules/Probe/voltage_current_probe.o

.debug_abbrev   0x00000000     0x482c
 .debug_abbrev  0x00000000       0xc7 ./Core/Common/config_app.o
 .debug_abbrev  0x000000c7      0x17b ./Core/Common/configuration.o
 .debug_abbrev  0x00000242      0x19a ./Core/Common/control.o
 .debug_abbrev  0x000003dc      0x1ce ./Core/Common/flash_app.o
 .debug_abbrev  0x000005aa      0x256 ./Core/Common/flash_conf.o
 .debug_abbrev  0x00000800      0x1bf ./Core/Common/reg_map.o
 .debug_abbrev  0x000009bf      0x3a9 ./Core/Common/system_msp.o
 .debug_abbrev  0x00000d68      0x1ff ./Core/Serial/mb_rtu_app.o
 .debug_abbrev  0x00000f67      0x14a ./Core/Serial/mb_upgrade.o
 .debug_abbrev  0x000010b1      0x3f7 ./Core/Serial/modbus_slave.o
 .debug_abbrev  0x000014a8      0x32e ./Core/Src/main.o
 .debug_abbrev  0x000017d6      0x27b ./Core/Src/stm32f4xx_hal_msp.o
 .debug_abbrev  0x00001a51      0x1d5 ./Core/Src/stm32f4xx_it.o
 .debug_abbrev  0x00001c26      0x11a ./Core/Src/system_stm32f4xx.o
 .debug_abbrev  0x00001d40       0x24 ./Core/Startup/startup_stm32f446retx.o
 .debug_abbrev  0x00001d64      0x214 ./Drivers/STM32F4xx_HAL_Driver/Src/stm32f4xx_hal.o
 .debug_abbrev  0x00001f78      0x252 ./Drivers/STM32F4xx_HAL_Driver/Src/stm32f4xx_hal_adc.o
 .debug_abbrev  0x000021ca      0x31d ./Drivers/STM32F4xx_HAL_Driver/Src/stm32f4xx_hal_cortex.o
 .debug_abbrev  0x000024e7      0x1b1 ./Drivers/STM32F4xx_HAL_Driver/Src/stm32f4xx_hal_crc.o
 .debug_abbrev  0x00002698      0x264 ./Drivers/STM32F4xx_HAL_Driver/Src/stm32f4xx_hal_dma.o
 .debug_abbrev  0x000028fc      0x28c ./Drivers/STM32F4xx_HAL_Driver/Src/stm32f4xx_hal_flash.o
 .debug_abbrev  0x00002b88      0x26c ./Drivers/STM32F4xx_HAL_Driver/Src/stm32f4xx_hal_flash_ex.o
 .debug_abbrev  0x00002df4      0x1d4 ./Drivers/STM32F4xx_HAL_Driver/Src/stm32f4xx_hal_gpio.o
 .debug_abbrev  0x00002fc8      0x2ad ./Drivers/STM32F4xx_HAL_Driver/Src/stm32f4xx_hal_i2c.o
 .debug_abbrev  0x00003275      0x12c ./Drivers/STM32F4xx_HAL_Driver/Src/stm32f4xx_hal_iwdg.o
 .debug_abbrev  0x000033a1      0x1cf ./Drivers/STM32F4xx_HAL_Driver/Src/stm32f4xx_hal_pwr_ex.o
 .debug_abbrev  0x00003570      0x2b7 ./Drivers/STM32F4xx_HAL_Driver/Src/stm32f4xx_hal_rcc.o
 .debug_abbrev  0x00003827      0x211 ./Drivers/STM32F4xx_HAL_Driver/Src/stm32f4xx_hal_rcc_ex.o
 .debug_abbrev  0x00003a38      0x27a ./Drivers/STM32F4xx_HAL_Driver/Src/stm32f4xx_hal_spi.o
 .debug_abbrev  0x00003cb2      0x278 ./Drivers/STM32F4xx_HAL_Driver/Src/stm32f4xx_hal_tim.o
 .debug_abbrev  0x00003f2a      0x283 ./Drivers/STM32F4xx_HAL_Driver/Src/stm32f4xx_hal_tim_ex.o
 .debug_abbrev  0x000041ad      0x30e ./Drivers/STM32F4xx_HAL_Driver/Src/stm32f4xx_hal_uart.o
 .debug_abbrev  0x000044bb      0x371 ./Modules/Probe/voltage_current_probe.o

.debug_aranges  0x00000000     0x1850
 .debug_aranges
                0x00000000       0x28 ./Core/Common/config_app.o
 .debug_aranges
                0x00000028       0x48 ./Core/Common/configuration.o
 .debug_aranges
                0x00000070       0x28 ./Core/Common/control.o
 .debug_aranges
                0x00000098       0x40 ./Core/Common/flash_app.o
 .debug_aranges
                0x000000d8       0x58 ./Core/Common/flash_conf.o
 .debug_aranges
                0x00000130       0x20 ./Core/Common/reg_map.o
 .debug_aranges
                0x00000150       0x98 ./Core/Common/system_msp.o
 .debug_aranges
                0x000001e8       0x30 ./Core/Serial/mb_rtu_app.o
 .debug_aranges
                0x00000218       0x60 ./Core/Serial/mb_upgrade.o
 .debug_aranges
                0x00000278       0x90 ./Core/Serial/modbus_slave.o
 .debug_aranges
                0x00000308       0x88 ./Core/Src/main.o
 .debug_aranges
                0x00000390       0x80 ./Core/Src/stm32f4xx_hal_msp.o
 .debug_aranges
                0x00000410       0x80 ./Core/Src/stm32f4xx_it.o
 .debug_aranges
                0x00000490       0x28 ./Core/Src/system_stm32f4xx.o
 .debug_aranges
                0x000004b8       0x28 ./Core/Startup/startup_stm32f446retx.o
 .debug_aranges
                0x000004e0       0xf0 ./Drivers/STM32F4xx_HAL_Driver/Src/stm32f4xx_hal.o
 .debug_aranges
                0x000005d0       0xe8 ./Drivers/STM32F4xx_HAL_Driver/Src/stm32f4xx_hal_adc.o
 .debug_aranges
                0x000006b8      0x130 ./Drivers/STM32F4xx_HAL_Driver/Src/stm32f4xx_hal_cortex.o
 .debug_aranges
                0x000007e8       0x50 ./Drivers/STM32F4xx_HAL_Driver/Src/stm32f4xx_hal_crc.o
 .debug_aranges
                0x00000838       0x90 ./Drivers/STM32F4xx_HAL_Driver/Src/stm32f4xx_hal_dma.o
 .debug_aranges
                0x000008c8       0xa0 ./Drivers/STM32F4xx_HAL_Driver/Src/stm32f4xx_hal_flash.o
 .debug_aranges
                0x00000968       0xc8 ./Drivers/STM32F4xx_HAL_Driver/Src/stm32f4xx_hal_flash_ex.o
 .debug_aranges
                0x00000a30       0x58 ./Drivers/STM32F4xx_HAL_Driver/Src/stm32f4xx_hal_gpio.o
 .debug_aranges
                0x00000a88      0x2a8 ./Drivers/STM32F4xx_HAL_Driver/Src/stm32f4xx_hal_i2c.o
 .debug_aranges
                0x00000d30       0x28 ./Drivers/STM32F4xx_HAL_Driver/Src/stm32f4xx_hal_iwdg.o
 .debug_aranges
                0x00000d58       0x60 ./Drivers/STM32F4xx_HAL_Driver/Src/stm32f4xx_hal_pwr_ex.o
 .debug_aranges
                0x00000db8       0x88 ./Drivers/STM32F4xx_HAL_Driver/Src/stm32f4xx_hal_rcc.o
 .debug_aranges
                0x00000e40       0x78 ./Drivers/STM32F4xx_HAL_Driver/Src/stm32f4xx_hal_rcc_ex.o
 .debug_aranges
                0x00000eb8      0x1d0 ./Drivers/STM32F4xx_HAL_Driver/Src/stm32f4xx_hal_spi.o
 .debug_aranges
                0x00001088      0x3d0 ./Drivers/STM32F4xx_HAL_Driver/Src/stm32f4xx_hal_tim.o
 .debug_aranges
                0x00001458      0x168 ./Drivers/STM32F4xx_HAL_Driver/Src/stm32f4xx_hal_tim_ex.o
 .debug_aranges
                0x000015c0      0x208 ./Drivers/STM32F4xx_HAL_Driver/Src/stm32f4xx_hal_uart.o
 .debug_aranges
                0x000017c8       0x88 ./Modules/Probe/voltage_current_probe.o

.debug_rnglists
                0x00000000     0x12e8
 .debug_rnglists
                0x00000000       0x19 ./Core/Common/config_app.o
 .debug_rnglists
                0x00000019       0x33 ./Core/Common/configuration.o
 .debug_rnglists
                0x0000004c       0x1a ./Core/Common/control.o
 .debug_rnglists
                0x00000066       0x2c ./Core/Common/flash_app.o
 .debug_rnglists
                0x00000092       0x42 ./Core/Common/flash_conf.o
 .debug_rnglists
                0x000000d4       0x14 ./Core/Common/reg_map.o
 .debug_rnglists
                0x000000e8       0x71 ./Core/Common/system_msp.o
 .debug_rnglists
                0x00000159       0x22 ./Core/Serial/mb_rtu_app.o
 .debug_rnglists
                0x0000017b       0x45 ./Core/Serial/mb_upgrade.o
 .debug_rnglists
                0x000001c0       0x6d ./Core/Serial/modbus_slave.o
 .debug_rnglists
                0x0000022d       0x66 ./Core/Src/main.o
 .debug_rnglists
                0x00000293       0x5f ./Core/Src/stm32f4xx_hal_msp.o
 .debug_rnglists
                0x000002f2       0x5b ./Core/Src/stm32f4xx_it.o
 .debug_rnglists
                0x0000034d       0x1a ./Core/Src/system_stm32f4xx.o
 .debug_rnglists
                0x00000367       0x19 ./Core/Startup/startup_stm32f446retx.o
 .debug_rnglists
                0x00000380       0xaf ./Drivers/STM32F4xx_HAL_Driver/Src/stm32f4xx_hal.o
 .debug_rnglists
                0x0000042f       0xb5 ./Drivers/STM32F4xx_HAL_Driver/Src/stm32f4xx_hal_adc.o
 .debug_rnglists
                0x000004e4       0xe0 ./Drivers/STM32F4xx_HAL_Driver/Src/stm32f4xx_hal_cortex.o
 .debug_rnglists
                0x000005c4       0x37 ./Drivers/STM32F4xx_HAL_Driver/Src/stm32f4xx_hal_crc.o
 .debug_rnglists
                0x000005fb       0x70 ./Drivers/STM32F4xx_HAL_Driver/Src/stm32f4xx_hal_dma.o
 .debug_rnglists
                0x0000066b       0x78 ./Drivers/STM32F4xx_HAL_Driver/Src/stm32f4xx_hal_flash.o
 .debug_rnglists
                0x000006e3       0x96 ./Drivers/STM32F4xx_HAL_Driver/Src/stm32f4xx_hal_flash_ex.o
 .debug_rnglists
                0x00000779       0x3f ./Drivers/STM32F4xx_HAL_Driver/Src/stm32f4xx_hal_gpio.o
 .debug_rnglists
                0x000007b8      0x23c ./Drivers/STM32F4xx_HAL_Driver/Src/stm32f4xx_hal_i2c.o
 .debug_rnglists
                0x000009f4       0x1a ./Drivers/STM32F4xx_HAL_Driver/Src/stm32f4xx_hal_iwdg.o
 .debug_rnglists
                0x00000a0e       0x47 ./Drivers/STM32F4xx_HAL_Driver/Src/stm32f4xx_hal_pwr_ex.o
 .debug_rnglists
                0x00000a55       0x66 ./Drivers/STM32F4xx_HAL_Driver/Src/stm32f4xx_hal_rcc.o
 .debug_rnglists
                0x00000abb       0x5e ./Drivers/STM32F4xx_HAL_Driver/Src/stm32f4xx_hal_rcc_ex.o
 .debug_rnglists
                0x00000b19      0x16f ./Drivers/STM32F4xx_HAL_Driver/Src/stm32f4xx_hal_spi.o
 .debug_rnglists
                0x00000c88      0x31a ./Drivers/STM32F4xx_HAL_Driver/Src/stm32f4xx_hal_tim.o
 .debug_rnglists
                0x00000fa2      0x125 ./Drivers/STM32F4xx_HAL_Driver/Src/stm32f4xx_hal_tim_ex.o
 .debug_rnglists
                0x000010c7      0x1bc ./Drivers/STM32F4xx_HAL_Driver/Src/stm32f4xx_hal_uart.o
 .debug_rnglists
                0x00001283       0x65 ./Modules/Probe/voltage_current_probe.o

.debug_macro    0x00000000    0x2849d
 .debug_macro   0x00000000      0x322 ./Core/Common/config_app.o
 .debug_macro   0x00000322      0xab4 ./Core/Common/config_app.o
 .debug_macro   0x00000dd6      0x2b9 ./Core/Common/config_app.o
 .debug_macro   0x0000108f       0x2e ./Core/Common/config_app.o
 .debug_macro   0x000010bd       0x28 ./Core/Common/config_app.o
 .debug_macro   0x000010e5       0x22 ./Core/Common/config_app.o
 .debug_macro   0x00001107       0x8e ./Core/Common/config_app.o
 .debug_macro   0x00001195       0x51 ./Core/Common/config_app.o
 .debug_macro   0x000011e6      0x103 ./Core/Common/config_app.o
 .debug_macro   0x000012e9       0x6a ./Core/Common/config_app.o
 .debug_macro   0x00001353      0x1df ./Core/Common/config_app.o
 .debug_macro   0x00001532       0x1c ./Core/Common/config_app.o
 .debug_macro   0x0000154e       0x22 ./Core/Common/config_app.o
 .debug_macro   0x00001570       0xfb ./Core/Common/config_app.o
 .debug_macro   0x0000166b     0x1011 ./Core/Common/config_app.o
 .debug_macro   0x0000267c      0x11f ./Core/Common/config_app.o
 .debug_macro   0x0000279b    0x1675e ./Core/Common/config_app.o
 .debug_macro   0x00018ef9       0x6d ./Core/Common/config_app.o
 .debug_macro   0x00018f66     0x3693 ./Core/Common/config_app.o
 .debug_macro   0x0001c5f9      0x189 ./Core/Common/config_app.o
 .debug_macro   0x0001c782       0x5c ./Core/Common/config_app.o
 .debug_macro   0x0001c7de      0xca5 ./Core/Common/config_app.o
 .debug_macro   0x0001d483      0x9e9 ./Core/Common/config_app.o
 .debug_macro   0x0001de6c      0x115 ./Core/Common/config_app.o
 .debug_macro   0x0001df81      0x1a0 ./Core/Common/config_app.o
 .debug_macro   0x0001e121       0xa5 ./Core/Common/config_app.o
 .debug_macro   0x0001e1c6      0x16d ./Core/Common/config_app.o
 .debug_macro   0x0001e333      0x287 ./Core/Common/config_app.o
 .debug_macro   0x0001e5ba       0x5f ./Core/Common/config_app.o
 .debug_macro   0x0001e619      0x236 ./Core/Common/config_app.o
 .debug_macro   0x0001e84f      0xb5b ./Core/Common/config_app.o
 .debug_macro   0x0001f3aa      0x38b ./Core/Common/config_app.o
 .debug_macro   0x0001f735      0x17d ./Core/Common/config_app.o
 .debug_macro   0x0001f8b2       0xf9 ./Core/Common/config_app.o
 .debug_macro   0x0001f9ab       0x22 ./Core/Common/config_app.o
 .debug_macro   0x0001f9cd      0x132 ./Core/Common/config_app.o
 .debug_macro   0x0001faff      0x29c ./Core/Common/config_app.o
 .debug_macro   0x0001fd9b       0x2e ./Core/Common/config_app.o
 .debug_macro   0x0001fdc9      0x1b5 ./Core/Common/config_app.o
 .debug_macro   0x0001ff7e       0x22 ./Core/Common/config_app.o
 .debug_macro   0x0001ffa0       0xd6 ./Core/Common/config_app.o
 .debug_macro   0x00020076       0x78 ./Core/Common/config_app.o
 .debug_macro   0x000200ee      0x127 ./Core/Common/config_app.o
 .debug_macro   0x00020215       0xe8 ./Core/Common/config_app.o
 .debug_macro   0x000202fd       0x89 ./Core/Common/config_app.o
 .debug_macro   0x00020386      0x225 ./Core/Common/config_app.o
 .debug_macro   0x000205ab      0x8ed ./Core/Common/config_app.o
 .debug_macro   0x00020e98       0x53 ./Core/Common/config_app.o
 .debug_macro   0x00020eeb      0x2aa ./Core/Common/config_app.o
 .debug_macro   0x00021195      0x126 ./Core/Common/config_app.o
 .debug_macro   0x000212bb       0x61 ./Core/Common/config_app.o
 .debug_macro   0x0002131c       0x2a ./Core/Common/config_app.o
 .debug_macro   0x00021346       0x43 ./Core/Common/config_app.o
 .debug_macro   0x00021389       0x34 ./Core/Common/config_app.o
 .debug_macro   0x000213bd       0x16 ./Core/Common/config_app.o
 .debug_macro   0x000213d3       0x43 ./Core/Common/config_app.o
 .debug_macro   0x00021416       0x34 ./Core/Common/config_app.o
 .debug_macro   0x0002144a       0x10 ./Core/Common/config_app.o
 .debug_macro   0x0002145a       0x58 ./Core/Common/config_app.o
 .debug_macro   0x000214b2       0x8e ./Core/Common/config_app.o
 .debug_macro   0x00021540       0x1c ./Core/Common/config_app.o
 .debug_macro   0x0002155c      0x177 ./Core/Common/config_app.o
 .debug_macro   0x000216d3      0x369 ./Core/Common/config_app.o
 .debug_macro   0x00021a3c       0x10 ./Core/Common/config_app.o
 .debug_macro   0x00021a4c       0x35 ./Core/Common/config_app.o
 .debug_macro   0x00021a81       0x20 ./Core/Common/config_app.o
 .debug_macro   0x00021aa1       0x9d ./Core/Common/config_app.o
 .debug_macro   0x00021b3e      0x100 ./Core/Common/config_app.o
 .debug_macro   0x00021c3e       0x7f ./Core/Common/config_app.o
 .debug_macro   0x00021cbd      0x32c ./Core/Common/configuration.o
 .debug_macro   0x00021fe9      0x370 ./Core/Common/control.o
 .debug_macro   0x00022359      0x363 ./Core/Common/flash_app.o
 .debug_macro   0x000226bc       0x10 ./Core/Common/flash_app.o
 .debug_macro   0x000226cc      0x35a ./Core/Common/flash_conf.o
 .debug_macro   0x00022a26      0x322 ./Core/Common/reg_map.o
 .debug_macro   0x00022d48       0xfa ./Core/Common/reg_map.o
 .debug_macro   0x00022e42       0x85 ./Core/Common/reg_map.o
 .debug_macro   0x00022ec7      0x33e ./Core/Common/system_msp.o
 .debug_macro   0x00023205       0x28 ./Core/Common/system_msp.o
 .debug_macro   0x0002322d      0xd5b ./Core/Common/system_msp.o
 .debug_macro   0x00023f88      0x33f ./Core/Serial/mb_rtu_app.o
 .debug_macro   0x000242c7       0xfa ./Core/Serial/mb_rtu_app.o
 .debug_macro   0x000243c1      0x327 ./Core/Serial/mb_upgrade.o
 .debug_macro   0x000246e8       0x16 ./Core/Serial/mb_upgrade.o
 .debug_macro   0x000246fe      0x395 ./Core/Serial/modbus_slave.o
 .debug_macro   0x00024a93       0x64 ./Core/Serial/modbus_slave.o
 .debug_macro   0x00024af7      0x100 ./Core/Serial/modbus_slave.o
 .debug_macro   0x00024bf7       0x1c ./Core/Serial/modbus_slave.o
 .debug_macro   0x00024c13      0x3b5 ./Core/Src/main.o
 .debug_macro   0x00024fc8       0x6a ./Core/Src/main.o
 .debug_macro   0x00025032       0x16 ./Core/Src/main.o
 .debug_macro   0x00025048       0x16 ./Core/Src/main.o
 .debug_macro   0x0002505e       0x29 ./Core/Src/main.o
 .debug_macro   0x00025087      0x23c ./Core/Src/stm32f4xx_hal_msp.o
 .debug_macro   0x000252c3      0x246 ./Core/Src/stm32f4xx_it.o
 .debug_macro   0x00025509      0x23f ./Core/Src/system_stm32f4xx.o
 .debug_macro   0x00025748      0x28d ./Drivers/STM32F4xx_HAL_Driver/Src/stm32f4xx_hal.o
 .debug_macro   0x000259d5      0x22e ./Drivers/STM32F4xx_HAL_Driver/Src/stm32f4xx_hal_adc.o
 .debug_macro   0x00025c03      0x22d ./Drivers/STM32F4xx_HAL_Driver/Src/stm32f4xx_hal_cortex.o
 .debug_macro   0x00025e30      0x22d ./Drivers/STM32F4xx_HAL_Driver/Src/stm32f4xx_hal_crc.o
 .debug_macro   0x0002605d      0x233 ./Drivers/STM32F4xx_HAL_Driver/Src/stm32f4xx_hal_dma.o
 .debug_macro   0x00026290      0x233 ./Drivers/STM32F4xx_HAL_Driver/Src/stm32f4xx_hal_flash.o
 .debug_macro   0x000264c3      0x233 ./Drivers/STM32F4xx_HAL_Driver/Src/stm32f4xx_hal_flash_ex.o
 .debug_macro   0x000266f6      0x233 ./Drivers/STM32F4xx_HAL_Driver/Src/stm32f4xx_hal_gpio.o
 .debug_macro   0x00026929      0x27b ./Drivers/STM32F4xx_HAL_Driver/Src/stm32f4xx_hal_i2c.o
 .debug_macro   0x00026ba4      0x239 ./Drivers/STM32F4xx_HAL_Driver/Src/stm32f4xx_hal_iwdg.o
 .debug_macro   0x00026ddd      0x245 ./Drivers/STM32F4xx_HAL_Driver/Src/stm32f4xx_hal_pwr_ex.o
 .debug_macro   0x00027022      0x251 ./Drivers/STM32F4xx_HAL_Driver/Src/stm32f4xx_hal_rcc.o
 .debug_macro   0x00027273      0x22d ./Drivers/STM32F4xx_HAL_Driver/Src/stm32f4xx_hal_rcc_ex.o
 .debug_macro   0x000274a0      0x23c ./Drivers/STM32F4xx_HAL_Driver/Src/stm32f4xx_hal_spi.o
 .debug_macro   0x000276dc      0x22e ./Drivers/STM32F4xx_HAL_Driver/Src/stm32f4xx_hal_tim.o
 .debug_macro   0x0002790a      0x22d ./Drivers/STM32F4xx_HAL_Driver/Src/stm32f4xx_hal_tim_ex.o
 .debug_macro   0x00027b37      0x22e ./Drivers/STM32F4xx_HAL_Driver/Src/stm32f4xx_hal_uart.o
 .debug_macro   0x00027d65      0x397 ./Modules/Probe/voltage_current_probe.o