Archive member included to satisfy reference by file (symbol)

C:/ST/STM32CubeIDE_1.16.0/STM32CubeIDE/plugins/com.st.stm32cube.ide.mcu.externaltools.gnu-tools-for-stm32.12.3.rel1.win32_1.0.200.202406191623/tools/bin/../lib/gcc/arm-none-eabi/12.3.1/../../../../arm-none-eabi/lib/thumb/v7e-m+fp/hard\libc_nano.a(libc_a-exit.o)
                              C:/ST/STM32CubeIDE_1.16.0/STM32CubeIDE/plugins/com.st.stm32cube.ide.mcu.externaltools.gnu-tools-for-stm32.12.3.rel1.win32_1.0.200.202406191623/tools/bin/../lib/gcc/arm-none-eabi/12.3.1/../../../../arm-none-eabi/lib/thumb/v7e-m+fp/hard/crt0.o (exit)
C:/ST/STM32CubeIDE_1.16.0/STM32CubeIDE/plugins/com.st.stm32cube.ide.mcu.externaltools.gnu-tools-for-stm32.12.3.rel1.win32_1.0.200.202406191623/tools/bin/../lib/gcc/arm-none-eabi/12.3.1/../../../../arm-none-eabi/lib/thumb/v7e-m+fp/hard\libc_nano.a(libc_a-findfp.o)
                              C:/ST/STM32CubeIDE_1.16.0/STM32CubeIDE/plugins/com.st.stm32cube.ide.mcu.externaltools.gnu-tools-for-stm32.12.3.rel1.win32_1.0.200.202406191623/tools/bin/../lib/gcc/arm-none-eabi/12.3.1/../../../../arm-none-eabi/lib/thumb/v7e-m+fp/hard\libc_nano.a(libc_a-exit.o) (__stdio_exit_handler)
C:/ST/STM32CubeIDE_1.16.0/STM32CubeIDE/plugins/com.st.stm32cube.ide.mcu.externaltools.gnu-tools-for-stm32.12.3.rel1.win32_1.0.200.202406191623/tools/bin/../lib/gcc/arm-none-eabi/12.3.1/../../../../arm-none-eabi/lib/thumb/v7e-m+fp/hard\libc_nano.a(libc_a-fwalk.o)
                              C:/ST/STM32CubeIDE_1.16.0/STM32CubeIDE/plugins/com.st.stm32cube.ide.mcu.externaltools.gnu-tools-for-stm32.12.3.rel1.win32_1.0.200.202406191623/tools/bin/../lib/gcc/arm-none-eabi/12.3.1/../../../../arm-none-eabi/lib/thumb/v7e-m+fp/hard\libc_nano.a(libc_a-findfp.o) (_fwalk_sglue)
C:/ST/STM32CubeIDE_1.16.0/STM32CubeIDE/plugins/com.st.stm32cube.ide.mcu.externaltools.gnu-tools-for-stm32.12.3.rel1.win32_1.0.200.202406191623/tools/bin/../lib/gcc/arm-none-eabi/12.3.1/../../../../arm-none-eabi/lib/thumb/v7e-m+fp/hard\libc_nano.a(libc_a-stdio.o)
                              C:/ST/STM32CubeIDE_1.16.0/STM32CubeIDE/plugins/com.st.stm32cube.ide.mcu.externaltools.gnu-tools-for-stm32.12.3.rel1.win32_1.0.200.202406191623/tools/bin/../lib/gcc/arm-none-eabi/12.3.1/../../../../arm-none-eabi/lib/thumb/v7e-m+fp/hard\libc_nano.a(libc_a-findfp.o) (__sread)
C:/ST/STM32CubeIDE_1.16.0/STM32CubeIDE/plugins/com.st.stm32cube.ide.mcu.externaltools.gnu-tools-for-stm32.12.3.rel1.win32_1.0.200.202406191623/tools/bin/../lib/gcc/arm-none-eabi/12.3.1/../../../../arm-none-eabi/lib/thumb/v7e-m+fp/hard\libc_nano.a(libc_a-memcmp.o)
                              ./Core/Common/flash_conf.o (memcmp)
C:/ST/STM32CubeIDE_1.16.0/STM32CubeIDE/plugins/com.st.stm32cube.ide.mcu.externaltools.gnu-tools-for-stm32.12.3.rel1.win32_1.0.200.202406191623/tools/bin/../lib/gcc/arm-none-eabi/12.3.1/../../../../arm-none-eabi/lib/thumb/v7e-m+fp/hard\libc_nano.a(libc_a-memset.o)
                              C:/ST/STM32CubeIDE_1.16.0/STM32CubeIDE/plugins/com.st.stm32cube.ide.mcu.externaltools.gnu-tools-for-stm32.12.3.rel1.win32_1.0.200.202406191623/tools/bin/../lib/gcc/arm-none-eabi/12.3.1/../../../../arm-none-eabi/lib/thumb/v7e-m+fp/hard/crt0.o (memset)
C:/ST/STM32CubeIDE_1.16.0/STM32CubeIDE/plugins/com.st.stm32cube.ide.mcu.externaltools.gnu-tools-for-stm32.12.3.rel1.win32_1.0.200.202406191623/tools/bin/../lib/gcc/arm-none-eabi/12.3.1/../../../../arm-none-eabi/lib/thumb/v7e-m+fp/hard\libc_nano.a(libc_a-closer.o)
                              C:/ST/STM32CubeIDE_1.16.0/STM32CubeIDE/plugins/com.st.stm32cube.ide.mcu.externaltools.gnu-tools-for-stm32.12.3.rel1.win32_1.0.200.202406191623/tools/bin/../lib/gcc/arm-none-eabi/12.3.1/../../../../arm-none-eabi/lib/thumb/v7e-m+fp/hard\libc_nano.a(libc_a-stdio.o) (_close_r)
C:/ST/STM32CubeIDE_1.16.0/STM32CubeIDE/plugins/com.st.stm32cube.ide.mcu.externaltools.gnu-tools-for-stm32.12.3.rel1.win32_1.0.200.202406191623/tools/bin/../lib/gcc/arm-none-eabi/12.3.1/../../../../arm-none-eabi/lib/thumb/v7e-m+fp/hard\libc_nano.a(libc_a-reent.o)
                              C:/ST/STM32CubeIDE_1.16.0/STM32CubeIDE/plugins/com.st.stm32cube.ide.mcu.externaltools.gnu-tools-for-stm32.12.3.rel1.win32_1.0.200.202406191623/tools/bin/../lib/gcc/arm-none-eabi/12.3.1/../../../../arm-none-eabi/lib/thumb/v7e-m+fp/hard\libc_nano.a(libc_a-closer.o) (errno)
C:/ST/STM32CubeIDE_1.16.0/STM32CubeIDE/plugins/com.st.stm32cube.ide.mcu.externaltools.gnu-tools-for-stm32.12.3.rel1.win32_1.0.200.202406191623/tools/bin/../lib/gcc/arm-none-eabi/12.3.1/../../../../arm-none-eabi/lib/thumb/v7e-m+fp/hard\libc_nano.a(libc_a-impure.o)
                              C:/ST/STM32CubeIDE_1.16.0/STM32CubeIDE/plugins/com.st.stm32cube.ide.mcu.externaltools.gnu-tools-for-stm32.12.3.rel1.win32_1.0.200.202406191623/tools/bin/../lib/gcc/arm-none-eabi/12.3.1/../../../../arm-none-eabi/lib/thumb/v7e-m+fp/hard\libc_nano.a(libc_a-reent.o) (_impure_ptr)
[...]
Memory Configuration

Name             Origin             Length             Attributes
BOOTLOADER       0x08000000         0x00004000         xr
CALIBRATION      0x08004000         0x00004000         xr
CONFIGURATION    0x08008000         0x00004000         xr
APPLICATION      0x0800c000         0x00034000         xr
BUFFER_APP       0x08040000         0x00040000         xr
RAM              0x200000c0         0x0001ff40         xrw
*default*        0x00000000         0xffffffff

Linker script and memory map

LOAD C:/ST/STM32CubeIDE_1.16.0/STM32CubeIDE/plugins/com.st.stm32cube.ide.mcu.externaltools.gnu-tools-for-stm32.12.3.rel1.win32_1.0.200.202406191623/tools/bin/../lib/gcc/arm-none-eabi/12.3.1/thumb/v7e-m+fp/hard/crti.o
LOAD C:/ST/STM32CubeIDE_1.16.0/STM32CubeIDE/plugins/com.st.stm32cube.ide.mcu.externaltools.gnu-tools-for-stm32.12.3.rel1.win32_1.0.200.202406191623/tools/bin/../lib/gcc/arm-none-eabi/12.3.1/thumb/v7e-m+fp/hard/crtbegin.o
LOAD C:/ST/STM32CubeIDE_1.16.0/STM32CubeIDE/plugins/com.st.stm32cube.ide.mcu.externaltools.gnu-tools-for-stm32.12.3.rel1.win32_1.0.200.202406191623/tools/bin/../lib/gcc/arm-none-eabi/12.3.1/../../../../arm-none-eabi/lib/thumb/v7e-m+fp/hard/crt0.o
LOAD ./Core/Common/config_app.o
LOAD ./Core/Common/configuration.o
LOAD ./Core/Common/control.o
LOAD ./Core/Common/flash_app.o
LOAD ./Core/Common/flash_conf.o
LOAD ./Core/Common/reg_map.o
LOAD ./Core/Common/system_msp.o
LOAD ./Core/Serial/mb_rtu_app.o
LOAD ./Core/Serial/mb_upgrade.o
LOAD ./Core/Serial/modbus_slave.o
LOAD ./Core/Src/crc.o
LOAD ./Core/Src/iwdg.o
LOAD ./Core/Src/main.o
LOAD ./Core/Src/stm32f4xx_hal_msp.o
LOAD ./Core/Src/stm32f4xx_it.o
LOAD ./Core/Src/syscalls.o
LOAD ./Core/Src/sysmem.o
LOAD ./Core/Src/system_stm32f4xx.o
LOAD ./Core/Startup/startup_stm32f446retx.o
LOAD ./Drivers/STM32F4xx_HAL_Driver/Src/stm32f4xx_hal.o
LOAD ./Drivers/STM32F4xx_HAL_Driver/Src/stm32f4xx_hal_adc.o
LOAD ./Drivers/STM32F4xx_HAL_Driver/Src/stm32f4xx_hal_adc_ex.o
LOAD ./Drivers/STM32F4xx_HAL_Driver/Src/stm32f4xx_hal_cortex.o
LOAD ./Drivers/STM32F4xx_HAL_Driver/Src/stm32f4xx_hal_crc.o
LOAD ./Drivers/STM32F4xx_HAL_Driver/Src/stm32f4xx_hal_dma.o
LOAD ./Drivers/STM32F4xx_HAL_Driver/Src/stm32f4xx_hal_dma_ex.o
LOAD ./Drivers/STM32F4xx_HAL_Driver/Src/stm32f4xx_hal_exti.o
LOAD ./Drivers/STM32F4xx_HAL_Driver/Src/stm32f4xx_hal_flash.o
LOAD ./Drivers/STM32F4xx_HAL_Driver/Src/stm32f4xx_hal_flash_ex.o
LOAD ./Drivers/STM32F4xx_HAL_Driver/Src/stm32f4xx_hal_flash_ramfunc.o
LOAD ./Drivers/STM32F4xx_HAL_Driver/Src/stm32f4xx_hal_gpio.o
LOAD ./Drivers/STM32F4xx_HAL_Driver/Src/stm32f4xx_hal_i2c.o
LOAD ./Drivers/STM32F4xx_HAL_Driver/Src/stm32f4xx_hal_i2c_ex.o
LOAD ./Drivers/STM32F4xx_HAL_Driver/Src/stm32f4xx_hal_iwdg.o
LOAD ./Drivers/STM32F4xx_HAL_Driver/Src/stm32f4xx_hal_pwr.o
LOAD ./Drivers/STM32F4xx_HAL_Driver/Src/stm32f4xx_hal_pwr_ex.o
LOAD ./Drivers/STM32F4xx_HAL_Driver/Src/stm32f4xx_hal_rcc.o
LOAD ./Drivers/STM32F4xx_HAL_Driver/Src/stm32f4xx_hal_rcc_ex.o
LOAD ./Drivers/STM32F4xx_HAL_Driver/Src/stm32f4xx_hal_spi.o
LOAD ./Drivers/STM32F4xx_HAL_Driver/Src/stm32f4xx_hal_tim.o
LOAD ./Drivers/STM32F4xx_HAL_Driver/Src/stm32f4xx_hal_tim_ex.o
LOAD ./Drivers/STM32F4xx_HAL_Driver/Src/stm32f4xx_hal_uart.o
LOAD ./Drivers/STM32F4xx_HAL_Driver/Src/stm32f4xx_ll_adc.o
LOAD ./Modules/Probe/voltage_current_probe.o
LOAD ./Modules/Switch/switch.o
START GROUP
LOAD C:/ST/STM32CubeIDE_1.16.0/STM32CubeIDE/plugins/com.st.stm32cube.ide.mcu.externaltools.gnu-tools-for-stm32.12.3.rel1.win32_1.0.200.202406191623/tools/bin/../lib/gcc/arm-none-eabi/12.3.1/../../../../arm-none-eabi/lib/thumb/v7e-m+fp/hard\libc_nano.a
LOAD C:/ST/STM32CubeIDE_1.16.0/STM32CubeIDE/plugins/com.st.stm32cube.ide.mcu.externaltools.gnu-tools-for-stm32.12.3.rel1.win32_1.0.200.202406191623/tools/bin/../lib/gcc/arm-none-eabi/12.3.1/../../../../arm-none-eabi/lib/thumb/v7e-m+fp/hard\libm.a
END GROUP
START GROUP
LOAD C:/ST/STM32CubeIDE_1.16.0/STM32CubeIDE/plugins/com.st.stm32cube.ide.mcu.externaltools.gnu-tools-for-stm32.12.3.rel1.win32_1.0.200.202406191623/tools/bin/../lib/gcc/arm-none-eabi/12.3.1/thumb/v7e-m+fp/hard\libgcc.a
LOAD C:/ST/STM32CubeIDE_1.16.0/STM32CubeIDE/plugins/com.st.stm32cube.ide.mcu.externaltools.gnu-tools-for-stm32.12.3.rel1.win32_1.0.200.202406191623/tools/bin/../lib/gcc/arm-none-eabi/12.3.1/../../../../arm-none-eabi/lib/thumb/v7e-m+fp/hard\libc_nano.a
END GROUP
START GROUP
LOAD C:/ST/STM32CubeIDE_1.16.0/STM32CubeIDE/plugins/com.st.stm32cube.ide.mcu.externaltools.gnu-tools-for-stm32.12.3.rel1.win32_1.0.200.202406191623/tools/bin/../lib/gcc/arm-none-eabi/12.3.1/thumb/v7e-m+fp/hard\libgcc.a
LOAD C:/ST/STM32CubeIDE_1.16.0/STM32CubeIDE/plugins/com.st.stm32cube.ide.mcu.externaltools.gnu-tools-for-stm32.12.3.rel1.win32_1.0.200.202406191623/tools/bin/../lib/gcc/arm-none-eabi/12.3.1/../../../../arm-none-eabi/lib/thumb/v7e-m+fp/hard\libc_nano.a
LOAD C:/ST/STM32CubeIDE_1.16.0/STM32CubeIDE/plugins/com.st.stm32cube.ide.mcu.externaltools.gnu-tools-for-stm32.12.3.rel1.win32_1.0.200.202406191623/tools/bin/../lib/gcc/arm-none-eabi/12.3.1/../../../../arm-none-eabi/lib/thumb/v7e-m+fp/hard\libnosys.a
END GROUP
START GROUP
LOAD C:/ST/STM32CubeIDE_1.16.0/STM32CubeIDE/plugins/com.st.stm32cube.ide.mcu.externaltools.gnu-tools-for-stm32.12.3.rel1.win32_1.0.200.202406191623/tools/bin/../lib/gcc/arm-none-eabi/12.3.1/thumb/v7e-m+fp/hard\libgcc.a
LOAD C:/ST/STM32CubeIDE_1.16.0/STM32CubeIDE/plugins/com.st.stm32cube.ide.mcu.externaltools.gnu-tools-for-stm32.12.3.rel1.win32_1.0.200.202406191623/tools/bin/../lib/gcc/arm-none-eabi/12.3.1/../../../../arm-none-eabi/lib/thumb/v7e-m+fp/hard\libc_nano.a
LOAD C:/ST/STM32CubeIDE_1.16.0/STM32CubeIDE/plugins/com.st.stm32cube.ide.mcu.externaltools.gnu-tools-for-stm32.12.3.rel1.win32_1.0.200.202406191623/tools/bin/../lib/gcc/arm-none-eabi/12.3.1/../../../../arm-none-eabi/lib/thumb/v7e-m+fp/hard\libnosys.a
END GROUP
LOAD C:/ST/STM32CubeIDE_1.16.0/STM32CubeIDE/plugins/com.st.stm32cube.ide.mcu.externaltools.gnu-tools-for-stm32.12.3.rel1.win32_1.0.200.202406191623/tools/bin/../lib/gcc/arm-none-eabi/12.3.1/thumb/v7e-m+fp/hard/crtend.o
LOAD C:/ST/STM32CubeIDE_1.16.0/STM32CubeIDE/plugins/com.st.stm32cube.ide.mcu.externaltools.gnu-tools-for-stm32.12.3.rel1.win32_1.0.200.202406191623/tools/bin/../lib/gcc/arm-none-eabi/12.3.1/thumb/v7e-m+fp/hard/crtn.o
                0x20020000                        _estack = (ORIGIN (RAM) + LENGTH (RAM))
                0x00000200                        _Min_Heap_Size = 0x200
                0x00000400                        _Min_Stack_Size = 0x400
                0x00004000                        _LD_SIZE_BOOTLOADER = 0x4000
                0x00004000                        _LD_SIZE_CALIBRATION = 0x4000
                0x00004000                        _LD_SIZE_CONFIGURATION = 0x4000
                0x00034000                        _LD_SIZE_APPLICATION = 0x34000
                0x00040000                        _LD_SIZE_BUFFER_APP = 0x40000
                0x08000000                        _LD_ADDRESS_BOOTLOADER = 0x8000000
                0x08004000                        _LD_ADDRESS_CALIBRATION = (_LD_ADDRESS_BOOTLOADER + _LD_SIZE_BOOTLOADER)
                0x08008000                        _LD_ADDRESS_CONFIGURATION = (_LD_ADDRESS_CALIBRATION + _LD_SIZE_CALIBRATION)
                0x0800c000                        _LD_ADDRESS_APPLICATION = (_LD_ADDRESS_CONFIGURATION + _LD_SIZE_CONFIGURATION)
                0x08040000                        _LD_ADDRESS_BUFFER_APP = (_LD_ADDRESS_APPLICATION + _LD_SIZE_APPLICATION)
                0x00000200                        _LD_FW_INFO_OFFSET = 0x200

.isr_vector     0x0800c000      0x424
                0x0800c000                        . = ALIGN (0x4)
 *(.isr_vector)
 .isr_vector    0x0800c000      0x1c4 ./Core/Startup/startup_stm32f446retx.o
                0x0800c000                g_pfnVectors
 *(.sectionIsrConst)
 .sectionIsrConst
                0x0800c1c4      0x100 ./Core/Serial/modbus_slave.o
                0x0800c400                        . = ALIGN (_LD_FW_INFO_OFFSET)
 *fill*         0x0800c2c4      0x13c 
 *(.sectionFwInfo)
 .sectionFwInfo
                0x0800c400       0x24 ./Core/Common/configuration.o
                0x0800c400                CONF_FIRMWARE_INFO
                0x0800c424                        . = ALIGN (0x4)

.text           0x0800c428     0x9304
                0x0800c428                        . = ALIGN (0x4)
 *(.text)
 .text          0x0800c428       0x40 C:/ST/STM32CubeIDE_1.16.0/STM32CubeIDE/plugins/com.st.stm32cube.ide.mcu.externaltools.gnu-tools-for-stm32.12.3.rel1.win32_1.0.200.202406191623/tools/bin/../lib/gcc/arm-none-eabi/12.3.1/thumb/v7e-m+fp/hard/crtbegin.o
 .text          0x0800c468      0x254 C:/ST/STM32CubeIDE_1.16.0/STM32CubeIDE/plugins/com.st.stm32cube.ide.mcu.externaltools.gnu-tools-for-stm32.12.3.rel1.win32_1.0.200.202406191623/tools/bin/../lib/gcc/arm-none-eabi/12.3.1/thumb/v7e-m+fp/hard\libgcc.a(_arm_muldf3.o)
                0x0800c468                __muldf3
                0x0800c468                __aeabi_dmul
 .text          0x0800c6bc      0x378 C:/ST/STM32CubeIDE_1.16.0/STM32CubeIDE/plugins/com.st.stm32cube.ide.mcu.externaltools.gnu-tools-for-stm32.12.3.rel1.win32_1.0.200.202406191623/tools/bin/../lib/gcc/arm-none-eabi/12.3.1/thumb/v7e-m+fp/hard\libgcc.a(_arm_addsubdf3.o)
                0x0800c6bc                __aeabi_drsub
                0x0800c6c4                __aeabi_dsub
                0x0800c6c4                __subdf3
                0x0800c6c8                __aeabi_dadd
                0x0800c6c8                __adddf3
                0x0800c940                __floatunsidf
                0x0800c940                __aeabi_ui2d
                0x0800c960                __floatsidf
                0x0800c960                __aeabi_i2d
                0x0800c984                __aeabi_f2d
                0x0800c984                __extendsfdf2
                0x0800c9c8                __floatundidf
                0x0800c9c8                __aeabi_ul2d
                0x0800c9d8                __floatdidf
                0x0800c9d8                __aeabi_l2d
 .text          0x0800ca34       0x50 C:/ST/STM32CubeIDE_1.16.0/STM32CubeIDE/plugins/com.st.stm32cube.ide.mcu.externaltools.gnu-tools-for-stm32.12.3.rel1.win32_1.0.200.202406191623/tools/bin/../lib/gcc/arm-none-eabi/12.3.1/thumb/v7e-m+fp/hard\libgcc.a(_arm_fixdfsi.o)
                0x0800ca34                __aeabi_d2iz
                0x0800ca34                __fixdfsi
 .text          0x0800ca84       0xa0 C:/ST/STM32CubeIDE_1.16.0/STM32CubeIDE/plugins/com.st.stm32cube.ide.mcu.externaltools.gnu-tools-for-stm32.12.3.rel1.win32_1.0.200.202406191623/tools/bin/../lib/gcc/arm-none-eabi/12.3.1/thumb/v7e-m+fp/hard\libgcc.a(_aeabi_ldivmod.o)
                0x0800ca84                __aeabi_ldivmod
 .text          0x0800cb24       0x30 C:/ST/STM32CubeIDE_1.16.0/STM32CubeIDE/plugins/com.st.stm32cube.ide.mcu.externaltools.gnu-tools-for-stm32.12.3.rel1.win32_1.0.200.202406191623/tools/bin/../lib/gcc/arm-none-eabi/12.3.1/thumb/v7e-m+fp/hard\libgcc.a(_aeabi_uldivmod.o)
                0x0800cb24                __aeabi_uldivmod
 .text          0x0800cb54      0x2bc C:/ST/STM32CubeIDE_1.16.0/STM32CubeIDE/plugins/com.st.stm32cube.ide.mcu.externaltools.gnu-tools-for-stm32.12.3.rel1.win32_1.0.200.202406191623/tools/bin/../lib/gcc/arm-none-eabi/12.3.1/thumb/v7e-m+fp/hard\libgcc.a(_udivmoddi4.o)
                0x0800cb54                __udivmoddi4
 .text          0x0800ce10        0x4 C:/ST/STM32CubeIDE_1.16.0/STM32CubeIDE/plugins/com.st.stm32cube.ide.mcu.externaltools.gnu-tools-for-stm32.12.3.rel1.win32_1.0.200.202406191623/tools/bin/../lib/gcc/arm-none-eabi/12.3.1/thumb/v7e-m+fp/hard\libgcc.a(_dvmd_tls.o)
                0x0800ce10                __aeabi_idiv0
                0x0800ce10                __aeabi_ldiv0
 *(.text*)
 .text.Config_AppInit
                0x0800ce14       0x1a ./Core/Common/config_app.o
                0x0800ce14                Config_AppInit
 .text.Config_Callback
                0x0800ce2e       0x24 ./Core/Common/config_app.o
                0x0800ce2e                Config_Callback
 .text.Config_Init
                0x0800ce52       0x1e ./Core/Common/configuration.o
                0x0800ce52                Config_Init
 .text.Config_ApplyConfig
                0x0800ce70       0x2c ./Core/Common/configuration.o
                0x0800ce70                Config_ApplyConfig
 .text.Config_ReadStream
                0x0800ce9c       0xd8 ./Core/Common/configuration.o
                0x0800ce9c                Config_ReadStream
 .text.Config_FillStream
                0x0800cf74       0xac ./Core/Common/configuration.o
                0x0800cf74                Config_FillStream
 .text.Control_Init
                0x0800d020       0x1a ./Core/Common/control.o
                0x0800d020                Control_Init
 *fill*         0x0800d03a        0x2 
 .text.Control_Handle
                0x0800d03c      0x168 ./Core/Common/control.o
                0x0800d03c                Control_Handle
 .text.FlashApp_Init
                0x0800d1a4       0x32 ./Core/Common/flash_app.o
                0x0800d1a4                FlashApp_Init
 *fill*         0x0800d1d6        0x2 
 .text.FlashApp_Handle
                0x0800d1d8       0xbc ./Core/Common/flash_app.o
                0x0800d1d8                FlashApp_Handle
 .text.FlashApp_RequestConfStorage
                0x0800d294       0x34 ./Core/Common/flash_app.o
                0x0800d294                FlashApp_RequestConfStorage
 .text.FlashApp_RequestFactorySettings
                0x0800d2c8       0x24 ./Core/Common/flash_app.o
                0x0800d2c8                FlashApp_RequestFactorySettings
 .text.FlashConf_Init
                0x0800d2ec       0x1a ./Core/Common/flash_conf.o
                0x0800d2ec                FlashConf_Init
 *fill*         0x0800d306        0x2 
 .text.FlashConf_Load
                0x0800d308       0x7c ./Core/Common/flash_conf.o
                0x0800d308                FlashConf_Load
 .text.FlashConf_Store
                0x0800d384       0x90 ./Core/Common/flash_conf.o
                0x0800d384                FlashConf_Store
 .text.FlashConf_FindEntry
                0x0800d414      0x254 ./Core/Common/flash_conf.o
                0x0800d414                FlashConf_FindEntry
 .text.FlashConf_EraseBlock
                0x0800d668       0x28 ./Core/Common/flash_conf.o
                0x0800d668                FlashConf_EraseBlock
 .text.FlashConf_Read
                0x0800d690       0x88 ./Core/Common/flash_conf.o
                0x0800d690                FlashConf_Read
 .text.FlashConf_Write
                0x0800d718      0x12c ./Core/Common/flash_conf.o
                0x0800d718                FlashConf_Write
 .text.RegMap_RestoreFactoryValues
                0x0800d844       0x9c ./Core/Common/reg_map.o
                0x0800d844                RegMap_RestoreFactoryValues
 .text.__NVIC_SystemReset
                0x0800d8e0       0x2c ./Core/Common/system_msp.o
 .text.System_CrcInit
                0x0800d90c       0x5c ./Core/Common/system_msp.o
                0x0800d90c                System_CrcInit
 .text.System_InitWdg
                0x0800d968       0x48 ./Core/Common/system_msp.o
                0x0800d968                System_InitWdg
 .text.System_ReloadWdg
                0x0800d9b0       0x20 ./Core/Common/system_msp.o
                0x0800d9b0                System_ReloadWdg
 .text.System_Delay
                0x0800d9d0       0x18 ./Core/Common/system_msp.o
                0x0800d9d0                System_Delay
 .text.System_Reset
                0x0800d9e8        0x8 ./Core/Common/system_msp.o
                0x0800d9e8                System_Reset
 .text.GetSector
                0x0800d9f0       0x98 ./Core/Common/system_msp.o
                0x0800d9f0                GetSector
 .text.System_FlashErase
                0x0800da88       0x74 ./Core/Common/system_msp.o
                0x0800da88                System_FlashErase
 .text.System_FlashProgram
                0x0800dafc       0xa6 ./Core/Common/system_msp.o
                0x0800dafc                System_FlashProgram
 *fill*         0x0800dba2        0x2 
 .text.System_RemapApplicationVector
                0x0800dba4      0x118 ./Core/Common/system_msp.o
                0x0800dba4                System_RemapApplicationVector
 .text.MbRtu_ReadInputRegCallback
                0x0800dcbc      0x1e8 ./Core/Serial/mb_rtu_app.o
                0x0800dcbc                MbRtu_ReadInputRegCallback
 .text.MbRtu_ReadHoldingRegCallback
                0x0800dea4      0x14c ./Core/Serial/mb_rtu_app.o
                0x0800dea4                MbRtu_ReadHoldingRegCallback
 .text.MbRtu_WriteHoldingRegCallback
                0x0800dff0      0x184 ./Core/Serial/mb_rtu_app.o
                0x0800dff0                MbRtu_WriteHoldingRegCallback
 .text.MbUpgr_Init
                0x0800e174       0x30 ./Core/Serial/mb_upgrade.o
                0x0800e174                MbUpgr_Init
 .text.MbUpgr_Handle
                0x0800e1a4       0xe8 ./Core/Serial/mb_upgrade.o
                0x0800e1a4                MbUpgr_Handle
 .text.MbUpgr_WriteRegisters
                0x0800e28c       0x8c ./Core/Serial/mb_upgrade.o
                0x0800e28c                MbUpgr_WriteRegisters
 .text.MbUpgr_ReadRegisters
                0x0800e318       0x7c ./Core/Serial/mb_upgrade.o
                0x0800e318                MbUpgr_ReadRegisters
 .text.MbUpgr_HeaderClb
                0x0800e394       0x36 ./Core/Serial/mb_upgrade.o
                0x0800e394                MbUpgr_HeaderClb
 .text.MbUpgr_WritePageClb
                0x0800e3ca       0x22 ./Core/Serial/mb_upgrade.o
                0x0800e3ca                MbUpgr_WritePageClb
 .text.MbUpgr_WriteDoneClb
                0x0800e3ec       0x1c ./Core/Serial/mb_upgrade.o
                0x0800e3ec                MbUpgr_WriteDoneClb
 .text.MbSlave_Init
                0x0800e408       0xb0 ./Core/Serial/modbus_slave.o
                0x0800e408                MbSlave_Init
 .text.MbSlave_SettingsChanged
                0x0800e4b8      0x190 ./Core/Serial/modbus_slave.o
                0x0800e4b8                MbSlave_SettingsChanged
 .text.MbSlave_Handle
                0x0800e648      0x12c ./Core/Serial/modbus_slave.o
                0x0800e648                MbSlave_Handle
 .text.MbSlave_RxCpltCallback
                0x0800e774       0x24 ./Core/Serial/modbus_slave.o
                0x0800e774                MbSlave_RxCpltCallback
 .text.MbSlave_TxCpltCallback
                0x0800e798       0x24 ./Core/Serial/modbus_slave.o
                0x0800e798                MbSlave_TxCpltCallback
 .text.MbSlave_ErrorCallback
                0x0800e7bc       0x24 ./Core/Serial/modbus_slave.o
                0x0800e7bc                MbSlave_ErrorCallback
 .text.MbSlave_UpdateSlaveAddress
                0x0800e7e0       0x5c ./Core/Serial/modbus_slave.o
                0x0800e7e0                MbSlave_UpdateSlaveAddress
 .text.MbSlave_BusReset
                0x0800e83c       0x44 ./Core/Serial/modbus_slave.o
                0x0800e83c                MbSlave_BusReset
 .text.USART1_IRQHandler
                0x0800e880       0x4c ./Core/Serial/modbus_slave.o
                0x0800e880                USART1_IRQHandler
 .text.TIM3_IRQHandler
                0x0800e8cc       0x50 ./Core/Serial/modbus_slave.o
                0x0800e8cc                TIM3_IRQHandler
 .text.MbSlave_CheckFrame
                0x0800e91c      0x154 ./Core/Serial/modbus_slave.o
 .text.MbSlave_ProcessFrame
                0x0800ea70      0x2c4 ./Core/Serial/modbus_slave.o
 .text.MbSlave_CRC16
                0x0800ed34       0xdc ./Core/Serial/modbus_slave.o
 .text.MbSlave_Rs485DirTransmit
                0x0800ee10       0x18 ./Core/Serial/modbus_slave.o
 .text.MbSlave_Rs485DirReceive
                0x0800ee28       0x18 ./Core/Serial/modbus_slave.o
 .text.main     0x0800ee40      0x1b8 ./Core/Src/main.o
                0x0800ee40                main
 .text.SystemClock_Config
                0x0800eff8       0xe8 ./Core/Src/main.o
                0x0800eff8                SystemClock_Config
 .text.MX_ADC1_Init
                0x0800f0e0       0xf8 ./Core/Src/main.o
 .text.MX_CRC_Init
                0x0800f1d8       0x28 ./Core/Src/main.o
 .text.MX_I2C1_Init
                0x0800f200       0x5c ./Core/Src/main.o
 .text.MX_IWDG_Init
                0x0800f25c       0x34 ./Core/Src/main.o
 .text.MX_SPI2_Init
                0x0800f290       0x6c ./Core/Src/main.o
 .text.MX_TIM2_Init
                0x0800f2fc       0x98 ./Core/Src/main.o
 .text.MX_UART5_Init
                0x0800f394       0x54 ./Core/Src/main.o
 .text.MX_DMA_Init
                0x0800f3e8       0x40 ./Core/Src/main.o
 .text.MX_GPIO_Init
                0x0800f428      0x164 ./Core/Src/main.o
 .text.HAL_TIM_PeriodElapsedCallback
                0x0800f58c       0x1e ./Core/Src/main.o
                0x0800f58c                HAL_TIM_PeriodElapsedCallback
 .text.HAL_UART_TxCpltCallback
                0x0800f5aa       0x16 ./Core/Src/main.o
                0x0800f5aa                HAL_UART_TxCpltCallback
 .text.HAL_UART_RxCpltCallback
                0x0800f5c0       0x16 ./Core/Src/main.o
                0x0800f5c0                HAL_UART_RxCpltCallback
 .text.HAL_UART_ErrorCallback
                0x0800f5d6       0x16 ./Core/Src/main.o
                0x0800f5d6                HAL_UART_ErrorCallback
 .text.Error_Handler
                0x0800f5ec        0xc ./Core/Src/main.o
                0x0800f5ec                Error_Handler
 .text.HAL_MspInit
                0x0800f5f8       0x50 ./Core/Src/stm32f4xx_hal_msp.o
                0x0800f5f8                HAL_MspInit
 .text.HAL_ADC_MspInit
                0x0800f648      0x124 ./Core/Src/stm32f4xx_hal_msp.o
                0x0800f648                HAL_ADC_MspInit
 .text.HAL_CRC_MspInit
                0x0800f76c       0x44 ./Core/Src/stm32f4xx_hal_msp.o
                0x0800f76c                HAL_CRC_MspInit
 .text.HAL_I2C_MspInit
                0x0800f7b0       0x90 ./Core/Src/stm32f4xx_hal_msp.o
                0x0800f7b0                HAL_I2C_MspInit
 .text.HAL_SPI_MspInit
                0x0800f840       0xf0 ./Core/Src/stm32f4xx_hal_msp.o
                0x0800f840                HAL_SPI_MspInit
 .text.HAL_TIM_Base_MspInit
                0x0800f930       0x4c ./Core/Src/stm32f4xx_hal_msp.o
                0x0800f930                HAL_TIM_Base_MspInit
 .text.HAL_UART_MspInit
                0x0800f97c       0xe0 ./Core/Src/stm32f4xx_hal_msp.o
                0x0800f97c                HAL_UART_MspInit
 .text.NMI_Handler
                0x0800fa5c        0x8 ./Core/Src/stm32f4xx_it.o
                0x0800fa5c                NMI_Handler
 .text.HardFault_Handler
                0x0800fa64        0x4 ./Core/Src/stm32f4xx_it.o
                0x0800fa64                HardFault_Handler
 .text.MemManage_Handler
                0x0800fa68        0xc ./Core/Src/stm32f4xx_it.o
                0x0800fa68                MemManage_Handler
 .text.BusFault_Handler
                0x0800fa74        0xc ./Core/Src/stm32f4xx_it.o
                0x0800fa74                BusFault_Handler
 .text.UsageFault_Handler
                0x0800fa80        0xc ./Core/Src/stm32f4xx_it.o
                0x0800fa80                UsageFault_Handler
 .text.SVC_Handler
                0x0800fa8c        0xe ./Core/Src/stm32f4xx_it.o
                0x0800fa8c                SVC_Handler
 .text.DebugMon_Handler
                0x0800fa9a        0xe ./Core/Src/stm32f4xx_it.o
                0x0800fa9a                DebugMon_Handler
 .text.PendSV_Handler
                0x0800faa8        0xe ./Core/Src/stm32f4xx_it.o
                0x0800faa8                PendSV_Handler
 .text.SysTick_Handler
                0x0800fab6        0xc ./Core/Src/stm32f4xx_it.o
                0x0800fab6                SysTick_Handler
 *fill*         0x0800fac2        0x2 
 .text.TIM2_IRQHandler
                0x0800fac4       0x14 ./Core/Src/stm32f4xx_it.o
                0x0800fac4                TIM2_IRQHandler
 .text.EXTI15_10_IRQHandler
                0x0800fad8       0x10 ./Core/Src/stm32f4xx_it.o
                0x0800fad8                EXTI15_10_IRQHandler
 .text.UART5_IRQHandler
                0x0800fae8       0x14 ./Core/Src/stm32f4xx_it.o
                0x0800fae8                UART5_IRQHandler
 .text.DMA2_Stream0_IRQHandler
                0x0800fafc       0x14 ./Core/Src/stm32f4xx_it.o
                0x0800fafc                DMA2_Stream0_IRQHandler
 .text.SystemInit
                0x0800fb10       0x2c ./Core/Src/system_stm32f4xx.o
                0x0800fb10                SystemInit
 .text.Reset_Handler
                0x0800fb3c       0x50 ./Core/Startup/startup_stm32f446retx.o
                0x0800fb3c                Reset_Handler
 .text.Default_Handler
                0x0800fb8c        0x2 ./Core/Startup/startup_stm32f446retx.o
                0x0800fb8c                RTC_Alarm_IRQHandler
                0x0800fb8c                EXTI2_IRQHandler
                0x0800fb8c                TIM8_CC_IRQHandler
                0x0800fb8c                FMPI2C1_EV_IRQHandler
                0x0800fb8c                SPI4_IRQHandler
                0x0800fb8c                TIM1_CC_IRQHandler
                0x0800fb8c                DMA2_Stream5_IRQHandler
                0x0800fb8c                DMA1_Stream5_IRQHandler
                0x0800fb8c                PVD_IRQHandler
                0x0800fb8c                SDIO_IRQHandler
                0x0800fb8c                TAMP_STAMP_IRQHandler
                0x0800fb8c                CAN2_RX1_IRQHandler
                0x0800fb8c                EXTI3_IRQHandler
                0x0800fb8c                TIM8_TRG_COM_TIM14_IRQHandler
                0x0800fb8c                TIM1_UP_TIM10_IRQHandler
                0x0800fb8c                TIM8_UP_TIM13_IRQHandler
                0x0800fb8c                I2C3_ER_IRQHandler
                0x0800fb8c                EXTI0_IRQHandler
                0x0800fb8c                I2C2_EV_IRQHandler
                0x0800fb8c                DMA1_Stream2_IRQHandler
                0x0800fb8c                CAN1_RX0_IRQHandler
                0x0800fb8c                FPU_IRQHandler
                0x0800fb8c                OTG_HS_WKUP_IRQHandler
                0x0800fb8c                CAN2_SCE_IRQHandler
                0x0800fb8c                DMA2_Stream2_IRQHandler
                0x0800fb8c                SPI1_IRQHandler
                0x0800fb8c                TIM6_DAC_IRQHandler
                0x0800fb8c                TIM1_BRK_TIM9_IRQHandler
                0x0800fb8c                DCMI_IRQHandler
                0x0800fb8c                CAN2_RX0_IRQHandler
                0x0800fb8c                DMA2_Stream3_IRQHandler
                0x0800fb8c                SAI2_IRQHandler
                0x0800fb8c                USART6_IRQHandler
                0x0800fb8c                USART3_IRQHandler
                0x0800fb8c                CAN1_RX1_IRQHandler
                0x0800fb8c                TIM4_IRQHandler
                0x0800fb8c                QUADSPI_IRQHandler
                0x0800fb8c                I2C1_EV_IRQHandler
                0x0800fb8c                DMA1_Stream6_IRQHandler
                0x0800fb8c                DMA1_Stream1_IRQHandler
                0x0800fb8c                UART4_IRQHandler
                0x0800fb8c                RCC_IRQHandler
                0x0800fb8c                TIM8_BRK_TIM12_IRQHandler
                0x0800fb8c                Default_Handler
                0x0800fb8c                CEC_IRQHandler
                0x0800fb8c                ADC_IRQHandler
                0x0800fb8c                DMA1_Stream7_IRQHandler
                0x0800fb8c                TIM7_IRQHandler
                0x0800fb8c                CAN2_TX_IRQHandler
                0x0800fb8c                TIM5_IRQHandler
                0x0800fb8c                DMA2_Stream7_IRQHandler
                0x0800fb8c                I2C3_EV_IRQHandler
                0x0800fb8c                EXTI9_5_IRQHandler
                0x0800fb8c                RTC_WKUP_IRQHandler
                0x0800fb8c                SPDIF_RX_IRQHandler
                0x0800fb8c                SPI2_IRQHandler
                0x0800fb8c                OTG_HS_EP1_IN_IRQHandler
                0x0800fb8c                DMA1_Stream0_IRQHandler
                0x0800fb8c                CAN1_TX_IRQHandler
                0x0800fb8c                FMPI2C1_ER_IRQHandler
                0x0800fb8c                EXTI4_IRQHandler
                0x0800fb8c                OTG_HS_EP1_OUT_IRQHandler
                0x0800fb8c                WWDG_IRQHandler
                0x0800fb8c                OTG_FS_WKUP_IRQHandler
                0x0800fb8c                TIM1_TRG_COM_TIM11_IRQHandler
                0x0800fb8c                OTG_HS_IRQHandler
                0x0800fb8c                EXTI1_IRQHandler
                0x0800fb8c                USART2_IRQHandler
                0x0800fb8c                I2C2_ER_IRQHandler
                0x0800fb8c                DMA2_Stream1_IRQHandler
                0x0800fb8c                CAN1_SCE_IRQHandler
                0x0800fb8c                FLASH_IRQHandler
                0x0800fb8c                DMA2_Stream4_IRQHandler
                0x0800fb8c                OTG_FS_IRQHandler
                0x0800fb8c                SPI3_IRQHandler
                0x0800fb8c                DMA1_Stream4_IRQHandler
                0x0800fb8c                I2C1_ER_IRQHandler
                0x0800fb8c                FMC_IRQHandler
                0x0800fb8c                DMA2_Stream6_IRQHandler
                0x0800fb8c                SAI1_IRQHandler
                0x0800fb8c                DMA1_Stream3_IRQHandler
 *fill*         0x0800fb8e        0x2 
 .text.HAL_Init
                0x0800fb90       0x44 ./Drivers/STM32F4xx_HAL_Driver/Src/stm32f4xx_hal.o
                0x0800fb90                HAL_Init
 .text.HAL_InitTick
                0x0800fbd4       0x60 ./Drivers/STM32F4xx_HAL_Driver/Src/stm32f4xx_hal.o
                0x0800fbd4                HAL_InitTick
 .text.HAL_IncTick
                0x0800fc34       0x28 ./Drivers/STM32F4xx_HAL_Driver/Src/stm32f4xx_hal.o
                0x0800fc34                HAL_IncTick
 .text.HAL_GetTick
                0x0800fc5c       0x18 ./Drivers/STM32F4xx_HAL_Driver/Src/stm32f4xx_hal.o
                0x0800fc5c                HAL_GetTick
 .text.HAL_Delay
                0x0800fc74       0x48 ./Drivers/STM32F4xx_HAL_Driver/Src/stm32f4xx_hal.o
                0x0800fc74                HAL_Delay
 .text.HAL_ADC_Init
                0x0800fcbc       0x86 ./Drivers/STM32F4xx_HAL_Driver/Src/stm32f4xx_hal_adc.o
                0x0800fcbc                HAL_ADC_Init
 *fill*         0x0800fd42        0x2 
 .text.HAL_ADC_Start_DMA
                0x0800fd44      0x228 ./Drivers/STM32F4xx_HAL_Driver/Src/stm32f4xx_hal_adc.o
                0x0800fd44                HAL_ADC_Start_DMA
 .text.HAL_ADC_ConvHalfCpltCallback
                0x0800ff6c       0x14 ./Drivers/STM32F4xx_HAL_Driver/Src/stm32f4xx_hal_adc.o
                0x0800ff6c                HAL_ADC_ConvHalfCpltCallback
 .text.HAL_ADC_ErrorCallback
                0x0800ff80       0x14 ./Drivers/STM32F4xx_HAL_Driver/Src/stm32f4xx_hal_adc.o
                0x0800ff80                HAL_ADC_ErrorCallback
 .text.HAL_ADC_ConfigChannel
                0x0800ff94      0x264 ./Drivers/STM32F4xx_HAL_Driver/Src/stm32f4xx_hal_adc.o
                0x0800ff94                HAL_ADC_ConfigChannel
 .text.ADC_Init
                0x080101f8      0x1f8 ./Drivers/STM32F4xx_HAL_Driver/Src/stm32f4xx_hal_adc.o
 .text.ADC_DMAConvCplt
                0x080103f0       0xba ./Drivers/STM32F4xx_HAL_Driver/Src/stm32f4xx_hal_adc.o
 .text.ADC_DMAHalfConvCplt
                0x080104aa       0x1c ./Drivers/STM32F4xx_HAL_Driver/Src/stm32f4xx_hal_adc.o
 .text.ADC_DMAError
                0x080104c6       0x2e ./Drivers/STM32F4xx_HAL_Driver/Src/stm32f4xx_hal_adc.o
 .text.__NVIC_SetPriorityGrouping
                0x080104f4       0x48 ./Drivers/STM32F4xx_HAL_Driver/Src/stm32f4xx_hal_cortex.o
 .text.__NVIC_GetPriorityGrouping
                0x0801053c       0x1c ./Drivers/STM32F4xx_HAL_Driver/Src/stm32f4xx_hal_cortex.o
 .text.__NVIC_EnableIRQ
                0x08010558       0x3c ./Drivers/STM32F4xx_HAL_Driver/Src/stm32f4xx_hal_cortex.o
 .text.__NVIC_DisableIRQ
                0x08010594       0x48 ./Drivers/STM32F4xx_HAL_Driver/Src/stm32f4xx_hal_cortex.o
 .text.__NVIC_ClearPendingIRQ
                0x080105dc       0x3c ./Drivers/STM32F4xx_HAL_Driver/Src/stm32f4xx_hal_cortex.o
 .text.__NVIC_SetPriority
                0x08010618       0x54 ./Drivers/STM32F4xx_HAL_Driver/Src/stm32f4xx_hal_cortex.o
 .text.NVIC_EncodePriority
                0x0801066c       0x66 ./Drivers/STM32F4xx_HAL_Driver/Src/stm32f4xx_hal_cortex.o
 *fill*         0x080106d2        0x2 
 .text.SysTick_Config
                0x080106d4       0x44 ./Drivers/STM32F4xx_HAL_Driver/Src/stm32f4xx_hal_cortex.o
 .text.HAL_NVIC_SetPriorityGrouping
                0x08010718       0x16 ./Drivers/STM32F4xx_HAL_Driver/Src/stm32f4xx_hal_cortex.o
                0x08010718                HAL_NVIC_SetPriorityGrouping
 .text.HAL_NVIC_SetPriority
                0x0801072e       0x38 ./Drivers/STM32F4xx_HAL_Driver/Src/stm32f4xx_hal_cortex.o
                0x0801072e                HAL_NVIC_SetPriority
 .text.HAL_NVIC_EnableIRQ
                0x08010766       0x1c ./Drivers/STM32F4xx_HAL_Driver/Src/stm32f4xx_hal_cortex.o
                0x08010766                HAL_NVIC_EnableIRQ
 .text.HAL_NVIC_DisableIRQ
                0x08010782       0x1c ./Drivers/STM32F4xx_HAL_Driver/Src/stm32f4xx_hal_cortex.o
                0x08010782                HAL_NVIC_DisableIRQ
 .text.HAL_SYSTICK_Config
                0x0801079e       0x18 ./Drivers/STM32F4xx_HAL_Driver/Src/stm32f4xx_hal_cortex.o
                0x0801079e                HAL_SYSTICK_Config
 .text.HAL_NVIC_ClearPendingIRQ
                0x080107b6       0x1c ./Drivers/STM32F4xx_HAL_Driver/Src/stm32f4xx_hal_cortex.o
                0x080107b6                HAL_NVIC_ClearPendingIRQ
 .text.HAL_CRC_Init
                0x080107d2       0x38 ./Drivers/STM32F4xx_HAL_Driver/Src/stm32f4xx_hal_crc.o
                0x080107d2                HAL_CRC_Init
 *fill*         0x0801080a        0x2 
 .text.HAL_DMA_Init
                0x0801080c      0x15c ./Drivers/STM32F4xx_HAL_Driver/Src/stm32f4xx_hal_dma.o
                0x0801080c                HAL_DMA_Init
 .text.HAL_DMA_Start_IT
                0x08010968       0xb0 ./Drivers/STM32F4xx_HAL_Driver/Src/stm32f4xx_hal_dma.o
                0x08010968                HAL_DMA_Start_IT
 .text.HAL_DMA_Abort
                0x08010a18       0xe0 ./Drivers/STM32F4xx_HAL_Driver/Src/stm32f4xx_hal_dma.o
                0x08010a18                HAL_DMA_Abort
 .text.HAL_DMA_Abort_IT
                0x08010af8       0x44 ./Drivers/STM32F4xx_HAL_Driver/Src/stm32f4xx_hal_dma.o
                0x08010af8                HAL_DMA_Abort_IT
 .text.HAL_DMA_IRQHandler
                0x08010b3c      0x314 ./Drivers/STM32F4xx_HAL_Driver/Src/stm32f4xx_hal_dma.o
                0x08010b3c                HAL_DMA_IRQHandler
 .text.DMA_SetConfig
                0x08010e50       0x5c ./Drivers/STM32F4xx_HAL_Driver/Src/stm32f4xx_hal_dma.o
 .text.DMA_CalcBaseAndBitshift
                0x08010eac       0x6c ./Drivers/STM32F4xx_HAL_Driver/Src/stm32f4xx_hal_dma.o
 .text.DMA_CheckFifoParam
                0x08010f18       0xf8 ./Drivers/STM32F4xx_HAL_Driver/Src/stm32f4xx_hal_dma.o
 .text.HAL_FLASH_Program
                0x08011010       0xa4 ./Drivers/STM32F4xx_HAL_Driver/Src/stm32f4xx_hal_flash.o
                0x08011010                HAL_FLASH_Program
 .text.HAL_FLASH_Unlock
                0x080110b4       0x44 ./Drivers/STM32F4xx_HAL_Driver/Src/stm32f4xx_hal_flash.o
                0x080110b4                HAL_FLASH_Unlock
 .text.HAL_FLASH_Lock
                0x080110f8       0x20 ./Drivers/STM32F4xx_HAL_Driver/Src/stm32f4xx_hal_flash.o
                0x080110f8                HAL_FLASH_Lock
 .text.FLASH_WaitForLastOperation
                0x08011118       0x80 ./Drivers/STM32F4xx_HAL_Driver/Src/stm32f4xx_hal_flash.o
                0x08011118                FLASH_WaitForLastOperation
 .text.FLASH_Program_DoubleWord
                0x08011198       0x64 ./Drivers/STM32F4xx_HAL_Driver/Src/stm32f4xx_hal_flash.o
 .text.FLASH_Program_Word
                0x080111fc       0x44 ./Drivers/STM32F4xx_HAL_Driver/Src/stm32f4xx_hal_flash.o
 .text.FLASH_Program_HalfWord
                0x08011240       0x48 ./Drivers/STM32F4xx_HAL_Driver/Src/stm32f4xx_hal_flash.o
 .text.FLASH_Program_Byte
                0x08011288       0x44 ./Drivers/STM32F4xx_HAL_Driver/Src/stm32f4xx_hal_flash.o
 .text.FLASH_SetErrorCode
                0x080112cc       0xcc ./Drivers/STM32F4xx_HAL_Driver/Src/stm32f4xx_hal_flash.o
 .text.HAL_FLASHEx_Erase
                0x08011398       0xdc ./Drivers/STM32F4xx_HAL_Driver/Src/stm32f4xx_hal_flash_ex.o
                0x08011398                HAL_FLASHEx_Erase
 .text.FLASH_MassErase
                0x08011474       0x48 ./Drivers/STM32F4xx_HAL_Driver/Src/stm32f4xx_hal_flash_ex.o
 .text.FLASH_Erase_Sector
                0x080114bc       0x90 ./Drivers/STM32F4xx_HAL_Driver/Src/stm32f4xx_hal_flash_ex.o
                0x080114bc                FLASH_Erase_Sector
 .text.FLASH_FlushCaches
                0x0801154c       0x8c ./Drivers/STM32F4xx_HAL_Driver/Src/stm32f4xx_hal_flash_ex.o
                0x0801154c                FLASH_FlushCaches
 .text.HAL_GPIO_Init
                0x080115d8      0x328 ./Drivers/STM32F4xx_HAL_Driver/Src/stm32f4xx_hal_gpio.o
                0x080115d8                HAL_GPIO_Init
 .text.HAL_GPIO_ReadPin
                0x08011900       0x30 ./Drivers/STM32F4xx_HAL_Driver/Src/stm32f4xx_hal_gpio.o
                0x08011900                HAL_GPIO_ReadPin
 .text.HAL_GPIO_WritePin
                0x08011930       0x32 ./Drivers/STM32F4xx_HAL_Driver/Src/stm32f4xx_hal_gpio.o
                0x08011930                HAL_GPIO_WritePin
 .text.HAL_GPIO_TogglePin
                0x08011962       0x34 ./Drivers/STM32F4xx_HAL_Driver/Src/stm32f4xx_hal_gpio.o
                0x08011962                HAL_GPIO_TogglePin
 *fill*         0x08011996        0x2 
 .text.HAL_GPIO_EXTI_IRQHandler
                0x08011998       0x30 ./Drivers/STM32F4xx_HAL_Driver/Src/stm32f4xx_hal_gpio.o
                0x08011998                HAL_GPIO_EXTI_IRQHandler
 .text.HAL_I2C_Init
                0x080119c8      0x288 ./Drivers/STM32F4xx_HAL_Driver/Src/stm32f4xx_hal_i2c.o
                0x080119c8                HAL_I2C_Init
 .text.HAL_IWDG_Init
                0x08011c50       0x88 ./Drivers/STM32F4xx_HAL_Driver/Src/stm32f4xx_hal_iwdg.o
                0x08011c50                HAL_IWDG_Init
 .text.HAL_IWDG_Refresh
                0x08011cd8       0x20 ./Drivers/STM32F4xx_HAL_Driver/Src/stm32f4xx_hal_iwdg.o
                0x08011cd8                HAL_IWDG_Refresh
 .text.HAL_PWREx_EnableOverDrive
                0x08011cf8       0xa0 ./Drivers/STM32F4xx_HAL_Driver/Src/stm32f4xx_hal_pwr_ex.o
                0x08011cf8                HAL_PWREx_EnableOverDrive
 .text.HAL_RCC_ClockConfig
                0x08011d98      0x1cc ./Drivers/STM32F4xx_HAL_Driver/Src/stm32f4xx_hal_rcc.o
                0x08011d98                HAL_RCC_ClockConfig
 .text.HAL_RCC_GetHCLKFreq
                0x08011f64       0x18 ./Drivers/STM32F4xx_HAL_Driver/Src/stm32f4xx_hal_rcc.o
                0x08011f64                HAL_RCC_GetHCLKFreq
 .text.HAL_RCC_GetPCLK1Freq
                0x08011f7c       0x28 ./Drivers/STM32F4xx_HAL_Driver/Src/stm32f4xx_hal_rcc.o
                0x08011f7c                HAL_RCC_GetPCLK1Freq
 .text.HAL_RCC_GetPCLK2Freq
                0x08011fa4       0x28 ./Drivers/STM32F4xx_HAL_Driver/Src/stm32f4xx_hal_rcc.o
                0x08011fa4                HAL_RCC_GetPCLK2Freq
 .text.HAL_RCC_GetSysClockFreq
                0x08011fcc      0x354 ./Drivers/STM32F4xx_HAL_Driver/Src/stm32f4xx_hal_rcc_ex.o
                0x08011fcc                HAL_RCC_GetSysClockFreq
 .text.HAL_RCC_OscConfig
                0x08012320      0x53c ./Drivers/STM32F4xx_HAL_Driver/Src/stm32f4xx_hal_rcc_ex.o
                0x08012320                HAL_RCC_OscConfig
 .text.HAL_SPI_Init
                0x0801285c      0x112 ./Drivers/STM32F4xx_HAL_Driver/Src/stm32f4xx_hal_spi.o
                0x0801285c                HAL_SPI_Init
 .text.HAL_TIM_Base_Init
                0x0801296e       0x9e ./Drivers/STM32F4xx_HAL_Driver/Src/stm32f4xx_hal_tim.o
                0x0801296e                HAL_TIM_Base_Init
 .text.HAL_TIM_Base_Start_IT
                0x08012a0c       0xe0 ./Drivers/STM32F4xx_HAL_Driver/Src/stm32f4xx_hal_tim.o
                0x08012a0c                HAL_TIM_Base_Start_IT
 .text.HAL_TIM_Base_Stop_IT
                0x08012aec       0x5e ./Drivers/STM32F4xx_HAL_Driver/Src/stm32f4xx_hal_tim.o
                0x08012aec                HAL_TIM_Base_Stop_IT
 .text.HAL_TIM_IRQHandler
                0x08012b4a      0x1e0 ./Drivers/STM32F4xx_HAL_Driver/Src/stm32f4xx_hal_tim.o
                0x08012b4a                HAL_TIM_IRQHandler
 .text.HAL_TIM_ConfigClockSource
                0x08012d2a      0x18e ./Drivers/STM32F4xx_HAL_Driver/Src/stm32f4xx_hal_tim.o
                0x08012d2a                HAL_TIM_ConfigClockSource
 .text.HAL_TIM_OC_DelayElapsedCallback
                0x08012eb8       0x14 ./Drivers/STM32F4xx_HAL_Driver/Src/stm32f4xx_hal_tim.o
                0x08012eb8                HAL_TIM_OC_DelayElapsedCallback
 .text.HAL_TIM_IC_CaptureCallback
                0x08012ecc       0x14 ./Drivers/STM32F4xx_HAL_Driver/Src/stm32f4xx_hal_tim.o
                0x08012ecc                HAL_TIM_IC_CaptureCallback
 .text.HAL_TIM_PWM_PulseFinishedCallback
                0x08012ee0       0x14 ./Drivers/STM32F4xx_HAL_Driver/Src/stm32f4xx_hal_tim.o
                0x08012ee0                HAL_TIM_PWM_PulseFinishedCallback
 .text.HAL_TIM_TriggerCallback
                0x08012ef4       0x14 ./Drivers/STM32F4xx_HAL_Driver/Src/stm32f4xx_hal_tim.o
                0x08012ef4                HAL_TIM_TriggerCallback
 .text.TIM_Base_SetConfig
                0x08012f08      0x14c ./Drivers/STM32F4xx_HAL_Driver/Src/stm32f4xx_hal_tim.o
                0x08012f08                TIM_Base_SetConfig
 .text.TIM_TI1_ConfigInputStage
                0x08013054       0x5e ./Drivers/STM32F4xx_HAL_Driver/Src/stm32f4xx_hal_tim.o
 .text.TIM_TI2_ConfigInputStage
                0x080130b2       0x60 ./Drivers/STM32F4xx_HAL_Driver/Src/stm32f4xx_hal_tim.o
 .text.TIM_ITRx_SetConfig
                0x08013112       0x36 ./Drivers/STM32F4xx_HAL_Driver/Src/stm32f4xx_hal_tim.o
 .text.TIM_ETR_SetConfig
                0x08013148       0x40 ./Drivers/STM32F4xx_HAL_Driver/Src/stm32f4xx_hal_tim.o
                0x08013148                TIM_ETR_SetConfig
 .text.HAL_TIMEx_MasterConfigSynchronization
                0x08013188       0xf8 ./Drivers/STM32F4xx_HAL_Driver/Src/stm32f4xx_hal_tim_ex.o
                0x08013188                HAL_TIMEx_MasterConfigSynchronization
 .text.HAL_TIMEx_CommutCallback
                0x08013280       0x14 ./Drivers/STM32F4xx_HAL_Driver/Src/stm32f4xx_hal_tim_ex.o
                0x08013280                HAL_TIMEx_CommutCallback
 .text.HAL_TIMEx_BreakCallback
                0x08013294       0x14 ./Drivers/STM32F4xx_HAL_Driver/Src/stm32f4xx_hal_tim_ex.o
                0x08013294                HAL_TIMEx_BreakCallback
 .text.HAL_UART_Init
                0x080132a8       0xa0 ./Drivers/STM32F4xx_HAL_Driver/Src/stm32f4xx_hal_uart.o
                0x080132a8                HAL_UART_Init
 .text.HAL_UART_Transmit_IT
                0x08013348       0x6c ./Drivers/STM32F4xx_HAL_Driver/Src/stm32f4xx_hal_uart.o
                0x08013348                HAL_UART_Transmit_IT
 .text.HAL_UART_Receive_IT
                0x080133b4       0x4a ./Drivers/STM32F4xx_HAL_Driver/Src/stm32f4xx_hal_uart.o
                0x080133b4                HAL_UART_Receive_IT
 *fill*         0x080133fe        0x2 
 .text.HAL_UART_Abort_IT
                0x08013400      0x228 ./Drivers/STM32F4xx_HAL_Driver/Src/stm32f4xx_hal_uart.o
                0x08013400                HAL_UART_Abort_IT
 .text.HAL_UART_AbortReceive_IT
                0x08013628      0x164 ./Drivers/STM32F4xx_HAL_Driver/Src/stm32f4xx_hal_uart.o
                0x08013628                HAL_UART_AbortReceive_IT
 .text.HAL_UART_IRQHandler
                0x0801378c      0x554 ./Drivers/STM32F4xx_HAL_Driver/Src/stm32f4xx_hal_uart.o
                0x0801378c                HAL_UART_IRQHandler
 .text.HAL_UART_AbortCpltCallback
                0x08013ce0       0x14 ./Drivers/STM32F4xx_HAL_Driver/Src/stm32f4xx_hal_uart.o
                0x08013ce0                HAL_UART_AbortCpltCallback
 .text.HAL_UART_AbortReceiveCpltCallback
                0x08013cf4       0x14 ./Drivers/STM32F4xx_HAL_Driver/Src/stm32f4xx_hal_uart.o
                0x08013cf4                HAL_UART_AbortReceiveCpltCallback
 .text.HAL_UARTEx_RxEventCallback
                0x08013d08       0x18 ./Drivers/STM32F4xx_HAL_Driver/Src/stm32f4xx_hal_uart.o
                0x08013d08                HAL_UARTEx_RxEventCallback
 .text.UART_Start_Receive_IT
                0x08013d20       0x74 ./Drivers/STM32F4xx_HAL_Driver/Src/stm32f4xx_hal_uart.o
                0x08013d20                UART_Start_Receive_IT
 .text.UART_EndRxTransfer
                0x08013d94       0xc6 ./Drivers/STM32F4xx_HAL_Driver/Src/stm32f4xx_hal_uart.o
 .text.UART_DMAAbortOnError
                0x08013e5a       0x22 ./Drivers/STM32F4xx_HAL_Driver/Src/stm32f4xx_hal_uart.o
 .text.UART_DMATxAbortCallback
                0x08013e7c       0x60 ./Drivers/STM32F4xx_HAL_Driver/Src/stm32f4xx_hal_uart.o
 .text.UART_DMARxAbortCallback
                0x08013edc       0x60 ./Drivers/STM32F4xx_HAL_Driver/Src/stm32f4xx_hal_uart.o
 .text.UART_DMARxOnlyAbortCallback
                0x08013f3c       0x30 ./Drivers/STM32F4xx_HAL_Driver/Src/stm32f4xx_hal_uart.o
 .text.UART_Transmit_IT
                0x08013f6c       0xa0 ./Drivers/STM32F4xx_HAL_Driver/Src/stm32f4xx_hal_uart.o
 .text.UART_EndTransmit_IT
                0x0801400c       0x30 ./Drivers/STM32F4xx_HAL_Driver/Src/stm32f4xx_hal_uart.o
 .text.UART_Receive_IT
                0x0801403c      0x17c ./Drivers/STM32F4xx_HAL_Driver/Src/stm32f4xx_hal_uart.o
 .text.UART_SetConfig
                0x080141b8      0x4e8 ./Drivers/STM32F4xx_HAL_Driver/Src/stm32f4xx_hal_uart.o
 .text.Probe_Init
                0x080146a0       0x90 ./Modules/Probe/voltage_current_probe.o
                0x080146a0                Probe_Init
 .text.Probe_InitHAL
                0x08014730       0x14 ./Modules/Probe/voltage_current_probe.o
                0x08014730                Probe_InitHAL
 .text.AngleBufferFIFO_Reset
                0x08014744       0x1c ./Modules/Probe/voltage_current_probe.o
 .text.AngleBufferFIFO_Add
                0x08014760       0x8a ./Modules/Probe/voltage_current_probe.o
 .text.Detect_RotationDirection
                0x080147ea       0x5c ./Modules/Probe/voltage_current_probe.o
 .text.Filter_Reset
                0x08014846       0x36 ./Modules/Probe/voltage_current_probe.o
 .text.Filter_Step
                0x0801487c      0x174 ./Modules/Probe/voltage_current_probe.o
 .text.Motor_HandleSample
                0x080149f0       0xcc ./Modules/Probe/voltage_current_probe.o
 .text.StepCounter_Update
                0x08014abc       0xcc ./Modules/Probe/voltage_current_probe.o
 .text.Motor_StallVoltageCheck
                0x08014b88      0x288 ./Modules/Probe/voltage_current_probe.o
 .text.Motor_StepDetectionAndUpdate
                0x08014e10       0xb8 ./Modules/Probe/voltage_current_probe.o
 .text.Probe_WriteToSharedMemory
                0x08014ec8       0x34 ./Modules/Probe/voltage_current_probe.o
                0x08014ec8                Probe_WriteToSharedMemory
 .text.StartAdcMeasurement
                0x08014efc       0x40 ./Modules/Probe/voltage_current_probe.o
                0x08014efc                StartAdcMeasurement
 .text.DirCurrentDetection
                0x08014f3c       0x88 ./Modules/Probe/voltage_current_probe.o
                0x08014f3c                DirCurrentDetection
 .text.Capture_HandleSample
                0x08014fc4      0x238 ./Modules/Probe/voltage_current_probe.o
 .text.HAL_ADC_ConvCpltCallback
                0x080151fc       0x34 ./Modules/Probe/voltage_current_probe.o
                0x080151fc                HAL_ADC_ConvCpltCallback
 .text.HAL_GPIO_EXTI_Callback
                0x08015230       0x28 ./Modules/Probe/voltage_current_probe.o
                0x08015230                HAL_GPIO_EXTI_Callback
 .text.Switch_Init
                0x08015258       0x5c ./Modules/Switch/switch.o
                0x08015258                Switch_Init
 .text.Switch_GetAll
                0x080152b4       0xd0 ./Modules/Switch/switch.o
                0x080152b4                Switch_GetAll
 .text.memcmp   0x08015384       0x20 C:/ST/STM32CubeIDE_1.16.0/STM32CubeIDE/plugins/com.st.stm32cube.ide.mcu.externaltools.gnu-tools-for-stm32.12.3.rel1.win32_1.0.200.202406191623/tools/bin/../lib/gcc/arm-none-eabi/12.3.1/../../../../arm-none-eabi/lib/thumb/v7e-m+fp/hard\libc_nano.a(libc_a-memcmp.o)
                0x08015384                memcmp
 .text.memset   0x080153a4       0x10 C:/ST/STM32CubeIDE_1.16.0/STM32CubeIDE/plugins/com.st.stm32cube.ide.mcu.externaltools.gnu-tools-for-stm32.12.3.rel1.win32_1.0.200.202406191623/tools/bin/../lib/gcc/arm-none-eabi/12.3.1/../../../../arm-none-eabi/lib/thumb/v7e-m+fp/hard\libc_nano.a(libc_a-memset.o)
                0x080153a4                memset
 .text.__libc_init_array
                0x080153b4       0x48 C:/ST/STM32CubeIDE_1.16.0/STM32CubeIDE/plugins/com.st.stm32cube.ide.mcu.externaltools.gnu-tools-for-stm32.12.3.rel1.win32_1.0.200.202406191623/tools/bin/../lib/gcc/arm-none-eabi/12.3.1/../../../../arm-none-eabi/lib/thumb/v7e-m+fp/hard\libc_nano.a(libc_a-init.o)
                0x080153b4                __libc_init_array
 .text.memcpy   0x080153fc       0x1c C:/ST/STM32CubeIDE_1.16.0/STM32CubeIDE/plugins/com.st.stm32cube.ide.mcu.externaltools.gnu-tools-for-stm32.12.3.rel1.win32_1.0.200.202406191623/tools/bin/../lib/gcc/arm-none-eabi/12.3.1/../../../../arm-none-eabi/lib/thumb/v7e-m+fp/hard\libc_nano.a(libc_a-memcpy-stub.o)
                0x080153fc                memcpy
 .text.atan2f   0x08015418        0x4 C:/ST/STM32CubeIDE_1.16.0/STM32CubeIDE/plugins/com.st.stm32cube.ide.mcu.externaltools.gnu-tools-for-stm32.12.3.rel1.win32_1.0.200.202406191623/tools/bin/../lib/gcc/arm-none-eabi/12.3.1/../../../../arm-none-eabi/lib/thumb/v7e-m+fp/hard\libm.a(libm_a-wf_atan2.o)
                0x08015418                atan2f
 .text.__ieee754_atan2f
                0x0801541c      0x140 C:/ST/STM32CubeIDE_1.16.0/STM32CubeIDE/plugins/com.st.stm32cube.ide.mcu.externaltools.gnu-tools-for-stm32.12.3.rel1.win32_1.0.200.202406191623/tools/bin/../lib/gcc/arm-none-eabi/12.3.1/../../../../arm-none-eabi/lib/thumb/v7e-m+fp/hard\libm.a(libm_a-ef_atan2.o)
                0x0801541c                __ieee754_atan2f
 .text.atanf    0x0801555c      0x1a8 C:/ST/STM32CubeIDE_1.16.0/STM32CubeIDE/plugins/com.st.stm32cube.ide.mcu.externaltools.gnu-tools-for-stm32.12.3.rel1.win32_1.0.200.202406191623/tools/bin/../lib/gcc/arm-none-eabi/12.3.1/../../../../arm-none-eabi/lib/thumb/v7e-m+fp/hard\libm.a(libm_a-sf_atan.o)
                0x0801555c                atanf
 .text.fabsf    0x08015704        0xe C:/ST/STM32CubeIDE_1.16.0/STM32CubeIDE/plugins/com.st.stm32cube.ide.mcu.externaltools.gnu-tools-for-stm32.12.3.rel1.win32_1.0.200.202406191623/tools/bin/../lib/gcc/arm-none-eabi/12.3.1/../../../../arm-none-eabi/lib/thumb/v7e-m+fp/hard\libm.a(libm_a-sf_fabs.o)
                0x08015704                fabsf
 *(.glue_7)
 .glue_7        0x08015712        0x0 linker stubs
 *(.glue_7t)
 .glue_7t       0x08015712        0x0 linker stubs
 *(.eh_frame)
 *fill*         0x08015712        0x2 
 .eh_frame      0x08015714        0x0 C:/ST/STM32CubeIDE_1.16.0/STM32CubeIDE/plugins/com.st.stm32cube.ide.mcu.externaltools.gnu-tools-for-stm32.12.3.rel1.win32_1.0.200.202406191623/tools/bin/../lib/gcc/arm-none-eabi/12.3.1/thumb/v7e-m+fp/hard/crtbegin.o
 *(.init)
 .init          0x08015714        0x4 C:/ST/STM32CubeIDE_1.16.0/STM32CubeIDE/plugins/com.st.stm32cube.ide.mcu.externaltools.gnu-tools-for-stm32.12.3.rel1.win32_1.0.200.202406191623/tools/bin/../lib/gcc/arm-none-eabi/12.3.1/thumb/v7e-m+fp/hard/crti.o
                0x08015714                _init
 .init          0x08015718        0x8 C:/ST/STM32CubeIDE_1.16.0/STM32CubeIDE/plugins/com.st.stm32cube.ide.mcu.externaltools.gnu-tools-for-stm32.12.3.rel1.win32_1.0.200.202406191623/tools/bin/../lib/gcc/arm-none-eabi/12.3.1/thumb/v7e-m+fp/hard/crtn.o
 *(.fini)
 .fini          0x08015720        0x4 C:/ST/STM32CubeIDE_1.16.0/STM32CubeIDE/plugins/com.st.stm32cube.ide.mcu.externaltools.gnu-tools-for-stm32.12.3.rel1.win32_1.0.200.202406191623/tools/bin/../lib/gcc/arm-none-eabi/12.3.1/thumb/v7e-m+fp/hard/crti.o
                0x08015720                _fini
 .fini          0x08015724        0x8 C:/ST/STM32CubeIDE_1.16.0/STM32CubeIDE/plugins/com.st.stm32cube.ide.mcu.externaltools.gnu-tools-for-stm32.12.3.rel1.win32_1.0.200.202406191623/tools/bin/../lib/gcc/arm-none-eabi/12.3.1/thumb/v7e-m+fp/hard/crtn.o
                0x0801572c                        . = ALIGN (0x4)
                0x0801572c                        _etext = .

.vfp11_veneer   0x0801572c        0x0
 .vfp11_veneer  0x0801572c        0x0 linker stubs

.v4_bx          0x0801572c        0x0
 .v4_bx         0x0801572c        0x0 linker stubs

.iplt           0x0801572c        0x0
 .iplt          0x0801572c        0x0 C:/ST/STM32CubeIDE_1.16.0/STM32CubeIDE/plugins/com.st.stm32cube.ide.mcu.externaltools.gnu-tools-for-stm32.12.3.rel1.win32_1.0.200.202406191623/tools/bin/../lib/gcc/arm-none-eabi/12.3.1/thumb/v7e-m+fp/hard/crtbegin.o

.rodata         0x0801572c      0x264
                0x0801572c                        . = ALIGN (0x4)
 *(.rodata)
 *(.rodata*)
 .rodata.CONF_LENGTH
                0x0801572c       0x40 ./Core/Common/configuration.o
                0x0801572c                CONF_LENGTH
 .rodata.FLASH_KEY
                0x0801576c        0x4 ./Core/Common/flash_conf.o
 .rodata.CONF_REG
                0x08015770       0x68 ./Core/Common/reg_map.o
                0x08015770                CONF_REG
 .rodata.CONF_REG_FLASH
                0x080157d8       0x14 ./Core/Common/reg_map.o
                0x080157d8                CONF_REG_FLASH
 .rodata.tableCrcLo
                0x080157ec      0x100 ./Core/Serial/modbus_slave.o
 .rodata.tableSpeed
                0x080158ec       0x14 ./Core/Serial/modbus_slave.o
 .rodata.tableParity
                0x08015900        0xc ./Core/Serial/modbus_slave.o
 .rodata.tableLength
                0x0801590c        0xc ./Core/Serial/modbus_slave.o
 .rodata.tableStopBits
                0x08015918        0x8 ./Core/Serial/modbus_slave.o
 .rodata.AHBPrescTable
                0x08015920       0x10 ./Core/Src/system_stm32f4xx.o
                0x08015920                AHBPrescTable
 .rodata.APBPrescTable
                0x08015930        0x8 ./Core/Src/system_stm32f4xx.o
                0x08015930                APBPrescTable
 .rodata.flagBitshiftOffset.0
                0x08015938        0x8 ./Drivers/STM32F4xx_HAL_Driver/Src/stm32f4xx_hal_dma.o
 .rodata.step_angles
                0x08015940        0xa ./Modules/Probe/voltage_current_probe.o
 *fill*         0x0801594a        0x2 
 .rodata.Switch_Pin
                0x0801594c        0xa ./Modules/Switch/switch.o
 *fill*         0x08015956        0x2 
 .rodata.CSWTCH.9
                0x08015958        0xc C:/ST/STM32CubeIDE_1.16.0/STM32CubeIDE/plugins/com.st.stm32cube.ide.mcu.externaltools.gnu-tools-for-stm32.12.3.rel1.win32_1.0.200.202406191623/tools/bin/../lib/gcc/arm-none-eabi/12.3.1/../../../../arm-none-eabi/lib/thumb/v7e-m+fp/hard\libm.a(libm_a-ef_atan2.o)
 .rodata.CSWTCH.8
                0x08015964        0xc C:/ST/STM32CubeIDE_1.16.0/STM32CubeIDE/plugins/com.st.stm32cube.ide.mcu.externaltools.gnu-tools-for-stm32.12.3.rel1.win32_1.0.200.202406191623/tools/bin/../lib/gcc/arm-none-eabi/12.3.1/../../../../arm-none-eabi/lib/thumb/v7e-m+fp/hard\libm.a(libm_a-ef_atan2.o)
 .rodata.atanlo
                0x08015970       0x10 C:/ST/STM32CubeIDE_1.16.0/STM32CubeIDE/plugins/com.st.stm32cube.ide.mcu.externaltools.gnu-tools-for-stm32.12.3.rel1.win32_1.0.200.202406191623/tools/bin/../lib/gcc/arm-none-eabi/12.3.1/../../../../arm-none-eabi/lib/thumb/v7e-m+fp/hard\libm.a(libm_a-sf_atan.o)
 .rodata.atanhi
                0x08015980       0x10 C:/ST/STM32CubeIDE_1.16.0/STM32CubeIDE/plugins/com.st.stm32cube.ide.mcu.externaltools.gnu-tools-for-stm32.12.3.rel1.win32_1.0.200.202406191623/tools/bin/../lib/gcc/arm-none-eabi/12.3.1/../../../../arm-none-eabi/lib/thumb/v7e-m+fp/hard\libm.a(libm_a-sf_atan.o)
                0x08015990                        . = ALIGN (0x4)

.ARM.extab      0x08015990        0x0
                0x08015990                        . = ALIGN (0x4)
 *(.ARM.extab* .gnu.linkonce.armextab.*)
                0x08015990                        . = ALIGN (0x4)

.ARM            0x08015990        0x8
                0x08015990                        . = ALIGN (0x4)
                0x08015990                        __exidx_start = .
 *(.ARM.exidx*)
 .ARM.exidx     0x08015990        0x8 C:/ST/STM32CubeIDE_1.16.0/STM32CubeIDE/plugins/com.st.stm32cube.ide.mcu.externaltools.gnu-tools-for-stm32.12.3.rel1.win32_1.0.200.202406191623/tools/bin/../lib/gcc/arm-none-eabi/12.3.1/thumb/v7e-m+fp/hard\libgcc.a(_udivmoddi4.o)
                0x08015998                        __exidx_end = .
                0x08015998                        . = ALIGN (0x4)

.preinit_array  0x08015998        0x0
                0x08015998                        . = ALIGN (0x4)
                0x08015998                        PROVIDE (__preinit_array_start = .)
 *(.preinit_array*)
                0x08015998                        PROVIDE (__preinit_array_end = .)
                0x08015998                        . = ALIGN (0x4)

.init_array     0x08015998        0x4
                0x08015998                        . = ALIGN (0x4)
                0x08015998                        PROVIDE (__init_array_start = .)
 *(SORT_BY_NAME(.init_array.*))
 *(.init_array*)
 .init_array    0x08015998        0x4 C:/ST/STM32CubeIDE_1.16.0/STM32CubeIDE/plugins/com.st.stm32cube.ide.mcu.externaltools.gnu-tools-for-stm32.12.3.rel1.win32_1.0.200.202406191623/tools/bin/../lib/gcc/arm-none-eabi/12.3.1/thumb/v7e-m+fp/hard/crtbegin.o
                0x0801599c                        PROVIDE (__init_array_end = .)
                0x0801599c                        . = ALIGN (0x4)

.fini_array     0x0801599c        0x4
                0x0801599c                        . = ALIGN (0x4)
                [!provide]                        PROVIDE (__fini_array_start = .)
 *(SORT_BY_NAME(.fini_array.*))
 *(.fini_array*)
 .fini_array    0x0801599c        0x4 C:/ST/STM32CubeIDE_1.16.0/STM32CubeIDE/plugins/com.st.stm32cube.ide.mcu.externaltools.gnu-tools-for-stm32.12.3.rel1.win32_1.0.200.202406191623/tools/bin/../lib/gcc/arm-none-eabi/12.3.1/thumb/v7e-m+fp/hard/crtbegin.o
                [!provide]                        PROVIDE (__fini_array_end = .)
                0x080159a0                        . = ALIGN (0x4)
                0x080159a0                        _sidata = LOADADDR (.data)

.rel.dyn        0x080159a0        0x0
 .rel.iplt      0x080159a0        0x0 C:/ST/STM32CubeIDE_1.16.0/STM32CubeIDE/plugins/com.st.stm32cube.ide.mcu.externaltools.gnu-tools-for-stm32.12.3.rel1.win32_1.0.200.202406191623/tools/bin/../lib/gcc/arm-none-eabi/12.3.1/thumb/v7e-m+fp/hard/crtbegin.o

.data           0x200000c0       0x20 load address 0x080159a0
                0x200000c0                        . = ALIGN (0x4)
                0x200000c0                        _sdata = .
 *(.data)
 *(.data*)
 .data.SystemCoreClock
                0x200000c0        0x4 ./Core/Src/system_stm32f4xx.o
                0x200000c0                SystemCoreClock
 .data.uwTickPrio
                0x200000c4        0x4 ./Drivers/STM32F4xx_HAL_Driver/Src/stm32f4xx_hal.o
                0x200000c4                uwTickPrio
 .data.uwTickFreq
                0x200000c8        0x1 ./Drivers/STM32F4xx_HAL_Driver/Src/stm32f4xx_hal.o
                0x200000c8                uwTickFreq
 .data.adc_ready
                0x200000c9        0x1 ./Modules/Probe/voltage_current_probe.o
                0x200000c9                adc_ready
 *fill*         0x200000ca        0x2 
 .data.Switch_Port
                0x200000cc       0x14 ./Modules/Switch/switch.o
 *(.RamFunc)
 *(.RamFunc*)
                0x200000e0                        . = ALIGN (0x4)
                0x200000e0                        _edata = .

.igot.plt       0x200000e0        0x0 load address 0x080159c0
 .igot.plt      0x200000e0        0x0 C:/ST/STM32CubeIDE_1.16.0/STM32CubeIDE/plugins/com.st.stm32cube.ide.mcu.externaltools.gnu-tools-for-stm32.12.3.rel1.win32_1.0.200.202406191623/tools/bin/../lib/gcc/arm-none-eabi/12.3.1/thumb/v7e-m+fp/hard/crtbegin.o
                0x200000e0                        . = ALIGN (0x4)

.bss            0x200000e0     0x4064 load address 0x080159c0
                0x200000e0                        _sbss = .
                0x200000e0                        __bss_start__ = _sbss
 *(.bss)
 .bss           0x200000e0       0x1c C:/ST/STM32CubeIDE_1.16.0/STM32CubeIDE/plugins/com.st.stm32cube.ide.mcu.externaltools.gnu-tools-for-stm32.12.3.rel1.win32_1.0.200.202406191623/tools/bin/../lib/gcc/arm-none-eabi/12.3.1/thumb/v7e-m+fp/hard/crtbegin.o
 *(.bss*)
 .bss.cntrl     0x200000fc        0xc ./Core/Common/control.o
 .bss.flashApp  0x20000108        0x8 ./Core/Common/flash_app.o
 .bss.flCo      0x20000110      0x43c ./Core/Common/flash_conf.o
 .bss.conf      0x2000054c       0xa4 ./Core/Common/reg_map.o
                0x2000054c                conf
 .bss.hcrc      0x200005f0        0x8 ./Core/Common/system_msp.o
 .bss.hiwdg     0x200005f8        0xc ./Core/Common/system_msp.o
 .bss.mbu       0x20000604       0x53 ./Core/Serial/mb_upgrade.o
 *fill*         0x20000657        0x1 
 .bss.mod       0x20000658       0x98 ./Core/Serial/modbus_slave.o
 .bss.inFrame   0x200006f0      0x102 ./Core/Serial/modbus_slave.o
 .bss.outFram   0x200007f2        0x1 ./Core/Serial/modbus_slave.o
 *fill*         0x200007f3        0x1 
 .bss.outFrame  0x200007f4      0x102 ./Core/Serial/modbus_slave.o
 *fill*         0x200008f6        0x2 
 .bss.hadc1     0x200008f8       0x48 ./Core/Src/main.o
                0x200008f8                hadc1
 .bss.hdma_adc1
                0x20000940       0x60 ./Core/Src/main.o
                0x20000940                hdma_adc1
 .bss.hcrc      0x200009a0        0x8 ./Core/Src/main.o
                0x200009a0                hcrc
 .bss.hi2c1     0x200009a8       0x54 ./Core/Src/main.o
                0x200009a8                hi2c1
 .bss.hiwdg     0x200009fc        0xc ./Core/Src/main.o
                0x200009fc                hiwdg
 .bss.hspi2     0x20000a08       0x58 ./Core/Src/main.o
                0x20000a08                hspi2
 .bss.htim2     0x20000a60       0x48 ./Core/Src/main.o
                0x20000a60                htim2
 .bss.huart5    0x20000aa8       0x48 ./Core/Src/main.o
                0x20000aa8                huart5
 .bss.max_low   0x20000af0        0x4 ./Core/Src/main.o
                0x20000af0                max_low
 .bss.max_med   0x20000af4        0x4 ./Core/Src/main.o
                0x20000af4                max_med
 .bss.uwTick    0x20000af8        0x4 ./Drivers/STM32F4xx_HAL_Driver/Src/stm32f4xx_hal.o
                0x20000af8                uwTick
 .bss.pFlash    0x20000afc       0x20 ./Drivers/STM32F4xx_HAL_Driver/Src/stm32f4xx_hal_flash.o
                0x20000afc                pFlash
 .bss.capture_state
                0x20000b1c        0x1 ./Modules/Probe/voltage_current_probe.o
 *fill*         0x20000b1d        0x3 
 .bss.capture_count
                0x20000b20        0x4 ./Modules/Probe/voltage_current_probe.o
 .bss.capture_buffer
                0x20000b24      0x7d0 ./Modules/Probe/voltage_current_probe.o
 .bss.capture_buffer_ch2
                0x200012f4      0x7d0 ./Modules/Probe/voltage_current_probe.o
 .bss.Ucapture_buffer
                0x20001ac4      0x7d0 ./Modules/Probe/voltage_current_probe.o
 .bss.Ucapture_buffer_ch2
                0x20002294      0x7d0 ./Modules/Probe/voltage_current_probe.o
 .bss.capture_buffer_angle
                0x20002a64      0x7d0 ./Modules/Probe/voltage_current_probe.o
 .bss.capture_buffer_steps
                0x20003234      0x7d0 ./Modules/Probe/voltage_current_probe.o
 .bss.capture_ready
                0x20003a04        0x1 ./Modules/Probe/voltage_current_probe.o
 *fill*         0x20003a05        0x3 
 .bss.motorA    0x20003a08       0x54 ./Modules/Probe/voltage_current_probe.o
 .bss.motorB    0x20003a5c       0x54 ./Modules/Probe/voltage_current_probe.o
 .bss.voltageBuf
                0x20003ab0      0x16e ./Modules/Probe/voltage_current_probe.o
 *fill*         0x20003c1e        0x2 
 .bss.angle_buffer
                0x20003c20       0x2a ./Modules/Probe/voltage_current_probe.o
 *fill*         0x20003c4a        0x2 
 .bss.stall     0x20003c4c        0x4 ./Modules/Probe/voltage_current_probe.o
                0x20003c4c                stall
 .bss.pocty     0x20003c50        0x4 ./Modules/Probe/voltage_current_probe.o
                0x20003c50                pocty
 .bss.step_state
                0x20003c54        0x1 ./Modules/Probe/voltage_current_probe.o
 *fill*         0x20003c55        0x3 
 .bss.adc_values
                0x20003c58        0x8 ./Modules/Probe/voltage_current_probe.o
                0x20003c58                adc_values
 .bss.adc_ready_counter
                0x20003c60        0x2 ./Modules/Probe/voltage_current_probe.o
                0x20003c60                adc_ready_counter
 .bss.sample_divider
                0x20003c62        0x2 ./Modules/Probe/voltage_current_probe.o
 .bss.kroky     0x20003c64        0x2 ./Modules/Probe/voltage_current_probe.o
                0x20003c64                kroky
 .bss.sampleCount.6
                0x20003c66        0x2 ./Modules/Probe/voltage_current_probe.o
 .bss.writeIndex.5
                0x20003c68        0x2 ./Modules/Probe/voltage_current_probe.o
 *fill*         0x20003c6a        0x2 
 .bss.lowVoltageBuf.4
                0x20003c6c      0x4b0 ./Modules/Probe/voltage_current_probe.o
 *fill*         0x2000411c        0x4 
 .bss.runningSum.3
                0x20004120        0x8 ./Modules/Probe/voltage_current_probe.o
 .bss.counter.2
                0x20004128        0x2 ./Modules/Probe/voltage_current_probe.o
 .bss.lastValueA.1
                0x2000412a        0x2 ./Modules/Probe/voltage_current_probe.o
 .bss.lastValueB.0
                0x2000412c        0x2 ./Modules/Probe/voltage_current_probe.o
 *fill*         0x2000412e        0x2 
 .bss.sw        0x20004130       0x14 ./Modules/Switch/switch.o
 *(COMMON)
                0x20004144                        . = ALIGN (0x4)
                0x20004144                        _ebss = .
                0x20004144                        __bss_end__ = _ebss

._user_heap_stack
                0x20004144      0x604 load address 0x080159c0
                0x20004148                        . = ALIGN (0x8)
 *fill*         0x20004144        0x4 
                [!provide]                        PROVIDE (end = .)
                0x20004148                        PROVIDE (_end = .)
                0x20004348                        . = (. + _Min_Heap_Size)
 *fill*         0x20004148      0x200 
                0x20004748                        . = (. + _Min_Stack_Size)
 *fill*         0x20004348      0x400 
                0x20004748                        . = ALIGN (0x8)

/DISCARD/
 libc.a(*)
 libm.a(*)
 libgcc.a(*)

.ARM.attributes
                0x00000000       0x30
 *(.ARM.attributes)
 .ARM.attributes
                0x00000000       0x22 C:/ST/STM32CubeIDE_1.16.0/STM32CubeIDE/plugins/com.st.stm32cube.ide.mcu.externaltools.gnu-tools-for-stm32.12.3.rel1.win32_1.0.200.202406191623/tools/bin/../lib/gcc/arm-none-eabi/12.3.1/thumb/v7e-m+fp/hard/crti.o
 .ARM.attributes
                0x00000022       0x34 C:/ST/STM32CubeIDE_1.16.0/STM32CubeIDE/plugins/com.st.stm32cube.ide.mcu.externaltools.gnu-tools-for-stm32.12.3.rel1.win32_1.0.200.202406191623/tools/bin/../lib/gcc/arm-none-eabi/12.3.1/thumb/v7e-m+fp/hard/crtbegin.o
 .ARM.attributes
                0x00000056       0x34 ./Core/Common/config_app.o
 .ARM.attributes
                0x0000008a       0x34 ./Core/Common/configuration.o
 .ARM.attributes
                0x000000be       0x34 ./Core/Common/control.o
 .ARM.attributes
                0x000000f2       0x34 ./Core/Common/flash_app.o
 .ARM.attributes
                0x00000126       0x34 ./Core/Common/flash_conf.o
 .ARM.attributes
                0x0000015a       0x34 ./Core/Common/reg_map.o
 .ARM.attributes
                0x0000018e       0x34 ./Core/Common/system_msp.o
 .ARM.attributes
                0x000001c2       0x34 ./Core/Serial/mb_rtu_app.o
 .ARM.attributes
                0x000001f6       0x34 ./Core/Serial/mb_upgrade.o
 .ARM.attributes
                0x0000022a       0x34 ./Core/Serial/modbus_slave.o
 .ARM.attributes
                0x0000025e       0x34 ./Core/Src/main.o
 .ARM.attributes
                0x00000292       0x34 ./Core/Src/stm32f4xx_hal_msp.o
 .ARM.attributes
                0x000002c6       0x34 ./Core/Src/stm32f4xx_it.o
 .ARM.attributes
                0x000002fa       0x34 ./Core/Src/system_stm32f4xx.o
 .ARM.attributes
                0x0000032e       0x21 ./Core/Startup/startup_stm32f446retx.o
 .ARM.attributes
                0x0000034f       0x34 ./Drivers/STM32F4xx_HAL_Driver/Src/stm32f4xx_hal.o
 .ARM.attributes
                0x00000383       0x34 ./Drivers/STM32F4xx_HAL_Driver/Src/stm32f4xx_hal_adc.o
 .ARM.attributes
                0x000003b7       0x34 ./Drivers/STM32F4xx_HAL_Driver/Src/stm32f4xx_hal_cortex.o
 .ARM.attributes
                0x000003eb       0x34 ./Drivers/STM32F4xx_HAL_Driver/Src/stm32f4xx_hal_crc.o
 .ARM.attributes
                0x0000041f       0x34 ./Drivers/STM32F4xx_HAL_Driver/Src/stm32f4xx_hal_dma.o
 .ARM.attributes
                0x00000453       0x34 ./Drivers/STM32F4xx_HAL_Driver/Src/stm32f4xx_hal_flash.o
 .ARM.attributes
                0x00000487       0x34 ./Drivers/STM32F4xx_HAL_Driver/Src/stm32f4xx_hal_flash_ex.o
 .ARM.attributes
                0x000004bb       0x34 ./Drivers/STM32F4xx_HAL_Driver/Src/stm32f4xx_hal_gpio.o
 .ARM.attributes
                0x000004ef       0x34 ./Drivers/STM32F4xx_HAL_Driver/Src/stm32f4xx_hal_i2c.o
 .ARM.attributes
                0x00000523       0x34 ./Drivers/STM32F4xx_HAL_Driver/Src/stm32f4xx_hal_iwdg.o
 .ARM.attributes
                0x00000557       0x34 ./Drivers/STM32F4xx_HAL_Driver/Src/stm32f4xx_hal_pwr_ex.o
 .ARM.attributes
                0x0000058b       0x34 ./Drivers/STM32F4xx_HAL_Driver/Src/stm32f4xx_hal_rcc.o
 .ARM.attributes
                0x000005bf       0x34 ./Drivers/STM32F4xx_HAL_Driver/Src/stm32f4xx_hal_rcc_ex.o
 .ARM.attributes
                0x000005f3       0x34 ./Drivers/STM32F4xx_HAL_Driver/Src/stm32f4xx_hal_spi.o
 .ARM.attributes
                0x00000627       0x34 ./Drivers/STM32F4xx_HAL_Driver/Src/stm32f4xx_hal_tim.o
 .ARM.attributes
                0x0000065b       0x34 ./Drivers/STM32F4xx_HAL_Driver/Src/stm32f4xx_hal_tim_ex.o
 .ARM.attributes
                0x0000068f       0x34 ./Drivers/STM32F4xx_HAL_Driver/Src/stm32f4xx_hal_uart.o
 .ARM.attributes
                0x000006c3       0x34 ./Modules/Probe/voltage_current_probe.o
 .ARM.attributes
                0x000006f7       0x34 ./Modules/Switch/switch.o
 .ARM.attributes
                0x0000072b       0x34 C:/ST/STM32CubeIDE_1.16.0/STM32CubeIDE/plugins/com.st.stm32cube.ide.mcu.externaltools.gnu-tools-for-stm32.12.3.rel1.win32_1.0.200.202406191623/tools/bin/../lib/gcc/arm-none-eabi/12.3.1/../../../../arm-none-eabi/lib/thumb/v7e-m+fp/hard\libc_nano.a(libc_a-memcmp.o)
 .ARM.attributes
                0x0000075f       0x34 C:/ST/STM32CubeIDE_1.16.0/STM32CubeIDE/plugins/com.st.stm32cube.ide.mcu.externaltools.gnu-tools-for-stm32.12.3.rel1.win32_1.0.200.202406191623/tools/bin/../lib/gcc/arm-none-eabi/12.3.1/../../../../arm-none-eabi/lib/thumb/v7e-m+fp/hard\libc_nano.a(libc_a-memset.o)
 .ARM.attributes
                0x00000793       0x34 C:/ST/STM32CubeIDE_1.16.0/STM32CubeIDE/plugins/com.st.stm32cube.ide.mcu.externaltools.gnu-tools-for-stm32.12.3.rel1.win32_1.0.200.202406191623/tools/bin/../lib/gcc/arm-none-eabi/12.3.1/../../../../arm-none-eabi/lib/thumb/v7e-m+fp/hard\libc_nano.a(libc_a-init.o)
 .ARM.attributes
                0x000007c7       0x34 C:/ST/STM32CubeIDE_1.16.0/STM32CubeIDE/plugins/com.st.stm32cube.ide.mcu.externaltools.gnu-tools-for-stm32.12.3.rel1.win32_1.0.200.202406191623/tools/bin/../lib/gcc/arm-none-eabi/12.3.1/../../../../arm-none-eabi/lib/thumb/v7e-m+fp/hard\libc_nano.a(libc_a-memcpy-stub.o)
 .ARM.attributes
                0x000007fb       0x34 C:/ST/STM32CubeIDE_1.16.0/STM32CubeIDE/plugins/com.st.stm32cube.ide.mcu.externaltools.gnu-tools-for-stm32.12.3.rel1.win32_1.0.200.202406191623/tools/bin/../lib/gcc/arm-none-eabi/12.3.1/../../../../arm-none-eabi/lib/thumb/v7e-m+fp/hard\libm.a(libm_a-wf_atan2.o)
 .ARM.attributes
                0x0000082f       0x34 C:/ST/STM32CubeIDE_1.16.0/STM32CubeIDE/plugins/com.st.stm32cube.ide.mcu.externaltools.gnu-tools-for-stm32.12.3.rel1.win32_1.0.200.202406191623/tools/bin/../lib/gcc/arm-none-eabi/12.3.1/../../../../arm-none-eabi/lib/thumb/v7e-m+fp/hard\libm.a(libm_a-ef_atan2.o)
 .ARM.attributes
                0x00000863       0x34 C:/ST/STM32CubeIDE_1.16.0/STM32CubeIDE/plugins/com.st.stm32cube.ide.mcu.externaltools.gnu-tools-for-stm32.12.3.rel1.win32_1.0.200.202406191623/tools/bin/../lib/gcc/arm-none-eabi/12.3.1/../../../../arm-none-eabi/lib/thumb/v7e-m+fp/hard\libm.a(libm_a-sf_atan.o)
 .ARM.attributes
                0x00000897       0x34 C:/ST/STM32CubeIDE_1.16.0/STM32CubeIDE/plugins/com.st.stm32cube.ide.mcu.externaltools.gnu-tools-for-stm32.12.3.rel1.win32_1.0.200.202406191623/tools/bin/../lib/gcc/arm-none-eabi/12.3.1/../../../../arm-none-eabi/lib/thumb/v7e-m+fp/hard\libm.a(libm_a-sf_fabs.o)
 .ARM.attributes
                0x000008cb       0x22 C:/ST/STM32CubeIDE_1.16.0/STM32CubeIDE/plugins/com.st.stm32cube.ide.mcu.externaltools.gnu-tools-for-stm32.12.3.rel1.win32_1.0.200.202406191623/tools/bin/../lib/gcc/arm-none-eabi/12.3.1/thumb/v7e-m+fp/hard\libgcc.a(_arm_muldf3.o)
 .ARM.attributes
                0x000008ed       0x22 C:/ST/STM32CubeIDE_1.16.0/STM32CubeIDE/plugins/com.st.stm32cube.ide.mcu.externaltools.gnu-tools-for-stm32.12.3.rel1.win32_1.0.200.202406191623/tools/bin/../lib/gcc/arm-none-eabi/12.3.1/thumb/v7e-m+fp/hard\libgcc.a(_arm_addsubdf3.o)
 .ARM.attributes
                0x0000090f       0x22 C:/ST/STM32CubeIDE_1.16.0/STM32CubeIDE/plugins/com.st.stm32cube.ide.mcu.externaltools.gnu-tools-for-stm32.12.3.rel1.win32_1.0.200.202406191623/tools/bin/../lib/gcc/arm-none-eabi/12.3.1/thumb/v7e-m+fp/hard\libgcc.a(_arm_fixdfsi.o)
 .ARM.attributes
                0x00000931       0x22 C:/ST/STM32CubeIDE_1.16.0/STM32CubeIDE/plugins/com.st.stm32cube.ide.mcu.externaltools.gnu-tools-for-stm32.12.3.rel1.win32_1.0.200.202406191623/tools/bin/../lib/gcc/arm-none-eabi/12.3.1/thumb/v7e-m+fp/hard\libgcc.a(_aeabi_ldivmod.o)
 .ARM.attributes
                0x00000953       0x22 C:/ST/STM32CubeIDE_1.16.0/STM32CubeIDE/plugins/com.st.stm32cube.ide.mcu.externaltools.gnu-tools-for-stm32.12.3.rel1.win32_1.0.200.202406191623/tools/bin/../lib/gcc/arm-none-eabi/12.3.1/thumb/v7e-m+fp/hard\libgcc.a(_aeabi_uldivmod.o)
 .ARM.attributes
                0x00000975       0x34 C:/ST/STM32CubeIDE_1.16.0/STM32CubeIDE/plugins/com.st.stm32cube.ide.mcu.externaltools.gnu-tools-for-stm32.12.3.rel1.win32_1.0.200.202406191623/tools/bin/../lib/gcc/arm-none-eabi/12.3.1/thumb/v7e-m+fp/hard\libgcc.a(_udivmoddi4.o)
 .ARM.attributes
                0x000009a9       0x22 C:/ST/STM32CubeIDE_1.16.0/STM32CubeIDE/plugins/com.st.stm32cube.ide.mcu.externaltools.gnu-tools-for-stm32.12.3.rel1.win32_1.0.200.202406191623/tools/bin/../lib/gcc/arm-none-eabi/12.3.1/thumb/v7e-m+fp/hard\libgcc.a(_dvmd_tls.o)
 .ARM.attributes
                0x000009cb       0x22 C:/ST/STM32CubeIDE_1.16.0/STM32CubeIDE/plugins/com.st.stm32cube.ide.mcu.externaltools.gnu-tools-for-stm32.12.3.rel1.win32_1.0.200.202406191623/tools/bin/../lib/gcc/arm-none-eabi/12.3.1/thumb/v7e-m+fp/hard/crtn.o
OUTPUT(stepperMeasurement.elf elf32-littlearm)
LOAD linker stubs
LOAD C:/ST/STM32CubeIDE_1.16.0/STM32CubeIDE/plugins/com.st.stm32cube.ide.mcu.externaltools.gnu-tools-for-stm32.12.3.rel1.win32_1.0.200.202406191623/tools/bin/../lib/gcc/arm-none-eabi/12.3.1/../../../../arm-none-eabi/lib/thumb/v7e-m+fp/hard\libc.a
LOAD C:/ST/STM32CubeIDE_1.16.0/STM32CubeIDE/plugins/com.st.stm32cube.ide.mcu.externaltools.gnu-tools-for-stm32.12.3.rel1.win32_1.0.200.202406191623/tools/bin/../lib/gcc/arm-none-eabi/12.3.1/../../../../arm-none-eabi/lib/thumb/v7e-m+fp/hard\libm.a
LOAD C:/ST/STM32CubeIDE_1.16.0/STM32CubeIDE/plugins/com.st.stm32cube.ide.mcu.externaltools.gnu-tools-for-stm32.12.3.rel1.win32_1.0.200.202406191623/tools/bin/../lib/gcc/arm-none-eabi/12.3.1/thumb/v7e-m+fp/hard\libgcc.a

.debug_info     0x00000000    0x1c0da
 .debug_info    0x00000000      0x156 ./Core/Common/config_app.o
 .debug_info    0x00000156      0x3ea ./Core/Common/configuration.o
 .debug_info    0x00000540      0x56a ./Core/Common/control.o
 .debug_info    0x00000aaa      0x5ec ./Core/Common/flash_app.o
 .debug_info    0x00001096      0x898 ./Core/Common/flash_conf.o
 .debug_info    0x0000192e      0x613 ./Core/Common/reg_map.o
 .debug_info    0x00001f41      0xe95 ./Core/Common/system_msp.o
 .debug_info    0x00002dd6      0x607 ./Core/Serial/mb_rtu_app.o
 .debug_info    0x000033dd      0x40e ./Core/Serial/mb_upgrade.o
 .debug_info    0x000037eb     0x1980 ./Core/Serial/modbus_slave.o
 .debug_info    0x0000516b     0x240b ./Core/Src/main.o
 .debug_info    0x00007576     0x1aa9 ./Core/Src/stm32f4xx_hal_msp.o
 .debug_info    0x0000901f      0xabc ./Core/Src/stm32f4xx_it.o
 .debug_info    0x00009adb      0x54a ./Core/Src/system_stm32f4xx.o
 .debug_info    0x0000a025       0x30 ./Core/Startup/startup_stm32f446retx.o
 .debug_info    0x0000a055      0x99a ./Drivers/STM32F4xx_HAL_Driver/Src/stm32f4xx_hal.o
 .debug_info    0x0000a9ef      0xce3 ./Drivers/STM32F4xx_HAL_Driver/Src/stm32f4xx_hal_adc.o
 .debug_info    0x0000b6d2      0xdaa ./Drivers/STM32F4xx_HAL_Driver/Src/stm32f4xx_hal_cortex.o
 .debug_info    0x0000c47c      0x37f ./Drivers/STM32F4xx_HAL_Driver/Src/stm32f4xx_hal_crc.o
 .debug_info    0x0000c7fb      0x8e7 ./Drivers/STM32F4xx_HAL_Driver/Src/stm32f4xx_hal_dma.o
 .debug_info    0x0000d0e2      0x57d ./Drivers/STM32F4xx_HAL_Driver/Src/stm32f4xx_hal_flash.o
 .debug_info    0x0000d65f      0x7db ./Drivers/STM32F4xx_HAL_Driver/Src/stm32f4xx_hal_flash_ex.o
 .debug_info    0x0000de3a      0x70b ./Drivers/STM32F4xx_HAL_Driver/Src/stm32f4xx_hal_gpio.o
 .debug_info    0x0000e545     0x2421 ./Drivers/STM32F4xx_HAL_Driver/Src/stm32f4xx_hal_i2c.o
 .debug_info    0x00010966      0x1d8 ./Drivers/STM32F4xx_HAL_Driver/Src/stm32f4xx_hal_iwdg.o
 .debug_info    0x00010b3e      0x6da ./Drivers/STM32F4xx_HAL_Driver/Src/stm32f4xx_hal_pwr_ex.o
 .debug_info    0x00011218      0x8ff ./Drivers/STM32F4xx_HAL_Driver/Src/stm32f4xx_hal_rcc.o
 .debug_info    0x00011b17      0x960 ./Drivers/STM32F4xx_HAL_Driver/Src/stm32f4xx_hal_rcc_ex.o
 .debug_info    0x00012477     0x1525 ./Drivers/STM32F4xx_HAL_Driver/Src/stm32f4xx_hal_spi.o
 .debug_info    0x0001399c     0x299d ./Drivers/STM32F4xx_HAL_Driver/Src/stm32f4xx_hal_tim.o
 .debug_info    0x00016339     0x14db ./Drivers/STM32F4xx_HAL_Driver/Src/stm32f4xx_hal_tim_ex.o
 .debug_info    0x00017814     0x2f4f ./Drivers/STM32F4xx_HAL_Driver/Src/stm32f4xx_hal_uart.o
 .debug_info    0x0001a763     0x15f8 ./Modules/Probe/voltage_current_probe.o
 .debug_info    0x0001bd5b      0x37f ./Modules/Switch/switch.o

.debug_abbrev   0x00000000     0x4a5a
 .debug_abbrev  0x00000000       0xc7 ./Core/Common/config_app.o
 .debug_abbrev  0x000000c7      0x17b ./Core/Common/configuration.o
 .debug_abbrev  0x00000242      0x199 ./Core/Common/control.o
 .debug_abbrev  0x000003db      0x1cd ./Core/Common/flash_app.o
 .debug_abbrev  0x000005a8      0x255 ./Core/Common/flash_conf.o
 .debug_abbrev  0x000007fd      0x1bb ./Core/Common/reg_map.o
 .debug_abbrev  0x000009b8      0x3a9 ./Core/Common/system_msp.o
 .debug_abbrev  0x00000d61      0x1fb ./Core/Serial/mb_rtu_app.o
 .debug_abbrev  0x00000f5c      0x14a ./Core/Serial/mb_upgrade.o
 .debug_abbrev  0x000010a6      0x3f6 ./Core/Serial/modbus_slave.o
 .debug_abbrev  0x0000149c      0x387 ./Core/Src/main.o
 .debug_abbrev  0x00001823      0x27b ./Core/Src/stm32f4xx_hal_msp.o
 .debug_abbrev  0x00001a9e      0x1d5 ./Core/Src/stm32f4xx_it.o
 .debug_abbrev  0x00001c73      0x11a ./Core/Src/system_stm32f4xx.o
 .debug_abbrev  0x00001d8d       0x24 ./Core/Startup/startup_stm32f446retx.o
 .debug_abbrev  0x00001db1      0x214 ./Drivers/STM32F4xx_HAL_Driver/Src/stm32f4xx_hal.o
 .debug_abbrev  0x00001fc5      0x252 ./Drivers/STM32F4xx_HAL_Driver/Src/stm32f4xx_hal_adc.o
 .debug_abbrev  0x00002217      0x31d ./Drivers/STM32F4xx_HAL_Driver/Src/stm32f4xx_hal_cortex.o
 .debug_abbrev  0x00002534      0x1b1 ./Drivers/STM32F4xx_HAL_Driver/Src/stm32f4xx_hal_crc.o
 .debug_abbrev  0x000026e5      0x264 ./Drivers/STM32F4xx_HAL_Driver/Src/stm32f4xx_hal_dma.o
 .debug_abbrev  0x00002949      0x28c ./Drivers/STM32F4xx_HAL_Driver/Src/stm32f4xx_hal_flash.o
 .debug_abbrev  0x00002bd5      0x26c ./Drivers/STM32F4xx_HAL_Driver/Src/stm32f4xx_hal_flash_ex.o
 .debug_abbrev  0x00002e41      0x1d4 ./Drivers/STM32F4xx_HAL_Driver/Src/stm32f4xx_hal_gpio.o
 .debug_abbrev  0x00003015      0x2ad ./Drivers/STM32F4xx_HAL_Driver/Src/stm32f4xx_hal_i2c.o
 .debug_abbrev  0x000032c2      0x12c ./Drivers/STM32F4xx_HAL_Driver/Src/stm32f4xx_hal_iwdg.o
 .debug_abbrev  0x000033ee      0x1cf ./Drivers/STM32F4xx_HAL_Driver/Src/stm32f4xx_hal_pwr_ex.o
 .debug_abbrev  0x000035bd      0x2b7 ./Drivers/STM32F4xx_HAL_Driver/Src/stm32f4xx_hal_rcc.o
 .debug_abbrev  0x00003874      0x211 ./Drivers/STM32F4xx_HAL_Driver/Src/stm32f4xx_hal_rcc_ex.o
 .debug_abbrev  0x00003a85      0x27a ./Drivers/STM32F4xx_HAL_Driver/Src/stm32f4xx_hal_spi.o
 .debug_abbrev  0x00003cff      0x278 ./Drivers/STM32F4xx_HAL_Driver/Src/stm32f4xx_hal_tim.o
 .debug_abbrev  0x00003f77      0x283 ./Drivers/STM32F4xx_HAL_Driver/Src/stm32f4xx_hal_tim_ex.o
 .debug_abbrev  0x000041fa      0x30e ./Drivers/STM32F4xx_HAL_Driver/Src/stm32f4xx_hal_uart.o
 .debug_abbrev  0x00004508      0x3a6 ./Modules/Probe/voltage_current_probe.o
 .debug_abbrev  0x000048ae      0x1ac ./Modules/Switch/switch.o

.debug_aranges  0x00000000     0x18f8
 .debug_aranges
                0x00000000       0x28 ./Core/Common/config_app.o
 .debug_aranges
                0x00000028       0x48 ./Core/Common/configuration.o
 .debug_aranges
                0x00000070       0x28 ./Core/Common/control.o
 .debug_aranges
                0x00000098       0x40 ./Core/Common/flash_app.o
 .debug_aranges
                0x000000d8       0x58 ./Core/Common/flash_conf.o
 .debug_aranges
                0x00000130       0x20 ./Core/Common/reg_map.o
 .debug_aranges
                0x00000150       0x98 ./Core/Common/system_msp.o
 .debug_aranges
                0x000001e8       0x30 ./Core/Serial/mb_rtu_app.o
 .debug_aranges
                0x00000218       0x60 ./Core/Serial/mb_upgrade.o
 .debug_aranges
                0x00000278       0x90 ./Core/Serial/modbus_slave.o
 .debug_aranges
                0x00000308       0x98 ./Core/Src/main.o
 .debug_aranges
                0x000003a0       0x80 ./Core/Src/stm32f4xx_hal_msp.o
 .debug_aranges
                0x00000420       0x80 ./Core/Src/stm32f4xx_it.o
 .debug_aranges
                0x000004a0       0x28 ./Core/Src/system_stm32f4xx.o
 .debug_aranges
                0x000004c8       0x28 ./Core/Startup/startup_stm32f446retx.o
 .debug_aranges
                0x000004f0       0xf0 ./Drivers/STM32F4xx_HAL_Driver/Src/stm32f4xx_hal.o
 .debug_aranges
                0x000005e0       0xe8 ./Drivers/STM32F4xx_HAL_Driver/Src/stm32f4xx_hal_adc.o
 .debug_aranges
                0x000006c8      0x130 ./Drivers/STM32F4xx_HAL_Driver/Src/stm32f4xx_hal_cortex.o
 .debug_aranges
                0x000007f8       0x50 ./Drivers/STM32F4xx_HAL_Driver/Src/stm32f4xx_hal_crc.o
 .debug_aranges
                0x00000848       0x90 ./Drivers/STM32F4xx_HAL_Driver/Src/stm32f4xx_hal_dma.o
 .debug_aranges
                0x000008d8       0xa0 ./Drivers/STM32F4xx_HAL_Driver/Src/stm32f4xx_hal_flash.o
 .debug_aranges
                0x00000978       0xc8 ./Drivers/STM32F4xx_HAL_Driver/Src/stm32f4xx_hal_flash_ex.o
 .debug_aranges
                0x00000a40       0x58 ./Drivers/STM32F4xx_HAL_Driver/Src/stm32f4xx_hal_gpio.o
 .debug_aranges
                0x00000a98      0x2a8 ./Drivers/STM32F4xx_HAL_Driver/Src/stm32f4xx_hal_i2c.o
 .debug_aranges
                0x00000d40       0x28 ./Drivers/STM32F4xx_HAL_Driver/Src/stm32f4xx_hal_iwdg.o
 .debug_aranges
                0x00000d68       0x60 ./Drivers/STM32F4xx_HAL_Driver/Src/stm32f4xx_hal_pwr_ex.o
 .debug_aranges
                0x00000dc8       0x88 ./Drivers/STM32F4xx_HAL_Driver/Src/stm32f4xx_hal_rcc.o
 .debug_aranges
                0x00000e50       0x78 ./Drivers/STM32F4xx_HAL_Driver/Src/stm32f4xx_hal_rcc_ex.o
 .debug_aranges
                0x00000ec8      0x1d0 ./Drivers/STM32F4xx_HAL_Driver/Src/stm32f4xx_hal_spi.o
 .debug_aranges
                0x00001098      0x3d0 ./Drivers/STM32F4xx_HAL_Driver/Src/stm32f4xx_hal_tim.o
 .debug_aranges
                0x00001468      0x168 ./Drivers/STM32F4xx_HAL_Driver/Src/stm32f4xx_hal_tim_ex.o
 .debug_aranges
                0x000015d0      0x208 ./Drivers/STM32F4xx_HAL_Driver/Src/stm32f4xx_hal_uart.o
 .debug_aranges
                0x000017d8       0xd8 ./Modules/Probe/voltage_current_probe.o
 .debug_aranges
                0x000018b0       0x48 ./Modules/Switch/switch.o

.debug_rnglists
                0x00000000     0x136b
 .debug_rnglists
                0x00000000       0x19 ./Core/Common/config_app.o
 .debug_rnglists
                0x00000019       0x33 ./Core/Common/configuration.o
 .debug_rnglists
                0x0000004c       0x1a ./Core/Common/control.o
 .debug_rnglists
                0x00000066       0x2c ./Core/Common/flash_app.o
 .debug_rnglists
                0x00000092       0x42 ./Core/Common/flash_conf.o
 .debug_rnglists
                0x000000d4       0x14 ./Core/Common/reg_map.o
 .debug_rnglists
                0x000000e8       0x71 ./Core/Common/system_msp.o
 .debug_rnglists
                0x00000159       0x22 ./Core/Serial/mb_rtu_app.o
 .debug_rnglists
                0x0000017b       0x45 ./Core/Serial/mb_upgrade.o
 .debug_rnglists
                0x000001c0       0x6d ./Core/Serial/modbus_slave.o
 .debug_rnglists
                0x0000022d       0x72 ./Core/Src/main.o
 .debug_rnglists
                0x0000029f       0x5f ./Core/Src/stm32f4xx_hal_msp.o
 .debug_rnglists
                0x000002fe       0x5b ./Core/Src/stm32f4xx_it.o
 .debug_rnglists
                0x00000359       0x1a ./Core/Src/system_stm32f4xx.o
 .debug_rnglists
                0x00000373       0x19 ./Core/Startup/startup_stm32f446retx.o
 .debug_rnglists
                0x0000038c       0xaf ./Drivers/STM32F4xx_HAL_Driver/Src/stm32f4xx_hal.o
 .debug_rnglists
                0x0000043b       0xb5 ./Drivers/STM32F4xx_HAL_Driver/Src/stm32f4xx_hal_adc.o
 .debug_rnglists
                0x000004f0       0xe0 ./Drivers/STM32F4xx_HAL_Driver/Src/stm32f4xx_hal_cortex.o
 .debug_rnglists
                0x000005d0       0x37 ./Drivers/STM32F4xx_HAL_Driver/Src/stm32f4xx_hal_crc.o
 .debug_rnglists
                0x00000607       0x70 ./Drivers/STM32F4xx_HAL_Driver/Src/stm32f4xx_hal_dma.o
 .debug_rnglists
                0x00000677       0x78 ./Drivers/STM32F4xx_HAL_Driver/Src/stm32f4xx_hal_flash.o
 .debug_rnglists
                0x000006ef       0x96 ./Drivers/STM32F4xx_HAL_Driver/Src/stm32f4xx_hal_flash_ex.o
 .debug_rnglists
                0x00000785       0x3f ./Drivers/STM32F4xx_HAL_Driver/Src/stm32f4xx_hal_gpio.o
 .debug_rnglists
                0x000007c4      0x23c ./Drivers/STM32F4xx_HAL_Driver/Src/stm32f4xx_hal_i2c.o
 .debug_rnglists
                0x00000a00       0x1a ./Drivers/STM32F4xx_HAL_Driver/Src/stm32f4xx_hal_iwdg.o
 .debug_rnglists
                0x00000a1a       0x47 ./Drivers/STM32F4xx_HAL_Driver/Src/stm32f4xx_hal_pwr_ex.o
 .debug_rnglists
                0x00000a61       0x66 ./Drivers/STM32F4xx_HAL_Driver/Src/stm32f4xx_hal_rcc.o
 .debug_rnglists
                0x00000ac7       0x5e ./Drivers/STM32F4xx_HAL_Driver/Src/stm32f4xx_hal_rcc_ex.o
 .debug_rnglists
                0x00000b25      0x16f ./Drivers/STM32F4xx_HAL_Driver/Src/stm32f4xx_hal_spi.o
 .debug_rnglists
                0x00000c94      0x31a ./Drivers/STM32F4xx_HAL_Driver/Src/stm32f4xx_hal_tim.o
 .debug_rnglists
                0x00000fae      0x125 ./Drivers/STM32F4xx_HAL_Driver/Src/stm32f4xx_hal_tim_ex.o
 .debug_rnglists
                0x000010d3      0x1bc ./Drivers/STM32F4xx_HAL_Driver/Src/stm32f4xx_hal_uart.o
 .debug_rnglists
                0x0000128f       0xaa ./Modules/Probe/voltage_current_probe.o
 .debug_rnglists
                0x00001339       0x32 ./Modules/Switch/switch.o

.debug_macro    0x00000000    0x2892b
 .debug_macro   0x00000000      0x322 ./Core/Common/config_app.o
 .debug_macro   0x00000322      0xab4 ./Core/Common/config_app.o
 .debug_macro   0x00000dd6      0x2b9 ./Core/Common/config_app.o
 .debug_macro   0x0000108f       0x2e ./Core/Common/config_app.o
 .debug_macro   0x000010bd       0x28 ./Core/Common/config_app.o
 .debug_macro   0x000010e5       0x22 ./Core/Common/config_app.o
 .debug_macro   0x00001107       0x8e ./Core/Common/config_app.o
 .debug_macro   0x00001195       0x51 ./Core/Common/config_app.o
 .debug_macro   0x000011e6      0x103 ./Core/Common/config_app.o
 .debug_macro   0x000012e9       0x6a ./Core/Common/config_app.o
 .debug_macro   0x00001353      0x1df ./Core/Common/config_app.o
 .debug_macro   0x00001532       0x1c ./Core/Common/config_app.o
 .debug_macro   0x0000154e       0x22 ./Core/Common/config_app.o
 .debug_macro   0x00001570       0xfb ./Core/Common/config_app.o
 .debug_macro   0x0000166b     0x1011 ./Core/Common/config_app.o
 .debug_macro   0x0000267c      0x11f ./Core/Common/config_app.o
 .debug_macro   0x0000279b    0x1675e ./Core/Common/config_app.o
 .debug_macro   0x00018ef9       0x6d ./Core/Common/config_app.o
 .debug_macro   0x00018f66     0x3693 ./Core/Common/config_app.o
 .debug_macro   0x0001c5f9      0x189 ./Core/Common/config_app.o
 .debug_macro   0x0001c782       0x5c ./Core/Common/config_app.o
 .debug_macro   0x0001c7de      0xca5 ./Core/Common/config_app.o
 .debug_macro   0x0001d483      0x9e9 ./Core/Common/config_app.o
 .debug_macro   0x0001de6c      0x115 ./Core/Common/config_app.o
 .debug_macro   0x0001df81      0x1a0 ./Core/Common/config_app.o
 .debug_macro   0x0001e121       0xa5 ./Core/Common/config_app.o
 .debug_macro   0x0001e1c6      0x16d ./Core/Common/config_app.o
 .debug_macro   0x0001e333      0x287 ./Core/Common/config_app.o
 .debug_macro   0x0001e5ba       0x5f ./Core/Common/config_app.o
 .debug_macro   0x0001e619      0x236 ./Core/Common/config_app.o
 .debug_macro   0x0001e84f      0xb5b ./Core/Common/config_app.o
 .debug_macro   0x0001f3aa      0x38b ./Core/Common/config_app.o
 .debug_macro   0x0001f735      0x17d ./Core/Common/config_app.o
 .debug_macro   0x0001f8b2       0xf9 ./Core/Common/config_app.o
 .debug_macro   0x0001f9ab       0x22 ./Core/Common/config_app.o
 .debug_macro   0x0001f9cd      0x132 ./Core/Common/config_app.o
 .debug_macro   0x0001faff      0x29c ./Core/Common/config_app.o
 .debug_macro   0x0001fd9b       0x2e ./Core/Common/config_app.o
 .debug_macro   0x0001fdc9      0x1b5 ./Core/Common/config_app.o
 .debug_macro   0x0001ff7e       0x22 ./Core/Common/config_app.o
 .debug_macro   0x0001ffa0       0xd6 ./Core/Common/config_app.o
 .debug_macro   0x00020076       0x78 ./Core/Common/config_app.o
 .debug_macro   0x000200ee      0x127 ./Core/Common/config_app.o
 .debug_macro   0x00020215       0xe8 ./Core/Common/config_app.o
 .debug_macro   0x000202fd       0x89 ./Core/Common/config_app.o
 .debug_macro   0x00020386      0x225 ./Core/Common/config_app.o
 .debug_macro   0x000205ab      0x8ed ./Core/Common/config_app.o
 .debug_macro   0x00020e98       0x53 ./Core/Common/config_app.o
 .debug_macro   0x00020eeb      0x2aa ./Core/Common/config_app.o
 .debug_macro   0x00021195      0x126 ./Core/Common/config_app.o
 .debug_macro   0x000212bb       0x61 ./Core/Common/config_app.o
 .debug_macro   0x0002131c       0x2a ./Core/Common/config_app.o
 .debug_macro   0x00021346       0x43 ./Core/Common/config_app.o
 .debug_macro   0x00021389       0x34 ./Core/Common/config_app.o
 .debug_macro   0x000213bd       0x16 ./Core/Common/config_app.o
 .debug_macro   0x000213d3       0x43 ./Core/Common/config_app.o
 .debug_macro   0x00021416       0x34 ./Core/Common/config_app.o
 .debug_macro   0x0002144a       0x10 ./Core/Common/config_app.o
 .debug_macro   0x0002145a       0x58 ./Core/Common/config_app.o
 .debug_macro   0x000214b2       0x8e ./Core/Common/config_app.o
 .debug_macro   0x00021540       0x1c ./Core/Common/config_app.o
 .debug_macro   0x0002155c      0x177 ./Core/Common/config_app.o
 .debug_macro   0x000216d3      0x369 ./Core/Common/config_app.o
 .debug_macro   0x00021a3c       0x10 ./Core/Common/config_app.o
 .debug_macro   0x00021a4c       0x35 ./Core/Common/config_app.o
 .debug_macro   0x00021a81       0x20 ./Core/Common/config_app.o
 .debug_macro   0x00021aa1       0x9d ./Core/Common/config_app.o
 .debug_macro   0x00021b3e      0x106 ./Core/Common/config_app.o
 .debug_macro   0x00021c44       0x7f ./Core/Common/config_app.o
 .debug_macro   0x00021cc3      0x32c ./Core/Common/configuration.o
 .debug_macro   0x00021fef      0x370 ./Core/Common/control.o